{"phases":[{"communications":[{"bytes":58151.0,"from":{"collection_id":3,"home":1,"id":786439,"index":[1,2],"migratable":true,"type":"object"},"messages":25,"to":{"home":1,"id":4325376028,"migratable":false,"objgroup_id":1081344003,"type":"object"},"type":"SendRecv"},{"bytes":212.0,"from":{"home":1,"id":4325376028,"migratable":false,"objgroup_id":1081344003,"type":"object"},"messages":1,"to":{"collection_id":3,"home":1,"id":786439,"index":[1,2],"migratable":true,"type":"object"},"type":"SendRecv"},{"bytes":376.0,"from":{"home":0,"id":1,"migratable":false,"type":"object"},"messages":2,"to":{"collection_id":3,"home":1,"id":786439,"index":[1,2],"migratable":true,"type":"object"},"type":"Broadcast"},{"bytes":376.0,"from":{"home":0,"id":1,"migratable":false,"type":"object"},"messages":2,"to":{"collection_id":3,"home":1,"id":1310727,"index":[1,4],"migratable":true,"type":"object"},"type":"Broadcast"},{"bytes":212.0,"from":{"home":1,"id":4325376028,"migratable":false,"objgroup_id":1081344003,"type":"object"},"messages":1,"to":{"collection_id":3,"home":1,"id":1310727,"index":[1,4],"migratable":true,"type":"object"},"type":"SendRecv"},{"bytes":8799.0,"from":{"collection_id":3,"home":1,"id":1310727,"index":[1,4],"migratable":true,"type":"object"},"messages":25,"to":{"home":1,"id":4325376028,"migratable":false,"objgroup_id":1081344003,"type":"object"},"type":"SendRecv"},{"bytes":168.0,"from":{"collection_id":3,"home":1,"id":1310727,"index":[1,4],"migratable":true,"type":"object"},"messages":1,"to":{"home":1,"id":4322230300,"migratable":false,"objgroup_id":1080557571,"type":"object"},"type":"SendRecv"},{"bytes":8663.0,"from":{"collection_id":3,"home":1,"id":1572871,"index":[1,5],"migratable":true,"type":"object"},"messages":25,"to":{"home":1,"id":4325376028,"migratable":false,"objgroup_id":1081344003,"type":"object"},"type":"SendRecv"},{"bytes":212.0,"from":{"home":1,"id":4325376028,"migratable":false,"objgroup_id":1081344003,"type":"object"},"messages":1,"to":{"collection_id":3,"home":1,"id":1572871,"index":[1,5],"migratable":true,"type":"object"},"type":"SendRecv"},{"bytes":376.0,"from":{"home":0,"id":1,"migratable":false,"type":"object"},"messages":2,"to":{"collection_id":3,"home":1,"id":1572871,"index":[1,5],"migratable":true,"type":"object"},"type":"Broadcast"},{"bytes":212.0,"from":{"home":1,"id":4325376028,"migratable":false,"objgroup_id":1081344003,"type":"object"},"messages":1,"to":{"collection_id":3,"home":1,"id":1835015,"index":[1,6],"migratable":true,"type":"object"},"type":"SendRecv"},{"bytes":53551.0,"from":{"collection_id":3,"home":1,"id":1835015,"index":[1,6],"migratable":true,"type":"object"},"messages":25,"to":{"home":1,"id":4325376028,"migratable":false,"objgroup_id":1081344003,"type":"object"},"type":"SendRecv"},{"bytes":376.0,"from":{"home":0,"id":1,"migratable":false,"type":"object"},"messages":2,"to":{"collection_id":3,"home":1,"id":1835015,"index":[1,6],"migratable":true,"type":"object"},"type":"Broadcast"},{"bytes":376.0,"from":{"home":0,"id":1,"migratable":false,"type":"object"},"messages":2,"to":{"collection_id":3,"home":1,"id":2097159,"index":[1,7],"migratable":true,"type":"object"},"type":"Broadcast"},{"bytes":58783.0,"from":{"collection_id":3,"home":1,"id":2097159,"index":[1,7],"migratable":true,"type":"object"},"messages":25,"to":{"home":1,"id":4325376028,"migratable":false,"objgroup_id":1081344003,"type":"object"},"type":"SendRecv"},{"bytes":212.0,"from":{"home":1,"id":4325376028,"migratable":false,"objgroup_id":1081344003,"type":"object"},"messages":1,"to":{"collection_id":3,"home":1,"id":2097159,"index":[1,7],"migratable":true,"type":"object"},"type":"SendRecv"},{"bytes":640.0,"from":{"home":1,"id":5,"migratable":false,"type":"object"},"messages":8,"to":{"home":4,"id":17,"migratable":false,"type":"object"},"type":"SendRecv"},{"bytes":168.0,"from":{"collection_id":3,"home":1,"id":786439,"index":[1,2],"migratable":true,"type":"object"},"messages":1,"to":{"collection_id":3,"home":1,"id":786439,"index":[1,2],"migratable":true,"type":"object"},"type":"SendRecv"},{"bytes":168.0,"from":{"collection_id":3,"home":1,"id":1310727,"index":[1,4],"migratable":true,"type":"object"},"messages":1,"to":{"collection_id":3,"home":1,"id":1310727,"index":[1,4],"migratable":true,"type":"object"},"type":"SendRecv"},{"bytes":168.0,"from":{"collection_id":3,"home":1,"id":1572871,"index":[1,5],"migratable":true,"type":"object"},"messages":1,"to":{"collection_id":3,"home":1,"id":1572871,"index":[1,5],"migratable":true,"type":"object"},"type":"SendRecv"},{"bytes":168.0,"from":{"collection_id":3,"home":1,"id":1835015,"index":[1,6],"migratable":true,"type":"object"},"messages":1,"to":{"collection_id":3,"home":1,"id":1835015,"index":[1,6],"migratable":true,"type":"object"},"type":"SendRecv"},{"bytes":168.0,"from":{"collection_id":3,"home":1,"id":2097159,"index":[1,7],"migratable":true,"type":"object"},"messages":1,"to":{"collection_id":3,"home":1,"id":2097159,"index":[1,7],"migratable":true,"type":"object"},"type":"SendRecv"},{"bytes":168.0,"from":{"collection_id":3,"home":1,"id":524295,"index":[1,1],"migratable":true,"type":"object"},"messages":1,"to":{"collection_id":3,"home":1,"id":524295,"index":[1,1],"migratable":true,"type":"object"},"type":"SendRecv"},{"bytes":168.0,"from":{"collection_id":3,"home":1,"id":262151,"index":[1,0],"migratable":true,"type":"object"},"messages":1,"to":{"collection_id":3,"home":1,"id":262151,"index":[1,0],"migratable":true,"type":"object"},"type":"SendRecv"},{"bytes":168.0,"from":{"collection_id":3,"home":1,"id":1048583,"index":[1,3],"migratable":true,"type":"object"},"messages":1,"to":{"collection_id":3,"home":1,"id":1048583,"index":[1,3],"migratable":true,"type":"object"},"type":"SendRecv"},{"bytes":77047.0,"from":{"collection_id":3,"home":1,"id":1048583,"index":[1,3],"migratable":true,"type":"object"},"messages":25,"to":{"home":1,"id":4325376028,"migratable":false,"objgroup_id":1081344003,"type":"object"},"type":"SendRecv"},{"bytes":212.0,"from":{"home":1,"id":4325376028,"migratable":false,"objgroup_id":1081344003,"type":"object"},"messages":1,"to":{"collection_id":3,"home":1,"id":1048583,"index":[1,3],"migratable":true,"type":"object"},"type":"SendRecv"},{"bytes":640.0,"from":{"home":1,"id":5,"migratable":false,"type":"object"},"messages":8,"to":{"home":3,"id":13,"migratable":false,"type":"object"},"type":"SendRecv"},{"bytes":9360.0,"from":{"home":1,"id":5,"migratable":false,"type":"object"},"messages":121,"to":{"home":0,"id":1,"migratable":false,"type":"object"},"type":"SendRecv"},{"bytes":376.0,"from":{"home":0,"id":1,"migratable":false,"type":"object"},"messages":2,"to":{"collection_id":3,"home":1,"id":524295,"index":[1,1],"migratable":true,"type":"object"},"type":"Broadcast"},{"bytes":212.0,"from":{"home":1,"id":4325376028,"migratable":false,"objgroup_id":1081344003,"type":"object"},"messages":1,"to":{"collection_id":3,"home":1,"id":524295,"index":[1,1],"migratable":true,"type":"object"},"type":"SendRecv"},{"bytes":39623.0,"from":{"collection_id":3,"home":1,"id":524295,"index":[1,1],"migratable":true,"type":"object"},"messages":25,"to":{"home":1,"id":4325376028,"migratable":false,"objgroup_id":1081344003,"type":"object"},"type":"SendRecv"},{"bytes":376.0,"from":{"home":0,"id":1,"migratable":false,"type":"object"},"messages":2,"to":{"collection_id":3,"home":1,"id":262151,"index":[1,0],"migratable":true,"type":"object"},"type":"Broadcast"},{"bytes":212.0,"from":{"home":1,"id":4325376028,"migratable":false,"objgroup_id":1081344003,"type":"object"},"messages":1,"to":{"collection_id":3,"home":1,"id":262151,"index":[1,0],"migratable":true,"type":"object"},"type":"SendRecv"},{"bytes":32911.0,"from":{"collection_id":3,"home":1,"id":262151,"index":[1,0],"migratable":true,"type":"object"},"messages":25,"to":{"home":1,"id":4325376028,"migratable":false,"objgroup_id":1081344003,"type":"object"},"type":"SendRecv"},{"bytes":376.0,"from":{"home":0,"id":1,"migratable":false,"type":"object"},"messages":2,"to":{"collection_id":3,"home":1,"id":1048583,"index":[1,3],"migratable":true,"type":"object"},"type":"Broadcast"}],"id":3,"tasks":[{"entity":{"collection_id":3,"home":1,"id":786439,"index":[1,2],"migratable":true,"type":"object"},"node":1,"resource":"cpu","subphases":[{"id":0,"time":1.8369999992273733e-06},{"id":1,"time":3.9814999993836864e-05},{"id":2,"time":2.0957000003818393e-05},{"id":3,"time":0.0001930340000058095},{"id":4,"time":3.773299999210167e-05},{"id":5,"time":0.000244894000005047},{"id":6,"time":1.642999997386596e-06},{"id":7,"time":5.310500000632601e-05},{"id":8,"time":3.167999999220683e-06},{"id":9,"time":6.535000004248559e-06},{"id":10,"time":0.00020914800001037293},{"id":11,"time":0.0008021459999980607},{"id":12,"time":1.6569999985449613e-06},{"id":13,"time":4.2309999983558555e-06}],"time":0.0016278110000129686},{"entity":{"collection_id":3,"home":1,"id":1572871,"index":[1,5],"migratable":true,"type":"object"},"node":1,"resource":"cpu","subphases":[{"id":0,"time":1.4439999986848306e-06},{"id":1,"time":3.8911999993729296e-05},{"id":2,"time":6.917999996858271e-06},{"id":3,"time":0.00019495199999397528},{"id":4,"time":4.001599999270411e-05},{"id":5,"time":0.00026679300000864714},{"id":6,"time":1.5360000062969448e-06},{"id":7,"time":4.126599999665359e-05},{"id":8,"time":1.6010000010169279e-06},{"id":9,"time":5.745000002832512e-06},{"id":10,"time":0.00022566399999845999},{"id":11,"time":0.0007563740000122721},{"id":12,"time":1.5100000041456951e-06},{"id":13,"time":3.237000001377055e-06}],"time":0.0015946890000080316},{"entity":{"collection_id":3,"home":1,"id":1048583,"index":[1,3],"migratable":true,"type":"object"},"node":1,"resource":"cpu","subphases":[{"id":0,"time":1.676000003669742e-06},{"id":1,"time":3.6612999998908435e-05},{"id":2,"time":9.104000007198465e-06},{"id":3,"time":0.0002034549999834212},{"id":4,"time":4.25269999979605e-05},{"id":5,"time":0.00025612099999960947},{"id":6,"time":1.5880000034940167e-06},{"id":7,"time":3.8851999981659446e-05},{"id":8,"time":1.5290000021650485e-06},{"id":9,"time":5.496999996523755e-06},{"id":10,"time":0.00019804899999797954},{"id":11,"time":0.0007801619999980858},{"id":12,"time":1.4519999993467536e-06},{"id":13,"time":3.4980000052087235e-06}],"time":0.0015916069999803995},{"entity":{"collection_id":3,"home":1,"id":262151,"index":[1,0],"migratable":true,"type":"object"},"node":1,"resource":"cpu","subphases":[{"id":0,"time":1.5390000029924522e-06},{"id":1,"time":3.620399999704205e-05},{"id":2,"time":1.5750000002867637e-05},{"id":3,"time":0.00020208100001184448},{"id":4,"time":4.697200000691737e-05},{"id":5,"time":0.00027488100000283566},{"id":6,"time":1.4710000044715343e-06},{"id":7,"time":3.8256999999930486e-05},{"id":8,"time":1.6649999992068842e-06},{"id":9,"time":5.559000001653658e-06},{"id":10,"time":0.00019777499998951953},{"id":11,"time":0.0007421990000082701},{"id":12,"time":1.5030000000137989e-06},{"id":13,"time":3.5340000010819494e-06}],"time":0.0015802010000314226},{"entity":{"home":1,"id":4325376028,"migratable":false,"objgroup_id":1081344003,"type":"object"},"node":1,"resource":"cpu","subphases":[{"id":0,"time":0.0019296689999706018}],"time":0.0019296689999706018},{"entity":{"home":1,"id":4323278876,"migratable":false,"objgroup_id":1080819715,"type":"object"},"node":1,"resource":"cpu","time":0.0},{"entity":{"home":1,"id":4322230300,"migratable":false,"objgroup_id":1080557571,"type":"object"},"node":1,"resource":"cpu","subphases":[{"id":0,"time":3.984999999318006e-06}],"time":3.984999999318006e-06},{"entity":{"home":1,"id":5,"migratable":false,"type":"object"},"node":1,"resource":"cpu","subphases":[{"id":0,"time":0.0014568020000496062}],"time":0.0014568020000496062},{"entity":{"home":1,"id":4304404508,"migratable":false,"objgroup_id":1076101123,"type":"object"},"node":1,"resource":"cpu","time":0.0},{"entity":{"collection_id":3,"home":1,"id":1310727,"index":[1,4],"migratable":true,"type":"object"},"node":1,"resource":"cpu","subphases":[{"id":0,"time":1.8810000028679497e-06},{"id":1,"time":3.801499999411817e-05},{"id":2,"time":7.04400000017813e-06},{"id":3,"time":0.00018694599999946604},{"id":4,"time":4.800599999299493e-05},{"id":5,"time":0.0002671230000004243},{"id":6,"time":1.509000000510241e-06},{"id":7,"time":3.815199999479546e-05},{"id":8,"time":1.6759999965643146e-06},{"id":9,"time":5.678999997371648e-06},{"id":10,"time":0.00020674499998563078},{"id":11,"time":0.000757257999993044},{"id":12,"time":1.4949999993518759e-06},{"id":13,"time":3.786000000616241e-06}],"time":0.0015744539999644758},{"entity":{"home":1,"id":4308598812,"migratable":false,"objgroup_id":1077149699,"type":"object"},"node":1,"resource":"cpu","time":0.0},{"entity":{"collection_id":3,"home":1,"id":1835015,"index":[1,6],"migratable":true,"type":"object"},"node":1,"resource":"cpu","subphases":[{"id":0,"time":1.9860000008975476e-06},{"id":1,"time":3.9176999997891926e-05},{"id":2,"time":8.305000001485041e-06},{"id":3,"time":0.00018234799999561346},{"id":4,"time":4.2282999991982706e-05},{"id":5,"time":0.00025286799999690857},{"id":6,"time":1.6109999947389042e-06},{"id":7,"time":3.993700000393119e-05},{"id":8,"time":1.5640000015082478e-06},{"id":9,"time":6.781000003286408e-06},{"id":10,"time":0.00021864500000390308},{"id":11,"time":0.0007528640000060705},{"id":12,"time":1.5320000059659833e-06},{"id":13,"time":3.6499999964689778e-06}],"time":0.0015637760000046796},{"entity":{"home":1,"id":4297064476,"migratable":false,"objgroup_id":1074266115,"type":"object"},"node":1,"resource":"cpu","time":0.0},{"entity":{"collection_id":3,"home":1,"id":2097159,"index":[1,7],"migratable":true,"type":"object"},"node":1,"resource":"cpu","subphases":[{"id":0,"time":2.5469999940241905e-06},{"id":1,"time":3.7902999999062104e-05},{"id":2,"time":6.536000007884013e-06},{"id":3,"time":0.00022834499999646596},{"id":4,"time":8.637199998418055e-05},{"id":5,"time":0.0003034049999968147},{"id":6,"time":1.5220000051385796e-06},{"id":7,"time":3.75859999977024e-05},{"id":8,"time":1.5480000001844019e-06},{"id":9,"time":5.381999997666753e-06},{"id":10,"time":0.0001976750000096672},{"id":11,"time":0.0007716260000023567},{"id":12,"time":1.5430000033234137e-06},{"id":13,"time":3.888000001950331e-06}],"time":0.0017057459999918478},{"entity":{"collection_id":3,"home":1,"id":524295,"index":[1,1],"migratable":true,"type":"object"},"node":1,"resource":"cpu","subphases":[{"id":0,"time":1.8269999983999696e-06},{"id":1,"time":5.186399999956848e-05},{"id":2,"time":7.009000000834931e-06},{"id":3,"time":0.00021489000000229908},{"id":4,"time":5.884499999098125e-05},{"id":5,"time":0.00025500400001021717},{"id":6,"time":2.8950000015015576e-06},{"id":7,"time":3.915399999954161e-05},{"id":8,"time":1.6259999995327235e-06},{"id":9,"time":9.931000001017765e-06},{"id":10,"time":0.00022477100000628525},{"id":11,"time":0.0007577940000018657},{"id":12,"time":3.0579999972246696e-06},{"id":13,"time":5.900000004999129e-06}],"time":0.0016470570000066687}]},{"communications":[{"bytes":32911.0,"from":{"collection_id":3,"home":1,"id":262151,"index":[1,0],"migratable":true,"type":"object"},"messages":25,"to":{"home":1,"id":4325376028,"migratable":false,"objgroup_id":1081344003,"type":"object"},"type":"SendRecv"},{"bytes":212.0,"from":{"home":1,"id":4325376028,"migratable":false,"objgroup_id":1081344003,"type":"object"},"messages":1,"to":{"collection_id":3,"home":1,"id":262151,"index":[1,0],"migratable":true,"type":"object"},"type":"SendRecv"},{"bytes":376.0,"from":{"home":0,"id":1,"migratable":false,"type":"object"},"messages":2,"to":{"collection_id":3,"home":1,"id":262151,"index":[1,0],"migratable":true,"type":"object"},"type":"Broadcast"},{"bytes":8799.0,"from":{"collection_id":3,"home":1,"id":1310727,"index":[1,4],"migratable":true,"type":"object"},"messages":25,"to":{"home":1,"id":4325376028,"migratable":false,"objgroup_id":1081344003,"type":"object"},"type":"SendRecv"},{"bytes":212.0,"from":{"home":1,"id":4325376028,"migratable":false,"objgroup_id":1081344003,"type":"object"},"messages":1,"to":{"collection_id":3,"home":1,"id":1310727,"index":[1,4],"migratable":true,"type":"object"},"type":"SendRecv"},{"bytes":376.0,"from":{"home":0,"id":1,"migratable":false,"type":"object"},"messages":2,"to":{"collection_id":3,"home":1,"id":1310727,"index":[1,4],"migratable":true,"type":"object"},"type":"Broadcast"},{"bytes":53551.0,"from":{"collection_id":3,"home":1,"id":1835015,"index":[1,6],"migratable":true,"type":"object"},"messages":25,"to":{"home":1,"id":4325376028,"migratable":false,"objgroup_id":1081344003,"type":"object"},"type":"SendRecv"},{"bytes":212.0,"from":{"home":1,"id":4325376028,"migratable":false,"objgroup_id":1081344003,"type":"object"},"messages":1,"to":{"collection_id":3,"home":1,"id":1835015,"index":[1,6],"migratable":true,"type":"object"},"type":"SendRecv"},{"bytes":77047.0,"from":{"collection_id":3,"home":1,"id":1048583,"index":[1,3],"migratable":true,"type":"object"},"messages":25,"to":{"home":1,"id":4325376028,"migratable":false,"objgroup_id":1081344003,"type":"object"},"type":"SendRecv"},{"bytes":212.0,"from":{"home":1,"id":4325376028,"migratable":false,"objgroup_id":1081344003,"type":"object"},"messages":1,"to":{"collection_id":3,"home":1,"id":1048583,"index":[1,3],"migratable":true,"type":"object"},"type":"SendRecv"},{"bytes":212.0,"from":{"home":1,"id":4325376028,"migratable":false,"objgroup_id":1081344003,"type":"object"},"messages":1,"to":{"collection_id":3,"home":1,"id":1572871,"index":[1,5],"migratable":true,"type":"object"},"type":"SendRecv"},{"bytes":8663.0,"from":{"collection_id":3,"home":1,"id":1572871,"index":[1,5],"migratable":true,"type":"object"},"messages":25,"to":{"home":1,"id":4325376028,"migratable":false,"objgroup_id":1081344003,"type":"object"},"type":"SendRecv"},{"bytes":376.0,"from":{"home":0,"id":1,"migratable":false,"type":"object"},"messages":2,"to":{"collection_id":3,"home":1,"id":1572871,"index":[1,5],"migratable":true,"type":"object"},"type":"Broadcast"},{"bytes":376.0,"from":{"home":0,"id":1,"migratable":false,"type":"object"},"messages":2,"to":{"collection_id":3,"home":1,"id":2097159,"index":[1,7],"migratable":true,"type":"object"},"type":"Broadcast"},{"bytes":58783.0,"from":{"collection_id":3,"home":1,"id":2097159,"index":[1,7],"migratable":true,"type":"object"},"messages":25,"to":{"home":1,"id":4325376028,"migratable":false,"objgroup_id":1081344003,"type":"object"},"type":"SendRecv"},{"bytes":212.0,"from":{"home":1,"id":4325376028,"migratable":false,"objgroup_id":1081344003,"type":"object"},"messages":1,"to":{"collection_id":3,"home":1,"id":2097159,"index":[1,7],"migratable":true,"type":"object"},"type":"SendRecv"},{"bytes":640.0,"from":{"home":1,"id":5,"migratable":false,"type":"object"},"messages":8,"to":{"home":4,"id":17,"migratable":false,"type":"object"},"type":"SendRecv"},{"bytes":168.0,"from":{"collection_id":3,"home":1,"id":262151,"index":[1,0],"migratable":true,"type":"object"},"messages":1,"to":{"collection_id":3,"home":1,"id":262151,"index":[1,0],"migratable":true,"type":"object"},"type":"SendRecv"},{"bytes":168.0,"from":{"collection_id":3,"home":1,"id":1310727,"index":[1,4],"migratable":true,"type":"object"},"messages":1,"to":{"collection_id":3,"home":1,"id":1310727,"index":[1,4],"migratable":true,"type":"object"},"type":"SendRecv"},{"bytes":168.0,"from":{"collection_id":3,"home":1,"id":1835015,"index":[1,6],"migratable":true,"type":"object"},"messages":1,"to":{"collection_id":3,"home":1,"id":1835015,"index":[1,6],"migratable":true,"type":"object"},"type":"SendRecv"},{"bytes":168.0,"from":{"collection_id":3,"home":1,"id":1572871,"index":[1,5],"migratable":true,"type":"object"},"messages":1,"to":{"collection_id":3,"home":1,"id":1572871,"index":[1,5],"migratable":true,"type":"object"},"type":"SendRecv"},{"bytes":168.0,"from":{"collection_id":3,"home":1,"id":2097159,"index":[1,7],"migratable":true,"type":"object"},"messages":1,"to":{"collection_id":3,"home":1,"id":2097159,"index":[1,7],"migratable":true,"type":"object"},"type":"SendRecv"},{"bytes":168.0,"from":{"collection_id":3,"home":1,"id":786439,"index":[1,2],"migratable":true,"type":"object"},"messages":1,"to":{"collection_id":3,"home":1,"id":786439,"index":[1,2],"migratable":true,"type":"object"},"type":"SendRecv"},{"bytes":168.0,"from":{"collection_id":3,"home":1,"id":524295,"index":[1,1],"migratable":true,"type":"object"},"messages":1,"to":{"collection_id":3,"home":1,"id":524295,"index":[1,1],"migratable":true,"type":"object"},"type":"SendRecv"},{"bytes":168.0,"from":{"collection_id":3,"home":1,"id":1048583,"index":[1,3],"migratable":true,"type":"object"},"messages":1,"to":{"collection_id":3,"home":1,"id":1048583,"index":[1,3],"migratable":true,"type":"object"},"type":"SendRecv"},{"bytes":640.0,"from":{"home":1,"id":5,"migratable":false,"type":"object"},"messages":8,"to":{"home":3,"id":13,"migratable":false,"type":"object"},"type":"SendRecv"},{"bytes":9576.0,"from":{"home":1,"id":5,"migratable":false,"type":"object"},"messages":124,"to":{"home":0,"id":1,"migratable":false,"type":"object"},"type":"SendRecv"},{"bytes":376.0,"from":{"home":0,"id":1,"migratable":false,"type":"object"},"messages":2,"to":{"collection_id":3,"home":1,"id":786439,"index":[1,2],"migratable":true,"type":"object"},"type":"Broadcast"},{"bytes":212.0,"from":{"home":1,"id":4325376028,"migratable":false,"objgroup_id":1081344003,"type":"object"},"messages":1,"to":{"collection_id":3,"home":1,"id":786439,"index":[1,2],"migratable":true,"type":"object"},"type":"SendRecv"},{"bytes":58151.0,"from":{"collection_id":3,"home":1,"id":786439,"index":[1,2],"migratable":true,"type":"object"},"messages":25,"to":{"home":1,"id":4325376028,"migratable":false,"objgroup_id":1081344003,"type":"object"},"type":"SendRecv"},{"bytes":376.0,"from":{"home":0,"id":1,"migratable":false,"type":"object"},"messages":2,"to":{"collection_id":3,"home":1,"id":1835015,"index":[1,6],"migratable":true,"type":"object"},"type":"Broadcast"},{"bytes":168.0,"from":{"collection_id":3,"home":1,"id":524295,"index":[1,1],"migratable":true,"type":"object"},"messages":1,"to":{"home":1,"id":4322230300,"migratable":false,"objgroup_id":1080557571,"type":"object"},"type":"SendRecv"},{"bytes":39623.0,"from":{"collection_id":3,"home":1,"id":524295,"index":[1,1],"migratable":true,"type":"object"},"messages":25,"to":{"home":1,"id":4325376028,"migratable":false,"objgroup_id":1081344003,"type":"object"},"type":"SendRecv"},{"bytes":212.0,"from":{"home":1,"id":4325376028,"migratable":false,"objgroup_id":1081344003,"type":"object"},"messages":1,"to":{"collection_id":3,"home":1,"id":524295,"index":[1,1],"migratable":true,"type":"object"},"type":"SendRecv"},{"bytes":376.0,"from":{"home":0,"id":1,"migratable":false,"type":"object"},"messages":2,"to":{"collection_id":3,"home":1,"id":524295,"index":[1,1],"migratable":true,"type":"object"},"type":"Broadcast"},{"bytes":376.0,"from":{"home":0,"id":1,"migratable":false,"type":"object"},"messages":2,"to":{"collection_id":3,"home":1,"id":1048583,"index":[1,3],"migratable":true,"type":"object"},"type":"Broadcast"}],"id":4,"tasks":[{"entity":{"collection_id":3,"home":1,"id":262151,"index":[1,0],"migratable":true,"type":"object"},"node":1,"resource":"cpu","subphases":[{"id":0,"time":1.6489999978830383e-06},{"id":1,"time":3.604599999817992e-05},{"id":2,"time":7.135999993579389e-06},{"id":3,"time":0.00019242699999466595},{"id":4,"time":3.79729999977485e-05},{"id":5,"time":0.00028364700000338416},{"id":6,"time":1.4620000001741573e-06},{"id":7,"time":3.654299998601118e-05},{"id":8,"time":1.5179999977021907e-06},{"id":9,"time":5.543000000329812e-06},{"id":10,"time":0.00020424299999888262},{"id":11,"time":0.0007674299999891332},{"id":12,"time":1.621999999201762e-06},{"id":13,"time":3.6110000039002443e-06}],"time":0.0015902469999673485},{"entity":{"collection_id":3,"home":1,"id":1048583,"index":[1,3],"migratable":true,"type":"object"},"node":1,"resource":"cpu","subphases":[{"id":0,"time":1.810000000546097e-06},{"id":1,"time":3.649699999641598e-05},{"id":2,"time":6.530000007387571e-06},{"id":3,"time":0.00019092000000853204},{"id":4,"time":4.001000000641852e-05},{"id":5,"time":0.00027847900000210757},{"id":6,"time":1.4680000006705995e-06},{"id":7,"time":5.094299999797158e-05},{"id":8,"time":1.4230000004999965e-06},{"id":9,"time":6.838000004449896e-06},{"id":10,"time":0.00019694899999933568},{"id":11,"time":0.000789584999999704},{"id":12,"time":1.4399999983538692e-06},{"id":13,"time":3.5179999997581035e-06}],"time":0.0016166900000271767},{"entity":{"collection_id":3,"home":1,"id":524295,"index":[1,1],"migratable":true,"type":"object"},"node":1,"resource":"cpu","subphases":[{"id":0,"time":2.037000001564593e-06},{"id":1,"time":5.0607000005697955e-05},{"id":2,"time":1.545599999985825e-05},{"id":3,"time":0.00023386999999530644},{"id":4,"time":6.190799999927776e-05},{"id":5,"time":0.00026664699999656705},{"id":6,"time":2.7799999955391286e-06},{"id":7,"time":5.5703000001017244e-05},{"id":8,"time":2.825000002815159e-06},{"id":9,"time":5.395000002295092e-06},{"id":10,"time":0.00022419900000159032},{"id":11,"time":0.0007532810000085988},{"id":12,"time":3.3199999975863648e-06},{"id":13,"time":5.52800000264142e-06}],"time":0.0016958930000043893},{"entity":{"home":1,"id":4325376028,"migratable":false,"objgroup_id":1081344003,"type":"object"},"node":1,"resource":"cpu","subphases":[{"id":0,"time":0.0019184580000484175}],"time":0.0019184580000484175},{"entity":{"home":1,"id":4323278876,"migratable":false,"objgroup_id":1080819715,"type":"object"},"node":1,"resource":"cpu","time":0.0},{"entity":{"home":1,"id":4322230300,"migratable":false,"objgroup_id":1080557571,"type":"object"},"node":1,"resource":"cpu","subphases":[{"id":0,"time":3.988999999648968e-06}],"time":3.988999999648968e-06},{"entity":{"collection_id":3,"home":1,"id":1572871,"index":[1,5],"migratable":true,"type":"object"},"node":1,"resource":"cpu","subphases":[{"id":0,"time":1.7240000005358525e-06},{"id":1,"time":3.821399999992536e-05},{"id":2,"time":6.609999999795946e-06},{"id":3,"time":0.00018395699999729231},{"id":4,"time":4.8835000001190565e-05},{"id":5,"time":0.0002759420000089108},{"id":6,"time":1.5749999988656782e-06},{"id":7,"time":3.820899999595895e-05},{"id":8,"time":1.5350000026614907e-06},{"id":9,"time":6.292999998436244e-06},{"id":10,"time":0.00021386400000267258},{"id":11,"time":0.000743755999998541},{"id":12,"time":1.5150000010066833e-06},{"id":13,"time":3.698000007545943e-06}],"time":0.0015747910000101228},{"entity":{"home":1,"id":5,"migratable":false,"type":"object"},"node":1,"resource":"cpu","subphases":[{"id":0,"time":0.0014972500000638433}],"time":0.0014972500000638433},{"entity":{"collection_id":3,"home":1,"id":786439,"index":[1,2],"migratable":true,"type":"object"},"node":1,"resource":"cpu","subphases":[{"id":0,"time":1.6349999967246731e-06},{"id":1,"time":4.108999999630214e-05},{"id":2,"time":8.121000000471668e-06},{"id":3,"time":0.00017761299999818903},{"id":4,"time":4.822200000376142e-05},{"id":5,"time":0.0002313579999864146},{"id":6,"time":1.5699999948992627e-06},{"id":7,"time":4.415699999782419e-05},{"id":8,"time":1.6029999940769812e-06},{"id":9,"time":9.771999998520187e-06},{"id":10,"time":0.0002119740000097181},{"id":11,"time":0.0007734440000035647},{"id":12,"time":1.6649999992068842e-06},{"id":13,"time":4.128000000491738e-06}],"time":0.0015647649999834812},{"entity":{"home":1,"id":4304404508,"migratable":false,"objgroup_id":1076101123,"type":"object"},"node":1,"resource":"cpu","time":0.0},{"entity":{"collection_id":3,"home":1,"id":1310727,"index":[1,4],"migratable":true,"type":"object"},"node":1,"resource":"cpu","subphases":[{"id":0,"time":1.729000004502268e-06},{"id":1,"time":3.844300000110934e-05},{"id":2,"time":6.846000005111819e-06},{"id":3,"time":0.00019049500001244724},{"id":4,"time":4.0042000009066214e-05},{"id":5,"time":0.0002582320000001914},{"id":6,"time":1.470999997366107e-06},{"id":7,"time":4.1010000003893765e-05},{"id":8,"time":1.4780000014980033e-06},{"id":9,"time":5.58499999669948e-06},{"id":10,"time":0.0002141730000104758},{"id":11,"time":0.0007439980000114588},{"id":12,"time":1.4819999947235374e-06},{"id":13,"time":3.5820000050534873e-06}],"time":0.0015578250000487515},{"entity":{"home":1,"id":4308598812,"migratable":false,"objgroup_id":1077149699,"type":"object"},"node":1,"resource":"cpu","time":0.0},{"entity":{"collection_id":3,"home":1,"id":1835015,"index":[1,6],"migratable":true,"type":"object"},"node":1,"resource":"cpu","subphases":[{"id":0,"time":2.381000001605571e-06},{"id":1,"time":3.850799999582932e-05},{"id":2,"time":8.4139999998456e-06},{"id":3,"time":0.00017024000000986916},{"id":4,"time":3.749700000099665e-05},{"id":5,"time":0.0002633049999971604},{"id":6,"time":1.5930000003550049e-06},{"id":7,"time":3.890100000347729e-05},{"id":8,"time":1.541000003157933e-06},{"id":9,"time":6.263999999589487e-06},{"id":10,"time":0.0002160630000105357},{"id":11,"time":0.0007673279999949045},{"id":12,"time":1.4589999963732225e-06},{"id":13,"time":3.82099999995944e-06}],"time":0.0015679710000142677},{"entity":{"home":1,"id":4297064476,"migratable":false,"objgroup_id":1074266115,"type":"object"},"node":1,"resource":"cpu","time":0.0},{"entity":{"collection_id":3,"home":1,"id":2097159,"index":[1,7],"migratable":true,"type":"object"},"node":1,"resource":"cpu","subphases":[{"id":0,"time":1.801999999884174e-06},{"id":1,"time":3.696800000341227e-05},{"id":2,"time":2.130499998997948e-05},{"id":3,"time":0.00021612700000162022},{"id":4,"time":8.621200000646922e-05},{"id":5,"time":0.00030533399999654876},{"id":6,"time":1.6050000013478893e-06},{"id":7,"time":3.7763000001689306e-05},{"id":8,"time":1.4809999981935107e-06},{"id":9,"time":5.745999999362539e-06},{"id":10,"time":0.00019589800000829882},{"id":11,"time":0.0007742840000020124},{"id":12,"time":1.562000001342767e-06},{"id":13,"time":4.1130000028033464e-06}],"time":0.0017108380000152579}]}],"type":"LBDatafile"}