{"phases":[{"communications":[{"bytes":8799.0,"from":{"collection_id":3,"home":0,"seq_id":1572867,"index":[0,5],"migratable":true,"type":"object"},"messages":25,"to":{"home":0,"seq_id":4325376012,"migratable":false,"objgroup_id":1081344003,"type":"object"},"type":"SendRecv"},{"bytes":212.0,"from":{"home":0,"seq_id":4325376012,"migratable":false,"objgroup_id":1081344003,"type":"object"},"messages":1,"to":{"collection_id":3,"home":0,"seq_id":1572867,"index":[0,5],"migratable":true,"type":"object"},"type":"SendRecv"},{"bytes":376.0,"from":{"home":0,"seq_id":1,"migratable":false,"type":"object"},"messages":2,"to":{"collection_id":3,"home":0,"seq_id":1572867,"index":[0,5],"migratable":true,"type":"object"},"type":"Broadcast"},{"bytes":376.0,"from":{"home":0,"seq_id":1,"migratable":false,"type":"object"},"messages":2,"to":{"collection_id":3,"home":0,"seq_id":2097155,"index":[0,7],"migratable":true,"type":"object"},"type":"Broadcast"},{"bytes":8663.0,"from":{"collection_id":3,"home":0,"seq_id":1310723,"index":[0,4],"migratable":true,"type":"object"},"messages":25,"to":{"home":0,"seq_id":4325376012,"migratable":false,"objgroup_id":1081344003,"type":"object"},"type":"SendRecv"},{"bytes":212.0,"from":{"home":0,"seq_id":4325376012,"migratable":false,"objgroup_id":1081344003,"type":"object"},"messages":1,"to":{"collection_id":3,"home":0,"seq_id":1310723,"index":[0,4],"migratable":true,"type":"object"},"type":"SendRecv"},{"bytes":376.0,"from":{"home":0,"seq_id":1,"migratable":false,"type":"object"},"messages":2,"to":{"collection_id":3,"home":0,"seq_id":1310723,"index":[0,4],"migratable":true,"type":"object"},"type":"Broadcast"},{"bytes":77047.0,"from":{"collection_id":3,"home":0,"seq_id":786435,"index":[0,2],"migratable":true,"type":"object"},"messages":25,"to":{"home":0,"seq_id":4325376012,"migratable":false,"objgroup_id":1081344003,"type":"object"},"type":"SendRecv"},{"bytes":212.0,"from":{"home":0,"seq_id":4325376012,"migratable":false,"objgroup_id":1081344003,"type":"object"},"messages":1,"to":{"collection_id":3,"home":0,"seq_id":786435,"index":[0,2],"migratable":true,"type":"object"},"type":"SendRecv"},{"bytes":212.0,"from":{"home":0,"seq_id":4325376012,"migratable":false,"objgroup_id":1081344003,"type":"object"},"messages":1,"to":{"collection_id":3,"home":0,"seq_id":524291,"index":[0,1],"migratable":true,"type":"object"},"type":"SendRecv"},{"bytes":33031.0,"from":{"collection_id":3,"home":0,"seq_id":524291,"index":[0,1],"migratable":true,"type":"object"},"messages":25,"to":{"home":0,"seq_id":4325376012,"migratable":false,"objgroup_id":1081344003,"type":"object"},"type":"SendRecv"},{"bytes":168.0,"from":{"collection_id":3,"home":0,"seq_id":524291,"index":[0,1],"migratable":true,"type":"object"},"messages":1,"to":{"home":0,"seq_id":4322230284,"migratable":false,"objgroup_id":1080557571,"type":"object"},"type":"SendRecv"},{"bytes":58663.0,"from":{"collection_id":3,"home":0,"seq_id":1835011,"index":[0,6],"migratable":true,"type":"object"},"messages":25,"to":{"home":0,"seq_id":4325376012,"migratable":false,"objgroup_id":1081344003,"type":"object"},"type":"SendRecv"},{"bytes":212.0,"from":{"home":0,"seq_id":4325376012,"migratable":false,"objgroup_id":1081344003,"type":"object"},"messages":1,"to":{"collection_id":3,"home":0,"seq_id":1835011,"index":[0,6],"migratable":true,"type":"object"},"type":"SendRecv"},{"bytes":7792.0,"from":{"home":0,"seq_id":1,"migratable":false,"type":"object"},"messages":117,"to":{"home":1,"seq_id":5,"migratable":false,"type":"object"},"type":"SendRecv"},{"bytes":376.0,"from":{"home":0,"seq_id":1,"migratable":false,"type":"object"},"messages":2,"to":{"collection_id":3,"home":0,"seq_id":1835011,"index":[0,6],"migratable":true,"type":"object"},"type":"Broadcast"},{"bytes":168.0,"from":{"collection_id":3,"home":0,"seq_id":1572867,"index":[0,5],"migratable":true,"type":"object"},"messages":1,"to":{"collection_id":3,"home":0,"seq_id":1572867,"index":[0,5],"migratable":true,"type":"object"},"type":"SendRecv"},{"bytes":168.0,"from":{"collection_id":3,"home":0,"seq_id":2097155,"index":[0,7],"migratable":true,"type":"object"},"messages":1,"to":{"collection_id":3,"home":0,"seq_id":2097155,"index":[0,7],"migratable":true,"type":"object"},"type":"SendRecv"},{"bytes":168.0,"from":{"collection_id":3,"home":0,"seq_id":1310723,"index":[0,4],"migratable":true,"type":"object"},"messages":1,"to":{"collection_id":3,"home":0,"seq_id":1310723,"index":[0,4],"migratable":true,"type":"object"},"type":"SendRecv"},{"bytes":880.0,"from":{"home":0,"seq_id":1,"migratable":false,"type":"object"},"messages":9,"to":{"home":0,"seq_id":1,"migratable":false,"type":"object"},"type":"SendRecv"},{"bytes":168.0,"from":{"collection_id":3,"home":0,"seq_id":1835011,"index":[0,6],"migratable":true,"type":"object"},"messages":1,"to":{"collection_id":3,"home":0,"seq_id":1835011,"index":[0,6],"migratable":true,"type":"object"},"type":"SendRecv"},{"bytes":168.0,"from":{"collection_id":3,"home":0,"seq_id":524291,"index":[0,1],"migratable":true,"type":"object"},"messages":1,"to":{"collection_id":3,"home":0,"seq_id":524291,"index":[0,1],"migratable":true,"type":"object"},"type":"SendRecv"},{"bytes":168.0,"from":{"collection_id":3,"home":0,"seq_id":1048579,"index":[0,3],"migratable":true,"type":"object"},"messages":1,"to":{"collection_id":3,"home":0,"seq_id":1048579,"index":[0,3],"migratable":true,"type":"object"},"type":"SendRecv"},{"bytes":168.0,"from":{"collection_id":3,"home":0,"seq_id":262147,"index":[0,0],"migratable":true,"type":"object"},"messages":1,"to":{"collection_id":3,"home":0,"seq_id":262147,"index":[0,0],"migratable":true,"type":"object"},"type":"SendRecv"},{"bytes":168.0,"from":{"collection_id":3,"home":0,"seq_id":786435,"index":[0,2],"migratable":true,"type":"object"},"messages":1,"to":{"collection_id":3,"home":0,"seq_id":786435,"index":[0,2],"migratable":true,"type":"object"},"type":"SendRecv"},{"bytes":53551.0,"from":{"collection_id":3,"home":0,"seq_id":2097155,"index":[0,7],"migratable":true,"type":"object"},"messages":25,"to":{"home":0,"seq_id":4325376012,"migratable":false,"objgroup_id":1081344003,"type":"object"},"type":"SendRecv"},{"bytes":212.0,"from":{"home":0,"seq_id":4325376012,"migratable":false,"objgroup_id":1081344003,"type":"object"},"messages":1,"to":{"collection_id":3,"home":0,"seq_id":2097155,"index":[0,7],"migratable":true,"type":"object"},"type":"SendRecv"},{"bytes":7792.0,"from":{"home":0,"seq_id":1,"migratable":false,"type":"object"},"messages":117,"to":{"home":2,"seq_id":9,"migratable":false,"type":"object"},"type":"SendRecv"},{"bytes":376.0,"from":{"home":0,"seq_id":1,"migratable":false,"type":"object"},"messages":2,"to":{"collection_id":3,"home":0,"seq_id":1048579,"index":[0,3],"migratable":true,"type":"object"},"type":"Broadcast"},{"bytes":376.0,"from":{"home":0,"seq_id":1,"migratable":false,"type":"object"},"messages":2,"to":{"collection_id":3,"home":0,"seq_id":524291,"index":[0,1],"migratable":true,"type":"object"},"type":"Broadcast"},{"bytes":212.0,"from":{"home":0,"seq_id":4325376012,"migratable":false,"objgroup_id":1081344003,"type":"object"},"messages":1,"to":{"collection_id":3,"home":0,"seq_id":1048579,"index":[0,3],"migratable":true,"type":"object"},"type":"SendRecv"},{"bytes":58151.0,"from":{"collection_id":3,"home":0,"seq_id":1048579,"index":[0,3],"migratable":true,"type":"object"},"messages":25,"to":{"home":0,"seq_id":4325376012,"migratable":false,"objgroup_id":1081344003,"type":"object"},"type":"SendRecv"},{"bytes":376.0,"from":{"home":0,"seq_id":1,"migratable":false,"type":"object"},"messages":2,"to":{"collection_id":3,"home":0,"seq_id":262147,"index":[0,0],"migratable":true,"type":"object"},"type":"Broadcast"},{"bytes":212.0,"from":{"home":0,"seq_id":4325376012,"migratable":false,"objgroup_id":1081344003,"type":"object"},"messages":1,"to":{"collection_id":3,"home":0,"seq_id":262147,"index":[0,0],"migratable":true,"type":"object"},"type":"SendRecv"},{"bytes":39623.0,"from":{"collection_id":3,"home":0,"seq_id":262147,"index":[0,0],"migratable":true,"type":"object"},"messages":25,"to":{"home":0,"seq_id":4325376012,"migratable":false,"objgroup_id":1081344003,"type":"object"},"type":"SendRecv"},{"bytes":376.0,"from":{"home":0,"seq_id":1,"migratable":false,"type":"object"},"messages":2,"to":{"collection_id":3,"home":0,"seq_id":786435,"index":[0,2],"migratable":true,"type":"object"},"type":"Broadcast"}],"id":3,"tasks":[{"entity":{"collection_id":3,"home":0,"seq_id":1572867,"index":[0,5],"migratable":true,"type":"object"},"node":0,"resource":"cpu","subphases":[{"id":0,"time":1.5460000000189211e-06},{"id":1,"time":4.103500000240956e-05},{"id":2,"time":7.189000001517343e-06},{"id":3,"time":0.00020121399999339928},{"id":4,"time":6.517300000297155e-05},{"id":5,"time":0.00030179899999183135},{"id":6,"time":1.5549999972108708e-06},{"id":7,"time":4.0127000005441005e-05},{"id":8,"time":1.5869999998585627e-06},{"id":9,"time":6.680999995012371e-06},{"id":10,"time":0.00020881000000372296},{"id":11,"time":0.0007848490000057495},{"id":12,"time":1.5190000013376448e-06},{"id":13,"time":4.547999999715557e-06}],"time":0.001676126999996086},{"entity":{"collection_id":3,"home":0,"seq_id":2097155,"index":[0,7],"migratable":true,"type":"object"},"node":0,"resource":"cpu","subphases":[{"id":0,"time":2.209000001585082e-06},{"id":1,"time":4.105700000422985e-05},{"id":2,"time":6.974000001491731e-06},{"id":3,"time":0.00016950699999540575},{"id":4,"time":7.490299999091121e-05},{"id":5,"time":0.00025354600000326855},{"id":6,"time":1.567999994733782e-06},{"id":7,"time":3.9057000002173936e-05},{"id":8,"time":1.5450000034888944e-06},{"id":9,"time":5.174000001773038e-06},{"id":10,"time":0.000186375000005512},{"id":11,"time":0.0007952019999919457},{"id":12,"time":1.5749999988656782e-06},{"id":13,"time":3.7519999978030683e-06}],"time":0.0015914959999960843},{"entity":{"collection_id":3,"home":0,"seq_id":1310723,"index":[0,4],"migratable":true,"type":"object"},"node":0,"resource":"cpu","subphases":[{"id":0,"time":2.1249999946348908e-06},{"id":1,"time":3.9028999999857206e-05},{"id":2,"time":6.822999999656076e-06},{"id":3,"time":0.00019642100000538676},{"id":4,"time":5.257499999800075e-05},{"id":5,"time":0.0002508059999968282},{"id":6,"time":1.5019999963783448e-06},{"id":7,"time":3.782900000715017e-05},{"id":8,"time":1.4760000013325225e-06},{"id":9,"time":4.949000000920023e-06},{"id":10,"time":0.0001920380000015598},{"id":11,"time":0.000766354000006686},{"id":12,"time":1.5570000044817789e-06},{"id":13,"time":3.8820000085593165e-06}],"time":0.0015670230000282004},{"entity":{"collection_id":3,"home":0,"seq_id":262147,"index":[0,0],"migratable":true,"type":"object"},"node":0,"resource":"cpu","subphases":[{"id":0,"time":1.964999995607286e-06},{"id":1,"time":5.46159999998963e-05},{"id":2,"time":1.6186000003415302e-05},{"id":3,"time":0.0001996949999849562},{"id":4,"time":4.093599999777098e-05},{"id":5,"time":0.00028083399999445646},{"id":6,"time":1.6370000039955812e-06},{"id":7,"time":5.765499999910162e-05},{"id":8,"time":1.4969999995173566e-06},{"id":9,"time":9.705999993059322e-06},{"id":10,"time":0.00021527999999193526},{"id":11,"time":0.0007704919999937943},{"id":12,"time":3.1179999950836645e-06},{"id":13,"time":3.6909999963086193e-06}],"time":0.0016769999999510787},{"entity":{"home":0,"seq_id":4325376012,"migratable":false,"objgroup_id":1081344003,"type":"object"},"node":0,"resource":"cpu","subphases":[{"id":0,"time":0.002000583999972605}],"time":0.002000583999972605},{"entity":{"home":0,"seq_id":1,"migratable":false,"type":"object"},"node":0,"resource":"cpu","subphases":[{"id":0,"time":0.0017802050000028657}],"time":0.0017802050000028657},{"entity":{"collection_id":3,"home":0,"seq_id":786435,"index":[0,2],"migratable":true,"type":"object"},"node":0,"resource":"cpu","subphases":[{"id":0,"time":1.879000002702469e-06},{"id":1,"time":4.0284000000667675e-05},{"id":2,"time":9.458999997491446e-06},{"id":3,"time":0.00019164099999358086},{"id":4,"time":5.222800000126426e-05},{"id":5,"time":0.0002680159999997045},{"id":6,"time":1.5119999972057485e-06},{"id":7,"time":3.9200000010453095e-05},{"id":8,"time":1.6570000056503886e-06},{"id":9,"time":5.342999997992592e-06},{"id":10,"time":0.00019033600000284423},{"id":11,"time":0.0007944030000004432},{"id":12,"time":1.5600000011772863e-06},{"id":13,"time":3.868000000295524e-06}],"time":0.001612915000009707},{"entity":{"home":0,"seq_id":4322230284,"migratable":false,"objgroup_id":1080557571,"type":"object"},"node":0,"resource":"cpu","subphases":[{"id":0,"time":4.220999997528452e-06}],"time":4.220999997528452e-06},{"entity":{"collection_id":3,"home":0,"seq_id":524291,"index":[0,1],"migratable":true,"type":"object"},"node":0,"resource":"cpu","subphases":[{"id":0,"time":1.826000001869943e-06},{"id":1,"time":4.2671999999299715e-05},{"id":2,"time":6.84199999767543e-06},{"id":3,"time":0.00019618999999693187},{"id":4,"time":6.3941999989936e-05},{"id":5,"time":0.0002710579999956053},{"id":6,"time":3.2529999955954736e-06},{"id":7,"time":4.495499999279673e-05},{"id":8,"time":2.83800000033807e-06},{"id":9,"time":6.2209999995843646e-06},{"id":10,"time":0.00019772899999992433},{"id":11,"time":0.0008132369999955813},{"id":12,"time":1.650999998048519e-06},{"id":13,"time":6.492000004243437e-06}],"time":0.001673082999957387},{"entity":{"home":0,"seq_id":4308598796,"migratable":false,"objgroup_id":1077149699,"type":"object"},"node":0,"resource":"cpu","time":0.0},{"entity":{"home":0,"seq_id":4297064460,"migratable":false,"objgroup_id":1074266115,"type":"object"},"node":0,"resource":"cpu","time":0.0},{"entity":{"home":0,"seq_id":4323278860,"migratable":false,"objgroup_id":1080819715,"type":"object"},"node":0,"resource":"cpu","time":0.0},{"entity":{"collection_id":3,"home":0,"seq_id":1835011,"index":[0,6],"migratable":true,"type":"object"},"node":0,"resource":"cpu","subphases":[{"id":0,"time":1.8220000015389815e-06},{"id":1,"time":4.225200000718132e-05},{"id":2,"time":7.971999991696066e-06},{"id":3,"time":0.00018331500000101641},{"id":4,"time":3.964100000075632e-05},{"id":5,"time":0.0002839329999986262},{"id":6,"time":1.6050000013478893e-06},{"id":7,"time":4.128100000855284e-05},{"id":8,"time":1.605999997877916e-06},{"id":9,"time":5.842000000200187e-06},{"id":10,"time":0.00020499200001466988},{"id":11,"time":0.0007891619999966792},{"id":12,"time":1.7340000013632562e-06},{"id":13,"time":3.5089999954607265e-06}],"time":0.0016302960000160738},{"entity":{"home":0,"seq_id":4304404492,"migratable":false,"objgroup_id":1076101123,"type":"object"},"node":0,"resource":"cpu","time":0.0},{"entity":{"collection_id":3,"home":0,"seq_id":1048579,"index":[0,3],"migratable":true,"type":"object"},"node":0,"resource":"cpu","subphases":[{"id":0,"time":1.5820000029975745e-06},{"id":1,"time":4.062000000004673e-05},{"id":2,"time":8.755999999721098e-06},{"id":3,"time":0.00019255800000905765},{"id":4,"time":4.11289999959763e-05},{"id":5,"time":0.00025479500000358257},{"id":6,"time":1.5669999982037552e-06},{"id":7,"time":5.637299999250445e-05},{"id":8,"time":1.4370000016583617e-06},{"id":9,"time":5.588999997030442e-06},{"id":10,"time":0.0002017830000013987},{"id":11,"time":0.0007866360000008399},{"id":12,"time":1.5900000036594975e-06},{"id":13,"time":3.571999997120656e-06}],"time":0.0016076480000037918}]},{"communications":[{"bytes":8799.0,"from":{"collection_id":3,"home":0,"seq_id":1572867,"index":[0,5],"migratable":true,"type":"object"},"messages":25,"to":{"home":0,"seq_id":4325376012,"migratable":false,"objgroup_id":1081344003,"type":"object"},"type":"SendRecv"},{"bytes":212.0,"from":{"home":0,"seq_id":4325376012,"migratable":false,"objgroup_id":1081344003,"type":"object"},"messages":1,"to":{"collection_id":3,"home":0,"seq_id":1572867,"index":[0,5],"migratable":true,"type":"object"},"type":"SendRecv"},{"bytes":376.0,"from":{"home":0,"seq_id":1,"migratable":false,"type":"object"},"messages":2,"to":{"collection_id":3,"home":0,"seq_id":1572867,"index":[0,5],"migratable":true,"type":"object"},"type":"Broadcast"},{"bytes":376.0,"from":{"home":0,"seq_id":1,"migratable":false,"type":"object"},"messages":2,"to":{"collection_id":3,"home":0,"seq_id":2097155,"index":[0,7],"migratable":true,"type":"object"},"type":"Broadcast"},{"bytes":8663.0,"from":{"collection_id":3,"home":0,"seq_id":1310723,"index":[0,4],"migratable":true,"type":"object"},"messages":25,"to":{"home":0,"seq_id":4325376012,"migratable":false,"objgroup_id":1081344003,"type":"object"},"type":"SendRecv"},{"bytes":212.0,"from":{"home":0,"seq_id":4325376012,"migratable":false,"objgroup_id":1081344003,"type":"object"},"messages":1,"to":{"collection_id":3,"home":0,"seq_id":1310723,"index":[0,4],"migratable":true,"type":"object"},"type":"SendRecv"},{"bytes":376.0,"from":{"home":0,"seq_id":1,"migratable":false,"type":"object"},"messages":2,"to":{"collection_id":3,"home":0,"seq_id":1310723,"index":[0,4],"migratable":true,"type":"object"},"type":"Broadcast"},{"bytes":77047.0,"from":{"collection_id":3,"home":0,"seq_id":786435,"index":[0,2],"migratable":true,"type":"object"},"messages":25,"to":{"home":0,"seq_id":4325376012,"migratable":false,"objgroup_id":1081344003,"type":"object"},"type":"SendRecv"},{"bytes":212.0,"from":{"home":0,"seq_id":4325376012,"migratable":false,"objgroup_id":1081344003,"type":"object"},"messages":1,"to":{"collection_id":3,"home":0,"seq_id":786435,"index":[0,2],"migratable":true,"type":"object"},"type":"SendRecv"},{"bytes":168.0,"from":{"collection_id":3,"home":0,"seq_id":1572867,"index":[0,5],"migratable":true,"type":"object"},"messages":1,"to":{"collection_id":3,"home":0,"seq_id":1572867,"index":[0,5],"migratable":true,"type":"object"},"type":"SendRecv"},{"bytes":168.0,"from":{"collection_id":3,"home":0,"seq_id":2097155,"index":[0,7],"migratable":true,"type":"object"},"messages":1,"to":{"collection_id":3,"home":0,"seq_id":2097155,"index":[0,7],"migratable":true,"type":"object"},"type":"SendRecv"},{"bytes":168.0,"from":{"collection_id":3,"home":0,"seq_id":1310723,"index":[0,4],"migratable":true,"type":"object"},"messages":1,"to":{"collection_id":3,"home":0,"seq_id":1310723,"index":[0,4],"migratable":true,"type":"object"},"type":"SendRecv"},{"bytes":168.0,"from":{"collection_id":3,"home":0,"seq_id":524291,"index":[0,1],"migratable":true,"type":"object"},"messages":1,"to":{"collection_id":3,"home":0,"seq_id":524291,"index":[0,1],"migratable":true,"type":"object"},"type":"SendRecv"},{"bytes":168.0,"from":{"collection_id":3,"home":0,"seq_id":1835011,"index":[0,6],"migratable":true,"type":"object"},"messages":1,"to":{"collection_id":3,"home":0,"seq_id":1835011,"index":[0,6],"migratable":true,"type":"object"},"type":"SendRecv"},{"bytes":880.0,"from":{"home":0,"seq_id":1,"migratable":false,"type":"object"},"messages":9,"to":{"home":0,"seq_id":1,"migratable":false,"type":"object"},"type":"SendRecv"},{"bytes":168.0,"from":{"collection_id":3,"home":0,"seq_id":1048579,"index":[0,3],"migratable":true,"type":"object"},"messages":1,"to":{"collection_id":3,"home":0,"seq_id":1048579,"index":[0,3],"migratable":true,"type":"object"},"type":"SendRecv"},{"bytes":168.0,"from":{"collection_id":3,"home":0,"seq_id":262147,"index":[0,0],"migratable":true,"type":"object"},"messages":1,"to":{"collection_id":3,"home":0,"seq_id":262147,"index":[0,0],"migratable":true,"type":"object"},"type":"SendRecv"},{"bytes":168.0,"from":{"collection_id":3,"home":0,"seq_id":786435,"index":[0,2],"migratable":true,"type":"object"},"messages":1,"to":{"collection_id":3,"home":0,"seq_id":786435,"index":[0,2],"migratable":true,"type":"object"},"type":"SendRecv"},{"bytes":168.0,"from":{"collection_id":3,"home":0,"seq_id":1835011,"index":[0,6],"migratable":true,"type":"object"},"messages":1,"to":{"home":0,"seq_id":4322230284,"migratable":false,"objgroup_id":1080557571,"type":"object"},"type":"SendRecv"},{"bytes":376.0,"from":{"home":0,"seq_id":1,"migratable":false,"type":"object"},"messages":2,"to":{"collection_id":3,"home":0,"seq_id":524291,"index":[0,1],"migratable":true,"type":"object"},"type":"Broadcast"},{"bytes":53551.0,"from":{"collection_id":3,"home":0,"seq_id":2097155,"index":[0,7],"migratable":true,"type":"object"},"messages":25,"to":{"home":0,"seq_id":4325376012,"migratable":false,"objgroup_id":1081344003,"type":"object"},"type":"SendRecv"},{"bytes":212.0,"from":{"home":0,"seq_id":4325376012,"migratable":false,"objgroup_id":1081344003,"type":"object"},"messages":1,"to":{"collection_id":3,"home":0,"seq_id":2097155,"index":[0,7],"migratable":true,"type":"object"},"type":"SendRecv"},{"bytes":7984.0,"from":{"home":0,"seq_id":1,"migratable":false,"type":"object"},"messages":120,"to":{"home":2,"seq_id":9,"migratable":false,"type":"object"},"type":"SendRecv"},{"bytes":376.0,"from":{"home":0,"seq_id":1,"migratable":false,"type":"object"},"messages":2,"to":{"collection_id":3,"home":0,"seq_id":1048579,"index":[0,3],"migratable":true,"type":"object"},"type":"Broadcast"},{"bytes":7984.0,"from":{"home":0,"seq_id":1,"migratable":false,"type":"object"},"messages":120,"to":{"home":1,"seq_id":5,"migratable":false,"type":"object"},"type":"SendRecv"},{"bytes":212.0,"from":{"home":0,"seq_id":4325376012,"migratable":false,"objgroup_id":1081344003,"type":"object"},"messages":1,"to":{"collection_id":3,"home":0,"seq_id":1835011,"index":[0,6],"migratable":true,"type":"object"},"type":"SendRecv"},{"bytes":58663.0,"from":{"collection_id":3,"home":0,"seq_id":1835011,"index":[0,6],"migratable":true,"type":"object"},"messages":25,"to":{"home":0,"seq_id":4325376012,"migratable":false,"objgroup_id":1081344003,"type":"object"},"type":"SendRecv"},{"bytes":376.0,"from":{"home":0,"seq_id":1,"migratable":false,"type":"object"},"messages":2,"to":{"collection_id":3,"home":0,"seq_id":1835011,"index":[0,6],"migratable":true,"type":"object"},"type":"Broadcast"},{"bytes":212.0,"from":{"home":0,"seq_id":4325376012,"migratable":false,"objgroup_id":1081344003,"type":"object"},"messages":1,"to":{"collection_id":3,"home":0,"seq_id":524291,"index":[0,1],"migratable":true,"type":"object"},"type":"SendRecv"},{"bytes":33031.0,"from":{"collection_id":3,"home":0,"seq_id":524291,"index":[0,1],"migratable":true,"type":"object"},"messages":25,"to":{"home":0,"seq_id":4325376012,"migratable":false,"objgroup_id":1081344003,"type":"object"},"type":"SendRecv"},{"bytes":212.0,"from":{"home":0,"seq_id":4325376012,"migratable":false,"objgroup_id":1081344003,"type":"object"},"messages":1,"to":{"collection_id":3,"home":0,"seq_id":1048579,"index":[0,3],"migratable":true,"type":"object"},"type":"SendRecv"},{"bytes":58151.0,"from":{"collection_id":3,"home":0,"seq_id":1048579,"index":[0,3],"migratable":true,"type":"object"},"messages":25,"to":{"home":0,"seq_id":4325376012,"migratable":false,"objgroup_id":1081344003,"type":"object"},"type":"SendRecv"},{"bytes":376.0,"from":{"home":0,"seq_id":1,"migratable":false,"type":"object"},"messages":2,"to":{"collection_id":3,"home":0,"seq_id":262147,"index":[0,0],"migratable":true,"type":"object"},"type":"Broadcast"},{"bytes":212.0,"from":{"home":0,"seq_id":4325376012,"migratable":false,"objgroup_id":1081344003,"type":"object"},"messages":1,"to":{"collection_id":3,"home":0,"seq_id":262147,"index":[0,0],"migratable":true,"type":"object"},"type":"SendRecv"},{"bytes":39623.0,"from":{"collection_id":3,"home":0,"seq_id":262147,"index":[0,0],"migratable":true,"type":"object"},"messages":25,"to":{"home":0,"seq_id":4325376012,"migratable":false,"objgroup_id":1081344003,"type":"object"},"type":"SendRecv"},{"bytes":376.0,"from":{"home":0,"seq_id":1,"migratable":false,"type":"object"},"messages":2,"to":{"collection_id":3,"home":0,"seq_id":786435,"index":[0,2],"migratable":true,"type":"object"},"type":"Broadcast"}],"id":4,"tasks":[{"entity":{"collection_id":3,"home":0,"seq_id":1572867,"index":[0,5],"migratable":true,"type":"object"},"node":0,"resource":"cpu","subphases":[{"id":0,"time":1.5259999983641137e-06},{"id":1,"time":4.115899999845851e-05},{"id":2,"time":6.554999998797939e-06},{"id":3,"time":0.0001868759999936742},{"id":4,"time":5.9364999998479107e-05},{"id":5,"time":0.00031804199999641014},{"id":6,"time":1.5310000023305292e-06},{"id":7,"time":4.6988000008241215e-05},{"id":8,"time":1.5379999993569982e-06},{"id":9,"time":6.5760000040882005e-06},{"id":10,"time":0.00018816900001183967},{"id":11,"time":0.0007517289999938725},{"id":12,"time":1.6709999997033265e-06},{"id":13,"time":4.596000003687095e-06}],"time":0.0016260400000049913},{"entity":{"collection_id":3,"home":0,"seq_id":2097155,"index":[0,7],"migratable":true,"type":"object"},"node":0,"resource":"cpu","subphases":[{"id":0,"time":2.1210000014093566e-06},{"id":1,"time":3.970499999894628e-05},{"id":2,"time":8.987999990495155e-06},{"id":3,"time":0.00018299699999602126},{"id":4,"time":7.463900000459489e-05},{"id":5,"time":0.0002713390000081972},{"id":6,"time":1.5829999995276012e-06},{"id":7,"time":3.911099999243106e-05},{"id":8,"time":1.5600000011772863e-06},{"id":9,"time":5.130000005237889e-06},{"id":10,"time":0.00018645100000469483},{"id":11,"time":0.0007868189999911124},{"id":12,"time":1.5219999980331522e-06},{"id":13,"time":3.853000002607132e-06}],"time":0.0016152069999932905},{"entity":{"collection_id":3,"home":0,"seq_id":1310723,"index":[0,4],"migratable":true,"type":"object"},"node":0,"resource":"cpu","subphases":[{"id":0,"time":1.5959999970505123e-06},{"id":1,"time":3.738000000197417e-05},{"id":2,"time":6.732999992209443e-06},{"id":3,"time":0.00018814599999217307},{"id":4,"time":4.2956999998011725e-05},{"id":5,"time":0.00022985300000044617},{"id":6,"time":1.5329999953905826e-06},{"id":7,"time":4.2100000001710214e-05},{"id":8,"time":1.4610000036441306e-06},{"id":9,"time":5.377999997335792e-06},{"id":10,"time":0.00021068800000278998},{"id":11,"time":0.0007822970000077589},{"id":12,"time":1.60700000151337e-06},{"id":13,"time":4.072999999493732e-06}],"time":0.001565852999995343},{"entity":{"collection_id":3,"home":0,"seq_id":262147,"index":[0,0],"migratable":true,"type":"object"},"node":0,"resource":"cpu","subphases":[{"id":0,"time":1.6569999985449613e-06},{"id":1,"time":5.3397999998594514e-05},{"id":2,"time":6.731999995679416e-06},{"id":3,"time":0.00018825699999780454},{"id":4,"time":4.553200000145807e-05},{"id":5,"time":0.00028338700000318795},{"id":6,"time":3.0869999960714267e-06},{"id":7,"time":3.912599999722488e-05},{"id":8,"time":3.073000002018489e-06},{"id":9,"time":1.030600000007098e-05},{"id":10,"time":0.00022838900000721196},{"id":11,"time":0.0007994489999987309},{"id":12,"time":3.147000001035849e-06},{"id":13,"time":3.6799999918457615e-06}],"time":0.0016803439999932834},{"entity":{"home":0,"seq_id":4325376012,"migratable":false,"objgroup_id":1081344003,"type":"object"},"node":0,"resource":"cpu","subphases":[{"id":0,"time":0.0020048080000449886}],"time":0.0020048080000449886},{"entity":{"home":0,"seq_id":1,"migratable":false,"type":"object"},"node":0,"resource":"cpu","subphases":[{"id":0,"time":0.001820155999936901}],"time":0.001820155999936901},{"entity":{"collection_id":3,"home":0,"seq_id":786435,"index":[0,2],"migratable":true,"type":"object"},"node":0,"resource":"cpu","subphases":[{"id":0,"time":2.131999998766787e-06},{"id":1,"time":3.8139999993802576e-05},{"id":2,"time":8.945999994125486e-06},{"id":3,"time":0.0001929459999843175},{"id":4,"time":4.192400000135876e-05},{"id":5,"time":0.0002636120000047981},{"id":6,"time":1.5950000005204856e-06},{"id":7,"time":3.830500000390202e-05},{"id":8,"time":1.578000002666613e-06},{"id":9,"time":5.4609999935451015e-06},{"id":10,"time":0.0002070310000021891},{"id":11,"time":0.0007966599999917889},{"id":12,"time":1.5879999963885894e-06},{"id":13,"time":4.1249999966908035e-06}],"time":0.0016157119999675729},{"entity":{"home":0,"seq_id":4322230284,"migratable":false,"objgroup_id":1080557571,"type":"object"},"node":0,"resource":"cpu","subphases":[{"id":0,"time":4.7130000027095775e-06}],"time":4.7130000027095775e-06},{"entity":{"collection_id":3,"home":0,"seq_id":524291,"index":[0,1],"migratable":true,"type":"object"},"node":0,"resource":"cpu","subphases":[{"id":0,"time":1.9860000008975476e-06},{"id":1,"time":4.232000000570224e-05},{"id":2,"time":1.62219999921831e-05},{"id":3,"time":0.00021670200000301065},{"id":4,"time":6.101100001387749e-05},{"id":5,"time":0.0002743509999945104},{"id":6,"time":1.6270000031681775e-06},{"id":7,"time":5.749199999627308e-05},{"id":8,"time":1.575999995395705e-06},{"id":9,"time":6.181000003380177e-06},{"id":10,"time":0.00020000899999672583},{"id":11,"time":0.0007783529999940697},{"id":12,"time":1.6030000011824086e-06},{"id":13,"time":6.2119999952869875e-06}],"time":0.0016813409999869577},{"entity":{"home":0,"seq_id":4308598796,"migratable":false,"objgroup_id":1077149699,"type":"object"},"node":0,"resource":"cpu","time":0.0},{"entity":{"home":0,"seq_id":4297064460,"migratable":false,"objgroup_id":1074266115,"type":"object"},"node":0,"resource":"cpu","time":0.0},{"entity":{"home":0,"seq_id":4323278860,"migratable":false,"objgroup_id":1080819715,"type":"object"},"node":0,"resource":"cpu","time":0.0},{"entity":{"collection_id":3,"home":0,"seq_id":1835011,"index":[0,6],"migratable":true,"type":"object"},"node":0,"resource":"cpu","subphases":[{"id":0,"time":1.7240000005358525e-06},{"id":1,"time":3.983000000573611e-05},{"id":2,"time":7.615999997767631e-06},{"id":3,"time":0.00018183600000298838},{"id":4,"time":5.0544999993462625e-05},{"id":5,"time":0.00026119300000715384},{"id":6,"time":1.658999998710442e-06},{"id":7,"time":3.942899999742622e-05},{"id":8,"time":1.57000000200469e-06},{"id":9,"time":5.7929999996986226e-06},{"id":10,"time":0.0002103379999880417},{"id":11,"time":0.0007829260000136173},{"id":12,"time":1.6350000038301005e-06},{"id":13,"time":3.616999997291259e-06}],"time":0.0016131830000105651},{"entity":{"home":0,"seq_id":4304404492,"migratable":false,"objgroup_id":1076101123,"type":"object"},"node":0,"resource":"cpu","time":0.0},{"entity":{"collection_id":3,"home":0,"seq_id":1048579,"index":[0,3],"migratable":true,"type":"object"},"node":0,"resource":"cpu","subphases":[{"id":0,"time":1.568999998369236e-06},{"id":1,"time":3.911700000713836e-05},{"id":2,"time":7.066000001998418e-06},{"id":3,"time":0.00019275700000775942},{"id":4,"time":4.3463000004351215e-05},{"id":5,"time":0.00027827699999249944},{"id":6,"time":1.4299999975264654e-06},{"id":7,"time":3.806699999842067e-05},{"id":8,"time":1.5299999986950752e-06},{"id":9,"time":5.404999996017068e-06},{"id":10,"time":0.00018012599999650547},{"id":11,"time":0.0007872389999974416},{"id":12,"time":1.5070000003447603e-06},{"id":13,"time":3.534999997611976e-06}],"time":0.0015913699999927644}]}],"type":"LBDatafile"}