{"phases":[{"communications":[{"bytes":45455.0,"from":{"collection_id":3,"home":3,"seq_id":1310735,"index":[3,4],"migratable":true,"type":"object"},"messages":25,"to":{"home":3,"seq_id":4325376060,"migratable":false,"objgroup_id":1081344003,"type":"object"},"type":"SendRecv"},{"bytes":212.0,"from":{"home":3,"seq_id":4325376060,"migratable":false,"objgroup_id":1081344003,"type":"object"},"messages":1,"to":{"collection_id":3,"home":3,"seq_id":1310735,"index":[3,4],"migratable":true,"type":"object"},"type":"SendRecv"},{"bytes":376.0,"from":{"home":0,"seq_id":1,"migratable":false,"type":"object"},"messages":2,"to":{"collection_id":3,"home":3,"seq_id":1310735,"index":[3,4],"migratable":true,"type":"object"},"type":"Broadcast"},{"bytes":212.0,"from":{"home":3,"seq_id":4325376060,"migratable":false,"objgroup_id":1081344003,"type":"object"},"messages":1,"to":{"collection_id":3,"home":3,"seq_id":1835023,"index":[3,6],"migratable":true,"type":"object"},"type":"SendRecv"},{"bytes":44831.0,"from":{"collection_id":3,"home":3,"seq_id":1835023,"index":[3,6],"migratable":true,"type":"object"},"messages":25,"to":{"home":3,"seq_id":4325376060,"migratable":false,"objgroup_id":1081344003,"type":"object"},"type":"SendRecv"},{"bytes":376.0,"from":{"home":0,"seq_id":1,"migratable":false,"type":"object"},"messages":2,"to":{"collection_id":3,"home":3,"seq_id":1835023,"index":[3,6],"migratable":true,"type":"object"},"type":"Broadcast"},{"bytes":168.0,"from":{"collection_id":3,"home":3,"seq_id":1835023,"index":[3,6],"migratable":true,"type":"object"},"messages":1,"to":{"home":3,"seq_id":4322230332,"migratable":false,"objgroup_id":1080557571,"type":"object"},"type":"SendRecv"},{"bytes":17751.0,"from":{"collection_id":3,"home":3,"seq_id":262159,"index":[3,0],"migratable":true,"type":"object"},"messages":25,"to":{"home":3,"seq_id":4325376060,"migratable":false,"objgroup_id":1081344003,"type":"object"},"type":"SendRecv"},{"bytes":212.0,"from":{"home":3,"seq_id":4325376060,"migratable":false,"objgroup_id":1081344003,"type":"object"},"messages":1,"to":{"collection_id":3,"home":3,"seq_id":262159,"index":[3,0],"migratable":true,"type":"object"},"type":"SendRecv"},{"bytes":376.0,"from":{"home":0,"seq_id":1,"migratable":false,"type":"object"},"messages":2,"to":{"collection_id":3,"home":3,"seq_id":262159,"index":[3,0],"migratable":true,"type":"object"},"type":"Broadcast"},{"bytes":212.0,"from":{"home":3,"seq_id":4325376060,"migratable":false,"objgroup_id":1081344003,"type":"object"},"messages":1,"to":{"collection_id":3,"home":3,"seq_id":1572879,"index":[3,5],"migratable":true,"type":"object"},"type":"SendRecv"},{"bytes":53991.0,"from":{"collection_id":3,"home":3,"seq_id":1572879,"index":[3,5],"migratable":true,"type":"object"},"messages":25,"to":{"home":3,"seq_id":4325376060,"migratable":false,"objgroup_id":1081344003,"type":"object"},"type":"SendRecv"},{"bytes":376.0,"from":{"home":0,"seq_id":1,"migratable":false,"type":"object"},"messages":2,"to":{"collection_id":3,"home":3,"seq_id":1572879,"index":[3,5],"migratable":true,"type":"object"},"type":"Broadcast"},{"bytes":212.0,"from":{"home":3,"seq_id":4325376060,"migratable":false,"objgroup_id":1081344003,"type":"object"},"messages":1,"to":{"collection_id":3,"home":3,"seq_id":786447,"index":[3,2],"migratable":true,"type":"object"},"type":"SendRecv"},{"bytes":47327.0,"from":{"collection_id":3,"home":3,"seq_id":786447,"index":[3,2],"migratable":true,"type":"object"},"messages":25,"to":{"home":3,"seq_id":4325376060,"migratable":false,"objgroup_id":1081344003,"type":"object"},"type":"SendRecv"},{"bytes":168.0,"from":{"collection_id":3,"home":3,"seq_id":1310735,"index":[3,4],"migratable":true,"type":"object"},"messages":1,"to":{"collection_id":3,"home":3,"seq_id":1310735,"index":[3,4],"migratable":true,"type":"object"},"type":"SendRecv"},{"bytes":168.0,"from":{"collection_id":3,"home":3,"seq_id":1835023,"index":[3,6],"migratable":true,"type":"object"},"messages":1,"to":{"collection_id":3,"home":3,"seq_id":1835023,"index":[3,6],"migratable":true,"type":"object"},"type":"SendRecv"},{"bytes":168.0,"from":{"collection_id":3,"home":3,"seq_id":262159,"index":[3,0],"migratable":true,"type":"object"},"messages":1,"to":{"collection_id":3,"home":3,"seq_id":262159,"index":[3,0],"migratable":true,"type":"object"},"type":"SendRecv"},{"bytes":168.0,"from":{"collection_id":3,"home":3,"seq_id":1572879,"index":[3,5],"migratable":true,"type":"object"},"messages":1,"to":{"collection_id":3,"home":3,"seq_id":1572879,"index":[3,5],"migratable":true,"type":"object"},"type":"SendRecv"},{"bytes":168.0,"from":{"collection_id":3,"home":3,"seq_id":2097167,"index":[3,7],"migratable":true,"type":"object"},"messages":1,"to":{"collection_id":3,"home":3,"seq_id":2097167,"index":[3,7],"migratable":true,"type":"object"},"type":"SendRecv"},{"bytes":168.0,"from":{"collection_id":3,"home":3,"seq_id":786447,"index":[3,2],"migratable":true,"type":"object"},"messages":1,"to":{"collection_id":3,"home":3,"seq_id":786447,"index":[3,2],"migratable":true,"type":"object"},"type":"SendRecv"},{"bytes":168.0,"from":{"collection_id":3,"home":3,"seq_id":524303,"index":[3,1],"migratable":true,"type":"object"},"messages":1,"to":{"collection_id":3,"home":3,"seq_id":524303,"index":[3,1],"migratable":true,"type":"object"},"type":"SendRecv"},{"bytes":168.0,"from":{"collection_id":3,"home":3,"seq_id":1048591,"index":[3,3],"migratable":true,"type":"object"},"messages":1,"to":{"collection_id":3,"home":3,"seq_id":1048591,"index":[3,3],"migratable":true,"type":"object"},"type":"SendRecv"},{"bytes":576.0,"from":{"home":3,"seq_id":13,"migratable":false,"type":"object"},"messages":7,"to":{"home":7,"seq_id":29,"migratable":false,"type":"object"},"type":"SendRecv"},{"bytes":9360.0,"from":{"home":3,"seq_id":13,"migratable":false,"type":"object"},"messages":121,"to":{"home":1,"seq_id":5,"migratable":false,"type":"object"},"type":"SendRecv"},{"bytes":51911.0,"from":{"collection_id":3,"home":3,"seq_id":2097167,"index":[3,7],"migratable":true,"type":"object"},"messages":25,"to":{"home":3,"seq_id":4325376060,"migratable":false,"objgroup_id":1081344003,"type":"object"},"type":"SendRecv"},{"bytes":212.0,"from":{"home":3,"seq_id":4325376060,"migratable":false,"objgroup_id":1081344003,"type":"object"},"messages":1,"to":{"collection_id":3,"home":3,"seq_id":2097167,"index":[3,7],"migratable":true,"type":"object"},"type":"SendRecv"},{"bytes":576.0,"from":{"home":3,"seq_id":13,"migratable":false,"type":"object"},"messages":7,"to":{"home":8,"seq_id":33,"migratable":false,"type":"object"},"type":"SendRecv"},{"bytes":376.0,"from":{"home":0,"seq_id":1,"migratable":false,"type":"object"},"messages":2,"to":{"collection_id":3,"home":3,"seq_id":786447,"index":[3,2],"migratable":true,"type":"object"},"type":"Broadcast"},{"bytes":376.0,"from":{"home":0,"seq_id":1,"migratable":false,"type":"object"},"messages":2,"to":{"collection_id":3,"home":3,"seq_id":524303,"index":[3,1],"migratable":true,"type":"object"},"type":"Broadcast"},{"bytes":212.0,"from":{"home":3,"seq_id":4325376060,"migratable":false,"objgroup_id":1081344003,"type":"object"},"messages":1,"to":{"collection_id":3,"home":3,"seq_id":524303,"index":[3,1],"migratable":true,"type":"object"},"type":"SendRecv"},{"bytes":20567.0,"from":{"collection_id":3,"home":3,"seq_id":524303,"index":[3,1],"migratable":true,"type":"object"},"messages":25,"to":{"home":3,"seq_id":4325376060,"migratable":false,"objgroup_id":1081344003,"type":"object"},"type":"SendRecv"},{"bytes":376.0,"from":{"home":0,"seq_id":1,"migratable":false,"type":"object"},"messages":2,"to":{"collection_id":3,"home":3,"seq_id":1048591,"index":[3,3],"migratable":true,"type":"object"},"type":"Broadcast"},{"bytes":56343.0,"from":{"collection_id":3,"home":3,"seq_id":1048591,"index":[3,3],"migratable":true,"type":"object"},"messages":25,"to":{"home":3,"seq_id":4325376060,"migratable":false,"objgroup_id":1081344003,"type":"object"},"type":"SendRecv"},{"bytes":376.0,"from":{"home":0,"seq_id":1,"migratable":false,"type":"object"},"messages":2,"to":{"collection_id":3,"home":3,"seq_id":2097167,"index":[3,7],"migratable":true,"type":"object"},"type":"Broadcast"},{"bytes":212.0,"from":{"home":3,"seq_id":4325376060,"migratable":false,"objgroup_id":1081344003,"type":"object"},"messages":1,"to":{"collection_id":3,"home":3,"seq_id":1048591,"index":[3,3],"migratable":true,"type":"object"},"type":"SendRecv"}],"id":3,"tasks":[{"entity":{"collection_id":3,"home":3,"seq_id":1835023,"index":[3,6],"migratable":true,"type":"object"},"node":3,"resource":"cpu","subphases":[{"id":0,"time":1.6039999977124353e-06},{"id":1,"time":4.249700000258372e-05},{"id":2,"time":9.083000001908204e-06},{"id":3,"time":0.0002117649999959781},{"id":4,"time":6.203999999598864e-05},{"id":5,"time":0.0002826599999963264},{"id":6,"time":1.6010000010169279e-06},{"id":7,"time":4.3019999999671654e-05},{"id":8,"time":1.5119999972057485e-06},{"id":9,"time":5.6499999985248905e-06},{"id":10,"time":0.00021388199998995105},{"id":11,"time":0.00078406699999789},{"id":12,"time":1.6369999968901539e-06},{"id":13,"time":3.817999996158505e-06}],"time":0.001673524999972642},{"entity":{"collection_id":3,"home":3,"seq_id":262159,"index":[3,0],"migratable":true,"type":"object"},"node":3,"resource":"cpu","subphases":[{"id":0,"time":1.5579999939063782e-06},{"id":1,"time":5.019799999672614e-05},{"id":2,"time":7.3180000015327096e-06},{"id":3,"time":0.0001930190000081211},{"id":4,"time":4.599699999374707e-05},{"id":5,"time":0.00027909399998549134},{"id":6,"time":1.597999997215993e-06},{"id":7,"time":6.888799999416051e-05},{"id":8,"time":1.5259999983641137e-06},{"id":9,"time":5.821000002015353e-06},{"id":10,"time":0.00021093999999521884},{"id":11,"time":0.0007579290000023775},{"id":12,"time":1.710999995907514e-06},{"id":13,"time":3.6829999956466963e-06}],"time":0.0016391829999591323},{"entity":{"collection_id":3,"home":3,"seq_id":524303,"index":[3,1],"migratable":true,"type":"object"},"node":3,"resource":"cpu","subphases":[{"id":0,"time":2.3389999981304754e-06},{"id":1,"time":3.955500000074608e-05},{"id":2,"time":1.7501000009190193e-05},{"id":3,"time":0.00021497699999883935},{"id":4,"time":4.766599999328491e-05},{"id":5,"time":0.0002570089999949232},{"id":6,"time":3.2029999985638824e-06},{"id":7,"time":3.9174999997726445e-05},{"id":8,"time":3.2619999998928506e-06},{"id":9,"time":5.12300000821142e-06},{"id":10,"time":0.00020203300000076752},{"id":11,"time":0.0007848839999837764},{"id":12,"time":3.1419999970694334e-06},{"id":13,"time":6.831999996848026e-06}],"time":0.0016383569999760539},{"entity":{"home":3,"seq_id":4325376060,"migratable":false,"objgroup_id":1081344003,"type":"object"},"node":3,"resource":"cpu","subphases":[{"id":0,"time":0.0020145980000307873}],"time":0.0020145980000307873},{"entity":{"collection_id":3,"home":3,"seq_id":1048591,"index":[3,3],"migratable":true,"type":"object"},"node":3,"resource":"cpu","subphases":[{"id":0,"time":1.5350000026614907e-06},{"id":1,"time":3.899899999026957e-05},{"id":2,"time":7.176999993419031e-06},{"id":3,"time":0.00023013500000246268},{"id":4,"time":5.313500000170279e-05},{"id":5,"time":0.00028661899999349316},{"id":6,"time":1.5359999991915174e-06},{"id":7,"time":4.078099999560436e-05},{"id":8,"time":1.5139999973712293e-06},{"id":9,"time":7.456999995270053e-06},{"id":10,"time":0.00022230800001210582},{"id":11,"time":0.0007757619999964049},{"id":12,"time":1.5879999963885894e-06},{"id":13,"time":3.687000003083085e-06}],"time":0.0016828399999795352},{"entity":{"home":3,"seq_id":4322230332,"migratable":false,"objgroup_id":1080557571,"type":"object"},"node":3,"resource":"cpu","subphases":[{"id":0,"time":4.00399999733736e-06}],"time":4.00399999733736e-06},{"entity":{"home":3,"seq_id":13,"migratable":false,"type":"object"},"node":3,"resource":"cpu","subphases":[{"id":0,"time":0.0014495459999679383}],"time":0.0014495459999679383},{"entity":{"collection_id":3,"home":3,"seq_id":786447,"index":[3,2],"migratable":true,"type":"object"},"node":3,"resource":"cpu","subphases":[{"id":0,"time":2.260000002252127e-06},{"id":1,"time":5.260000000362197e-05},{"id":2,"time":8.27699999916831e-06},{"id":3,"time":0.0002013330000067981},{"id":4,"time":3.952499998405301e-05},{"id":5,"time":0.0002472239999988801},{"id":6,"time":1.7369999980587636e-06},{"id":7,"time":4.029000000116412e-05},{"id":8,"time":1.621999999201762e-06},{"id":9,"time":1.00669999980596e-05},{"id":10,"time":0.00024297799999573044},{"id":11,"time":0.0007637240000022416},{"id":12,"time":1.8240000017044622e-06},{"id":13,"time":4.124000000160777e-06}],"time":0.0016284179999814796},{"entity":{"collection_id":3,"home":3,"seq_id":1310735,"index":[3,4],"migratable":true,"type":"object"},"node":3,"resource":"cpu","subphases":[{"id":0,"time":2.0899999952916914e-06},{"id":1,"time":3.849099999087002e-05},{"id":2,"time":7.2520000031772724e-06},{"id":3,"time":0.00021899499999733507},{"id":4,"time":5.5597999981671364e-05},{"id":5,"time":0.00027195500000232187},{"id":6,"time":1.6409999972211153e-06},{"id":7,"time":3.897599999902468e-05},{"id":8,"time":1.4689999972006262e-06},{"id":9,"time":6.085999991967128e-06},{"id":10,"time":0.00023200099999343138},{"id":11,"time":0.0007779129999931911},{"id":12,"time":1.6930000015236146e-06},{"id":13,"time":3.978000002291537e-06}],"time":0.001667735999951958},{"entity":{"home":3,"seq_id":4304404540,"migratable":false,"objgroup_id":1076101123,"type":"object"},"node":3,"resource":"cpu","time":0.0},{"entity":{"home":3,"seq_id":4308598844,"migratable":false,"objgroup_id":1077149699,"type":"object"},"node":3,"resource":"cpu","time":0.0},{"entity":{"home":3,"seq_id":4297064508,"migratable":false,"objgroup_id":1074266115,"type":"object"},"node":3,"resource":"cpu","time":0.0},{"entity":{"collection_id":3,"home":3,"seq_id":1572879,"index":[3,5],"migratable":true,"type":"object"},"node":3,"resource":"cpu","subphases":[{"id":0,"time":1.711999999542968e-06},{"id":1,"time":3.812799999991512e-05},{"id":2,"time":7.367999998564301e-06},{"id":3,"time":0.00020519499999949176},{"id":4,"time":4.653999999248981e-05},{"id":5,"time":0.0002822100000017258},{"id":6,"time":1.623000002837216e-06},{"id":7,"time":3.9953000005255035e-05},{"id":8,"time":1.5409999960525056e-06},{"id":9,"time":6.244000005040107e-06},{"id":10,"time":0.00021880499999582526},{"id":11,"time":0.0007845739999936541},{"id":12,"time":1.60700000151337e-06},{"id":13,"time":3.573999997286137e-06}],"time":0.0016507719999907522},{"entity":{"home":3,"seq_id":4323278908,"migratable":false,"objgroup_id":1080819715,"type":"object"},"node":3,"resource":"cpu","time":0.0},{"entity":{"collection_id":3,"home":3,"seq_id":2097167,"index":[3,7],"migratable":true,"type":"object"},"node":3,"resource":"cpu","subphases":[{"id":0,"time":1.940000004196918e-06},{"id":1,"time":3.947800000503321e-05},{"id":2,"time":9.462000001292381e-06},{"id":3,"time":0.00020685599999836768},{"id":4,"time":9.379199999415277e-05},{"id":5,"time":0.0003046659999981216},{"id":6,"time":1.5450000034888944e-06},{"id":7,"time":3.92039999965732e-05},{"id":8,"time":1.5290000021650485e-06},{"id":9,"time":5.174999998303065e-06},{"id":10,"time":0.0002156349999964391},{"id":11,"time":0.0007799340000005373},{"id":12,"time":1.6239999993672427e-06},{"id":13,"time":4.149000005782e-06}],"time":0.0017244870000041601}]},{"communications":[{"bytes":45455.0,"from":{"collection_id":3,"home":3,"seq_id":1310735,"index":[3,4],"migratable":true,"type":"object"},"messages":25,"to":{"home":3,"seq_id":4325376060,"migratable":false,"objgroup_id":1081344003,"type":"object"},"type":"SendRecv"},{"bytes":212.0,"from":{"home":3,"seq_id":4325376060,"migratable":false,"objgroup_id":1081344003,"type":"object"},"messages":1,"to":{"collection_id":3,"home":3,"seq_id":1310735,"index":[3,4],"migratable":true,"type":"object"},"type":"SendRecv"},{"bytes":376.0,"from":{"home":0,"seq_id":1,"migratable":false,"type":"object"},"messages":2,"to":{"collection_id":3,"home":3,"seq_id":1310735,"index":[3,4],"migratable":true,"type":"object"},"type":"Broadcast"},{"bytes":47327.0,"from":{"collection_id":3,"home":3,"seq_id":786447,"index":[3,2],"migratable":true,"type":"object"},"messages":25,"to":{"home":3,"seq_id":4325376060,"migratable":false,"objgroup_id":1081344003,"type":"object"},"type":"SendRecv"},{"bytes":212.0,"from":{"home":3,"seq_id":4325376060,"migratable":false,"objgroup_id":1081344003,"type":"object"},"messages":1,"to":{"collection_id":3,"home":3,"seq_id":786447,"index":[3,2],"migratable":true,"type":"object"},"type":"SendRecv"},{"bytes":376.0,"from":{"home":0,"seq_id":1,"migratable":false,"type":"object"},"messages":2,"to":{"collection_id":3,"home":3,"seq_id":786447,"index":[3,2],"migratable":true,"type":"object"},"type":"Broadcast"},{"bytes":53991.0,"from":{"collection_id":3,"home":3,"seq_id":1572879,"index":[3,5],"migratable":true,"type":"object"},"messages":25,"to":{"home":3,"seq_id":4325376060,"migratable":false,"objgroup_id":1081344003,"type":"object"},"type":"SendRecv"},{"bytes":212.0,"from":{"home":3,"seq_id":4325376060,"migratable":false,"objgroup_id":1081344003,"type":"object"},"messages":1,"to":{"collection_id":3,"home":3,"seq_id":1572879,"index":[3,5],"migratable":true,"type":"object"},"type":"SendRecv"},{"bytes":376.0,"from":{"home":0,"seq_id":1,"migratable":false,"type":"object"},"messages":2,"to":{"collection_id":3,"home":3,"seq_id":1572879,"index":[3,5],"migratable":true,"type":"object"},"type":"Broadcast"},{"bytes":17751.0,"from":{"collection_id":3,"home":3,"seq_id":262159,"index":[3,0],"migratable":true,"type":"object"},"messages":25,"to":{"home":3,"seq_id":4325376060,"migratable":false,"objgroup_id":1081344003,"type":"object"},"type":"SendRecv"},{"bytes":212.0,"from":{"home":3,"seq_id":4325376060,"migratable":false,"objgroup_id":1081344003,"type":"object"},"messages":1,"to":{"collection_id":3,"home":3,"seq_id":262159,"index":[3,0],"migratable":true,"type":"object"},"type":"SendRecv"},{"bytes":212.0,"from":{"home":3,"seq_id":4325376060,"migratable":false,"objgroup_id":1081344003,"type":"object"},"messages":1,"to":{"collection_id":3,"home":3,"seq_id":1835023,"index":[3,6],"migratable":true,"type":"object"},"type":"SendRecv"},{"bytes":44831.0,"from":{"collection_id":3,"home":3,"seq_id":1835023,"index":[3,6],"migratable":true,"type":"object"},"messages":25,"to":{"home":3,"seq_id":4325376060,"migratable":false,"objgroup_id":1081344003,"type":"object"},"type":"SendRecv"},{"bytes":376.0,"from":{"home":0,"seq_id":1,"migratable":false,"type":"object"},"messages":2,"to":{"collection_id":3,"home":3,"seq_id":524303,"index":[3,1],"migratable":true,"type":"object"},"type":"Broadcast"},{"bytes":640.0,"from":{"home":3,"seq_id":13,"migratable":false,"type":"object"},"messages":8,"to":{"home":7,"seq_id":29,"migratable":false,"type":"object"},"type":"SendRecv"},{"bytes":184.0,"from":{"collection_id":3,"home":3,"seq_id":1048591,"index":[3,3],"migratable":true,"type":"object"},"messages":1,"to":{"home":1,"seq_id":5,"migratable":false,"type":"object"},"type":"SendRecv"},{"bytes":9392.0,"from":{"home":3,"seq_id":13,"migratable":false,"type":"object"},"messages":123,"to":{"home":1,"seq_id":5,"migratable":false,"type":"object"},"type":"SendRecv"},{"bytes":51911.0,"from":{"collection_id":3,"home":3,"seq_id":2097167,"index":[3,7],"migratable":true,"type":"object"},"messages":25,"to":{"home":3,"seq_id":4325376060,"migratable":false,"objgroup_id":1081344003,"type":"object"},"type":"SendRecv"},{"bytes":212.0,"from":{"home":3,"seq_id":4325376060,"migratable":false,"objgroup_id":1081344003,"type":"object"},"messages":1,"to":{"collection_id":3,"home":3,"seq_id":2097167,"index":[3,7],"migratable":true,"type":"object"},"type":"SendRecv"},{"bytes":640.0,"from":{"home":3,"seq_id":13,"migratable":false,"type":"object"},"messages":8,"to":{"home":8,"seq_id":33,"migratable":false,"type":"object"},"type":"SendRecv"},{"bytes":168.0,"from":{"collection_id":3,"home":3,"seq_id":1310735,"index":[3,4],"migratable":true,"type":"object"},"messages":1,"to":{"collection_id":3,"home":3,"seq_id":1310735,"index":[3,4],"migratable":true,"type":"object"},"type":"SendRecv"},{"bytes":168.0,"from":{"collection_id":3,"home":3,"seq_id":786447,"index":[3,2],"migratable":true,"type":"object"},"messages":1,"to":{"collection_id":3,"home":3,"seq_id":786447,"index":[3,2],"migratable":true,"type":"object"},"type":"SendRecv"},{"bytes":168.0,"from":{"collection_id":3,"home":3,"seq_id":1572879,"index":[3,5],"migratable":true,"type":"object"},"messages":1,"to":{"collection_id":3,"home":3,"seq_id":1572879,"index":[3,5],"migratable":true,"type":"object"},"type":"SendRecv"},{"bytes":168.0,"from":{"collection_id":3,"home":3,"seq_id":262159,"index":[3,0],"migratable":true,"type":"object"},"messages":1,"to":{"collection_id":3,"home":3,"seq_id":262159,"index":[3,0],"migratable":true,"type":"object"},"type":"SendRecv"},{"bytes":168.0,"from":{"collection_id":3,"home":3,"seq_id":2097167,"index":[3,7],"migratable":true,"type":"object"},"messages":1,"to":{"collection_id":3,"home":3,"seq_id":2097167,"index":[3,7],"migratable":true,"type":"object"},"type":"SendRecv"},{"bytes":168.0,"from":{"collection_id":3,"home":3,"seq_id":1835023,"index":[3,6],"migratable":true,"type":"object"},"messages":1,"to":{"collection_id":3,"home":3,"seq_id":1835023,"index":[3,6],"migratable":true,"type":"object"},"type":"SendRecv"},{"bytes":168.0,"from":{"collection_id":3,"home":3,"seq_id":524303,"index":[3,1],"migratable":true,"type":"object"},"messages":1,"to":{"collection_id":3,"home":3,"seq_id":524303,"index":[3,1],"migratable":true,"type":"object"},"type":"SendRecv"},{"bytes":168.0,"from":{"collection_id":3,"home":3,"seq_id":1048591,"index":[3,3],"migratable":true,"type":"object"},"messages":1,"to":{"collection_id":3,"home":3,"seq_id":1048591,"index":[3,3],"migratable":true,"type":"object"},"type":"SendRecv"},{"bytes":168.0,"from":{"collection_id":3,"home":3,"seq_id":1835023,"index":[3,6],"migratable":true,"type":"object"},"messages":1,"to":{"home":3,"seq_id":4322230332,"migratable":false,"objgroup_id":1080557571,"type":"object"},"type":"SendRecv"},{"bytes":376.0,"from":{"home":0,"seq_id":1,"migratable":false,"type":"object"},"messages":2,"to":{"collection_id":3,"home":3,"seq_id":1835023,"index":[3,6],"migratable":true,"type":"object"},"type":"Broadcast"},{"bytes":212.0,"from":{"home":3,"seq_id":4325376060,"migratable":false,"objgroup_id":1081344003,"type":"object"},"messages":1,"to":{"collection_id":3,"home":3,"seq_id":524303,"index":[3,1],"migratable":true,"type":"object"},"type":"SendRecv"},{"bytes":20567.0,"from":{"collection_id":3,"home":3,"seq_id":524303,"index":[3,1],"migratable":true,"type":"object"},"messages":25,"to":{"home":3,"seq_id":4325376060,"migratable":false,"objgroup_id":1081344003,"type":"object"},"type":"SendRecv"},{"bytes":376.0,"from":{"home":0,"seq_id":1,"migratable":false,"type":"object"},"messages":2,"to":{"collection_id":3,"home":3,"seq_id":2097167,"index":[3,7],"migratable":true,"type":"object"},"type":"Broadcast"},{"bytes":56343.0,"from":{"collection_id":3,"home":3,"seq_id":1048591,"index":[3,3],"migratable":true,"type":"object"},"messages":25,"to":{"home":3,"seq_id":4325376060,"migratable":false,"objgroup_id":1081344003,"type":"object"},"type":"SendRecv"},{"bytes":212.0,"from":{"home":3,"seq_id":4325376060,"migratable":false,"objgroup_id":1081344003,"type":"object"},"messages":1,"to":{"collection_id":3,"home":3,"seq_id":1048591,"index":[3,3],"migratable":true,"type":"object"},"type":"SendRecv"},{"bytes":376.0,"from":{"home":0,"seq_id":1,"migratable":false,"type":"object"},"messages":2,"to":{"collection_id":3,"home":3,"seq_id":1048591,"index":[3,3],"migratable":true,"type":"object"},"type":"Broadcast"},{"bytes":376.0,"from":{"home":0,"seq_id":1,"migratable":false,"type":"object"},"messages":2,"to":{"collection_id":3,"home":3,"seq_id":262159,"index":[3,0],"migratable":true,"type":"object"},"type":"Broadcast"}],"id":4,"tasks":[{"entity":{"collection_id":3,"home":3,"seq_id":786447,"index":[3,2],"migratable":true,"type":"object"},"node":3,"resource":"cpu","subphases":[{"id":0,"time":2.410000000452328e-06},{"id":1,"time":5.3732000004913516e-05},{"id":2,"time":7.781999997291678e-06},{"id":3,"time":0.00019663600000541237},{"id":4,"time":3.867600000262428e-05},{"id":5,"time":0.0002679990000018506},{"id":6,"time":1.5930000003550049e-06},{"id":7,"time":4.3322000003342964e-05},{"id":8,"time":1.55299999704539e-06},{"id":9,"time":6.130000002713132e-06},{"id":10,"time":0.000222248999996566},{"id":11,"time":0.0007747350000002484},{"id":12,"time":1.7099999993774873e-06},{"id":13,"time":4.203999999674579e-06}],"time":0.001633526000013319},{"entity":{"collection_id":3,"home":3,"seq_id":1572879,"index":[3,5],"migratable":true,"type":"object"},"node":3,"resource":"cpu","subphases":[{"id":0,"time":1.5009999998483181e-06},{"id":1,"time":4.1345000006742794e-05},{"id":2,"time":6.829999996682545e-06},{"id":3,"time":0.00019870399999888377},{"id":4,"time":4.3183000002500194e-05},{"id":5,"time":0.00027567999999433823},{"id":6,"time":1.5719999950647434e-06},{"id":7,"time":4.007099999370212e-05},{"id":8,"time":1.5259999983641137e-06},{"id":9,"time":5.810999994082522e-06},{"id":10,"time":0.00022727599999683434},{"id":11,"time":0.0007860729999933369},{"id":12,"time":1.5829999995276012e-06},{"id":13,"time":3.536999997777457e-06}],"time":0.001647119999965696},{"entity":{"collection_id":3,"home":3,"seq_id":262159,"index":[3,0],"migratable":true,"type":"object"},"node":3,"resource":"cpu","subphases":[{"id":0,"time":1.6909999942527065e-06},{"id":1,"time":3.856499999699281e-05},{"id":2,"time":1.4864999997143968e-05},{"id":3,"time":0.0002155810000132874},{"id":4,"time":4.6325000006675054e-05},{"id":5,"time":0.00027567599999400727},{"id":6,"time":1.4949999993518759e-06},{"id":7,"time":3.6925999999937176e-05},{"id":8,"time":1.5749999988656782e-06},{"id":9,"time":5.005000005553484e-06},{"id":10,"time":0.00023193200000548586},{"id":11,"time":0.0007576419999963946},{"id":12,"time":1.6469999977175576e-06},{"id":13,"time":3.697000003910489e-06}],"time":0.0016429990000048633},{"entity":{"home":3,"seq_id":4325376060,"migratable":false,"objgroup_id":1081344003,"type":"object"},"node":3,"resource":"cpu","subphases":[{"id":0,"time":0.002007784999989326}],"time":0.002007784999989326},{"entity":{"collection_id":3,"home":3,"seq_id":1048591,"index":[3,3],"migratable":true,"type":"object"},"node":3,"resource":"cpu","subphases":[{"id":0,"time":1.6529999982139998e-06},{"id":1,"time":4.118500000060976e-05},{"id":2,"time":6.8690000034621335e-06},{"id":3,"time":0.00022558599999200624},{"id":4,"time":8.068999999011339e-05},{"id":5,"time":0.0002924249999978201},{"id":6,"time":1.4820000018289647e-06},{"id":7,"time":3.8156999998761876e-05},{"id":8,"time":1.4889999988554337e-06},{"id":9,"time":5.398999995520626e-06},{"id":10,"time":0.0002226500000048759},{"id":11,"time":0.0007842630000070017},{"id":12,"time":1.4959999958819026e-06},{"id":13,"time":3.7280000029227267e-06}],"time":0.0017177509999868334},{"entity":{"home":3,"seq_id":4322230332,"migratable":false,"objgroup_id":1080557571,"type":"object"},"node":3,"resource":"cpu","subphases":[{"id":0,"time":4.1420000016501035e-06}],"time":4.1420000016501035e-06},{"entity":{"home":3,"seq_id":13,"migratable":false,"type":"object"},"node":3,"resource":"cpu","subphases":[{"id":0,"time":0.0014318089999960648}],"time":0.0014318089999960648},{"entity":{"collection_id":3,"home":3,"seq_id":1835023,"index":[3,6],"migratable":true,"type":"object"},"node":3,"resource":"cpu","subphases":[{"id":0,"time":1.4729999975315877e-06},{"id":1,"time":3.9949000004924073e-05},{"id":2,"time":8.481000001836492e-06},{"id":3,"time":0.00020742300000620162},{"id":4,"time":6.458899999728374e-05},{"id":5,"time":0.00028110499999911553},{"id":6,"time":1.723999993430425e-06},{"id":7,"time":3.998000000393631e-05},{"id":8,"time":1.5930000003550049e-06},{"id":9,"time":6.545999994500562e-06},{"id":10,"time":0.00020443800000435886},{"id":11,"time":0.0007722429999930114},{"id":12,"time":1.6090000016788508e-06},{"id":13,"time":4.099000001644981e-06}],"time":0.0016441520000043397},{"entity":{"collection_id":3,"home":3,"seq_id":1310735,"index":[3,4],"migratable":true,"type":"object"},"node":3,"resource":"cpu","subphases":[{"id":0,"time":2.0250000005717084e-06},{"id":1,"time":3.9925000002938305e-05},{"id":2,"time":7.095000000845175e-06},{"id":3,"time":0.00020974099999904183},{"id":4,"time":5.4792000000247754e-05},{"id":5,"time":0.0002711360000091645},{"id":6,"time":1.4940000028218492e-06},{"id":7,"time":4.07590000008895e-05},{"id":8,"time":1.4900000024908877e-06},{"id":9,"time":5.423999994036421e-06},{"id":10,"time":0.0002086539999979209},{"id":11,"time":0.0007688880000031872},{"id":12,"time":1.5839999960576279e-06},{"id":13,"time":3.8319999973168706e-06}],"time":0.0016260450000089577},{"entity":{"home":3,"seq_id":4304404540,"migratable":false,"objgroup_id":1076101123,"type":"object"},"node":3,"resource":"cpu","time":0.0},{"entity":{"home":3,"seq_id":4308598844,"migratable":false,"objgroup_id":1077149699,"type":"object"},"node":3,"resource":"cpu","time":0.0},{"entity":{"home":3,"seq_id":4297064508,"migratable":false,"objgroup_id":1074266115,"type":"object"},"node":3,"resource":"cpu","time":0.0},{"entity":{"home":3,"seq_id":4323278908,"migratable":false,"objgroup_id":1080819715,"type":"object"},"node":3,"resource":"cpu","time":0.0},{"entity":{"collection_id":3,"home":3,"seq_id":2097167,"index":[3,7],"migratable":true,"type":"object"},"node":3,"resource":"cpu","subphases":[{"id":0,"time":2.7180000046200803e-06},{"id":1,"time":3.9044000004651025e-05},{"id":2,"time":9.19299999679879e-06},{"id":3,"time":0.00023374199999892653},{"id":4,"time":9.180100000349967e-05},{"id":5,"time":0.00031941799999657405},{"id":6,"time":1.5160000046421374e-06},{"id":7,"time":3.859099999203863e-05},{"id":8,"time":1.5480000001844019e-06},{"id":9,"time":5.027000000268345e-06},{"id":10,"time":0.0002098320000030185},{"id":11,"time":0.0007935909999972068},{"id":12,"time":1.6340000001946464e-06},{"id":13,"time":4.214999989926582e-06}],"time":0.0017738459999989686},{"entity":{"collection_id":3,"home":3,"seq_id":524303,"index":[3,1],"migratable":true,"type":"object"},"node":3,"resource":"cpu","subphases":[{"id":0,"time":1.9099999946092794e-06},{"id":1,"time":3.866299999089051e-05},{"id":2,"time":1.6438000002949593e-05},{"id":3,"time":0.0002108910000018227},{"id":4,"time":4.8794000001350923e-05},{"id":5,"time":0.0002607720000114},{"id":6,"time":3.1339999964075105e-06},{"id":7,"time":7.54939999936255e-05},{"id":8,"time":3.3299999984137685e-06},{"id":9,"time":9.669999997186096e-06},{"id":10,"time":0.00025947099999967804},{"id":11,"time":0.0007950619999945729},{"id":12,"time":3.4240000061913634e-06},{"id":13,"time":5.875999995907932e-06}],"time":0.0017456809999814027}]}],"type":"LBDatafile"}