{"phases":[{"communications":[{"bytes":54231.0,"from":{"collection_id":3,"home":2,"id":786443,"index":[2,2],"migratable":true,"type":"object"},"messages":25,"to":{"home":2,"id":4325376044,"migratable":false,"objgroup_id":1081344003,"type":"object"},"type":"SendRecv"},{"bytes":212.0,"from":{"home":2,"id":4325376044,"migratable":false,"objgroup_id":1081344003,"type":"object"},"messages":1,"to":{"collection_id":3,"home":2,"id":786443,"index":[2,2],"migratable":true,"type":"object"},"type":"SendRecv"},{"bytes":376.0,"from":{"home":0,"id":1,"migratable":false,"type":"object"},"messages":2,"to":{"collection_id":3,"home":2,"id":786443,"index":[2,2],"migratable":true,"type":"object"},"type":"Broadcast"},{"bytes":376.0,"from":{"home":0,"id":1,"migratable":false,"type":"object"},"messages":2,"to":{"collection_id":3,"home":2,"id":1310731,"index":[2,4],"migratable":true,"type":"object"},"type":"Broadcast"},{"bytes":212.0,"from":{"home":2,"id":4325376044,"migratable":false,"objgroup_id":1081344003,"type":"object"},"messages":1,"to":{"collection_id":3,"home":2,"id":1310731,"index":[2,4],"migratable":true,"type":"object"},"type":"SendRecv"},{"bytes":52143.0,"from":{"collection_id":3,"home":2,"id":1310731,"index":[2,4],"migratable":true,"type":"object"},"messages":25,"to":{"home":2,"id":4325376044,"migratable":false,"objgroup_id":1081344003,"type":"object"},"type":"SendRecv"},{"bytes":168.0,"from":{"collection_id":3,"home":2,"id":1310731,"index":[2,4],"migratable":true,"type":"object"},"messages":1,"to":{"home":2,"id":4322230316,"migratable":false,"objgroup_id":1080557571,"type":"object"},"type":"SendRecv"},{"bytes":47231.0,"from":{"collection_id":3,"home":2,"id":1572875,"index":[2,5],"migratable":true,"type":"object"},"messages":25,"to":{"home":2,"id":4325376044,"migratable":false,"objgroup_id":1081344003,"type":"object"},"type":"SendRecv"},{"bytes":212.0,"from":{"home":2,"id":4325376044,"migratable":false,"objgroup_id":1081344003,"type":"object"},"messages":1,"to":{"collection_id":3,"home":2,"id":1572875,"index":[2,5],"migratable":true,"type":"object"},"type":"SendRecv"},{"bytes":376.0,"from":{"home":0,"id":1,"migratable":false,"type":"object"},"messages":2,"to":{"collection_id":3,"home":2,"id":1572875,"index":[2,5],"migratable":true,"type":"object"},"type":"Broadcast"},{"bytes":640.0,"from":{"home":2,"id":9,"migratable":false,"type":"object"},"messages":8,"to":{"home":5,"id":21,"migratable":false,"type":"object"},"type":"SendRecv"},{"bytes":212.0,"from":{"home":2,"id":4325376044,"migratable":false,"objgroup_id":1081344003,"type":"object"},"messages":1,"to":{"collection_id":3,"home":2,"id":1835019,"index":[2,6],"migratable":true,"type":"object"},"type":"SendRecv"},{"bytes":50431.0,"from":{"collection_id":3,"home":2,"id":1835019,"index":[2,6],"migratable":true,"type":"object"},"messages":25,"to":{"home":2,"id":4325376044,"migratable":false,"objgroup_id":1081344003,"type":"object"},"type":"SendRecv"},{"bytes":376.0,"from":{"home":0,"id":1,"migratable":false,"type":"object"},"messages":2,"to":{"collection_id":3,"home":2,"id":1835019,"index":[2,6],"migratable":true,"type":"object"},"type":"Broadcast"},{"bytes":376.0,"from":{"home":0,"id":1,"migratable":false,"type":"object"},"messages":2,"to":{"collection_id":3,"home":2,"id":2097163,"index":[2,7],"migratable":true,"type":"object"},"type":"Broadcast"},{"bytes":640.0,"from":{"home":2,"id":9,"migratable":false,"type":"object"},"messages":8,"to":{"home":6,"id":25,"migratable":false,"type":"object"},"type":"SendRecv"},{"bytes":376.0,"from":{"home":0,"id":1,"migratable":false,"type":"object"},"messages":2,"to":{"collection_id":3,"home":2,"id":1048587,"index":[2,3],"migratable":true,"type":"object"},"type":"Broadcast"},{"bytes":46255.0,"from":{"collection_id":3,"home":2,"id":2097163,"index":[2,7],"migratable":true,"type":"object"},"messages":25,"to":{"home":2,"id":4325376044,"migratable":false,"objgroup_id":1081344003,"type":"object"},"type":"SendRecv"},{"bytes":212.0,"from":{"home":2,"id":4325376044,"migratable":false,"objgroup_id":1081344003,"type":"object"},"messages":1,"to":{"collection_id":3,"home":2,"id":2097163,"index":[2,7],"migratable":true,"type":"object"},"type":"SendRecv"},{"bytes":9360.0,"from":{"home":2,"id":9,"migratable":false,"type":"object"},"messages":121,"to":{"home":0,"id":1,"migratable":false,"type":"object"},"type":"SendRecv"},{"bytes":212.0,"from":{"home":2,"id":4325376044,"migratable":false,"objgroup_id":1081344003,"type":"object"},"messages":1,"to":{"collection_id":3,"home":2,"id":262155,"index":[2,0],"migratable":true,"type":"object"},"type":"SendRecv"},{"bytes":19943.0,"from":{"collection_id":3,"home":2,"id":262155,"index":[2,0],"migratable":true,"type":"object"},"messages":25,"to":{"home":2,"id":4325376044,"migratable":false,"objgroup_id":1081344003,"type":"object"},"type":"SendRecv"},{"bytes":376.0,"from":{"home":0,"id":1,"migratable":false,"type":"object"},"messages":2,"to":{"collection_id":3,"home":2,"id":262155,"index":[2,0],"migratable":true,"type":"object"},"type":"Broadcast"},{"bytes":168.0,"from":{"collection_id":3,"home":2,"id":786443,"index":[2,2],"migratable":true,"type":"object"},"messages":1,"to":{"collection_id":3,"home":2,"id":786443,"index":[2,2],"migratable":true,"type":"object"},"type":"SendRecv"},{"bytes":168.0,"from":{"collection_id":3,"home":2,"id":1310731,"index":[2,4],"migratable":true,"type":"object"},"messages":1,"to":{"collection_id":3,"home":2,"id":1310731,"index":[2,4],"migratable":true,"type":"object"},"type":"SendRecv"},{"bytes":168.0,"from":{"collection_id":3,"home":2,"id":1572875,"index":[2,5],"migratable":true,"type":"object"},"messages":1,"to":{"collection_id":3,"home":2,"id":1572875,"index":[2,5],"migratable":true,"type":"object"},"type":"SendRecv"},{"bytes":168.0,"from":{"collection_id":3,"home":2,"id":1835019,"index":[2,6],"migratable":true,"type":"object"},"messages":1,"to":{"collection_id":3,"home":2,"id":1835019,"index":[2,6],"migratable":true,"type":"object"},"type":"SendRecv"},{"bytes":168.0,"from":{"collection_id":3,"home":2,"id":2097163,"index":[2,7],"migratable":true,"type":"object"},"messages":1,"to":{"collection_id":3,"home":2,"id":2097163,"index":[2,7],"migratable":true,"type":"object"},"type":"SendRecv"},{"bytes":168.0,"from":{"collection_id":3,"home":2,"id":524299,"index":[2,1],"migratable":true,"type":"object"},"messages":1,"to":{"collection_id":3,"home":2,"id":524299,"index":[2,1],"migratable":true,"type":"object"},"type":"SendRecv"},{"bytes":168.0,"from":{"collection_id":3,"home":2,"id":262155,"index":[2,0],"migratable":true,"type":"object"},"messages":1,"to":{"collection_id":3,"home":2,"id":262155,"index":[2,0],"migratable":true,"type":"object"},"type":"SendRecv"},{"bytes":168.0,"from":{"collection_id":3,"home":2,"id":1048587,"index":[2,3],"migratable":true,"type":"object"},"messages":1,"to":{"collection_id":3,"home":2,"id":1048587,"index":[2,3],"migratable":true,"type":"object"},"type":"SendRecv"},{"bytes":376.0,"from":{"home":0,"id":1,"migratable":false,"type":"object"},"messages":2,"to":{"collection_id":3,"home":2,"id":524299,"index":[2,1],"migratable":true,"type":"object"},"type":"Broadcast"},{"bytes":212.0,"from":{"home":2,"id":4325376044,"migratable":false,"objgroup_id":1081344003,"type":"object"},"messages":1,"to":{"collection_id":3,"home":2,"id":524299,"index":[2,1],"migratable":true,"type":"object"},"type":"SendRecv"},{"bytes":18647.0,"from":{"collection_id":3,"home":2,"id":524299,"index":[2,1],"migratable":true,"type":"object"},"messages":25,"to":{"home":2,"id":4325376044,"migratable":false,"objgroup_id":1081344003,"type":"object"},"type":"SendRecv"},{"bytes":49247.0,"from":{"collection_id":3,"home":2,"id":1048587,"index":[2,3],"migratable":true,"type":"object"},"messages":25,"to":{"home":2,"id":4325376044,"migratable":false,"objgroup_id":1081344003,"type":"object"},"type":"SendRecv"},{"bytes":212.0,"from":{"home":2,"id":4325376044,"migratable":false,"objgroup_id":1081344003,"type":"object"},"messages":1,"to":{"collection_id":3,"home":2,"id":1048587,"index":[2,3],"migratable":true,"type":"object"},"type":"SendRecv"}],"id":3,"tasks":[{"entity":{"collection_id":3,"home":2,"id":786443,"index":[2,2],"migratable":true,"type":"object"},"node":2,"resource":"cpu","subphases":[{"id":0,"time":1.7030000023510183e-06},{"id":1,"time":5.264699999685263e-05},{"id":2,"time":8.188999998992585e-06},{"id":3,"time":0.00019797199999516124},{"id":4,"time":3.738600000247061e-05},{"id":5,"time":0.00026914800000099603},{"id":6,"time":1.6889999940872258e-06},{"id":7,"time":5.2288000006228685e-05},{"id":8,"time":1.4620000001741573e-06},{"id":9,"time":6.460999991020344e-06},{"id":10,"time":0.00021956399999112364},{"id":11,"time":0.0007766929999917238},{"id":12,"time":1.6679999959023917e-06},{"id":13,"time":4.332000003159919e-06}],"time":0.0016410159999651341},{"entity":{"collection_id":3,"home":2,"id":1310731,"index":[2,4],"migratable":true,"type":"object"},"node":2,"resource":"cpu","subphases":[{"id":0,"time":1.4080000028116046e-06},{"id":1,"time":3.69269999964672e-05},{"id":2,"time":7.0159999978614e-06},{"id":3,"time":0.00019482699998718545},{"id":4,"time":5.141799999819341e-05},{"id":5,"time":0.0002670479999906661},{"id":6,"time":1.472000001001561e-06},{"id":7,"time":3.79900000027078e-05},{"id":8,"time":1.5439999998534404e-06},{"id":9,"time":6.062000004192214e-06},{"id":10,"time":0.00020365700000724019},{"id":11,"time":0.0007739449999917269},{"id":12,"time":1.504000003649253e-06},{"id":13,"time":3.739000000280157e-06}],"time":0.00159734199998951},{"entity":{"collection_id":3,"home":2,"id":1572875,"index":[2,5],"migratable":true,"type":"object"},"node":2,"resource":"cpu","subphases":[{"id":0,"time":1.7710000008719362e-06},{"id":1,"time":3.7783000003344114e-05},{"id":2,"time":7.152000002008663e-06},{"id":3,"time":0.00020674099999951068},{"id":4,"time":4.253399998788154e-05},{"id":5,"time":0.0002668400000018778},{"id":6,"time":1.5219999980331522e-06},{"id":7,"time":4.1771999995887654e-05},{"id":8,"time":1.5749999988656782e-06},{"id":9,"time":6.046999999398395e-06},{"id":10,"time":0.00020811399999587366},{"id":11,"time":0.0007680050000047345},{"id":12,"time":1.5460000000189211e-06},{"id":13,"time":3.2979999957660766e-06}],"time":0.0016065459999907716},{"entity":{"collection_id":3,"home":2,"id":1048587,"index":[2,3],"migratable":true,"type":"object"},"node":2,"resource":"cpu","subphases":[{"id":0,"time":2.0610000035503617e-06},{"id":1,"time":3.8453000001936744e-05},{"id":2,"time":6.8599999991647564e-06},{"id":3,"time":0.0001884679999974992},{"id":4,"time":3.9383999997255614e-05},{"id":5,"time":0.00024868200000582874},{"id":6,"time":1.4969999995173566e-06},{"id":7,"time":4.025600000545637e-05},{"id":8,"time":1.6110000018443316e-06},{"id":9,"time":5.469000001312452e-06},{"id":10,"time":0.00018943300000273666},{"id":11,"time":0.0007676959999969313},{"id":12,"time":1.4519999993467536e-06},{"id":13,"time":3.4489999976017316e-06}],"time":0.0015450580000049285},{"entity":{"collection_id":3,"home":2,"id":262155,"index":[2,0],"migratable":true,"type":"object"},"node":2,"resource":"cpu","subphases":[{"id":0,"time":1.5439999998534404e-06},{"id":1,"time":4.190500000333941e-05},{"id":2,"time":7.150999998373209e-06},{"id":3,"time":0.00020331200000356375},{"id":4,"time":4.717200000925459e-05},{"id":5,"time":0.00028100799999464243},{"id":6,"time":1.509000000510241e-06},{"id":7,"time":3.805400000089776e-05},{"id":8,"time":1.6089999945734235e-06},{"id":9,"time":5.650000005630318e-06},{"id":10,"time":0.00020322799999661356},{"id":11,"time":0.0007848399999943467},{"id":12,"time":1.5020000034837722e-06},{"id":13,"time":3.603999999768348e-06}],"time":0.0016304760000025453},{"entity":{"home":2,"id":4322230316,"migratable":false,"objgroup_id":1080557571,"type":"object"},"node":2,"resource":"cpu","subphases":[{"id":0,"time":3.93800000608735e-06}],"time":3.93800000608735e-06},{"entity":{"home":2,"id":4323278892,"migratable":false,"objgroup_id":1080819715,"type":"object"},"node":2,"resource":"cpu","time":0.0},{"entity":{"home":2,"id":9,"migratable":false,"type":"object"},"node":2,"resource":"cpu","subphases":[{"id":0,"time":0.00144173699996486}],"time":0.00144173699996486},{"entity":{"home":2,"id":4304404524,"migratable":false,"objgroup_id":1076101123,"type":"object"},"node":2,"resource":"cpu","time":0.0},{"entity":{"home":2,"id":4325376044,"migratable":false,"objgroup_id":1081344003,"type":"object"},"node":2,"resource":"cpu","subphases":[{"id":0,"time":0.001981668999931685}],"time":0.001981668999931685},{"entity":{"collection_id":3,"home":2,"id":2097163,"index":[2,7],"migratable":true,"type":"object"},"node":2,"resource":"cpu","subphases":[{"id":0,"time":2.1359999990977485e-06},{"id":1,"time":3.8981000002991095e-05},{"id":2,"time":9.097000003066569e-06},{"id":3,"time":0.0002337389999951256},{"id":4,"time":8.692900000539794e-05},{"id":5,"time":0.0003069780000188871},{"id":6,"time":1.554000000680844e-06},{"id":7,"time":3.766800000448711e-05},{"id":8,"time":1.5720000021701708e-06},{"id":9,"time":5.69599999522552e-06},{"id":10,"time":0.0002118229999936716},{"id":11,"time":0.000773640000005571},{"id":12,"time":1.4689999972006262e-06},{"id":13,"time":4.0429999970115205e-06}],"time":0.0017346900000205778},{"entity":{"home":2,"id":4308598828,"migratable":false,"objgroup_id":1077149699,"type":"object"},"node":2,"resource":"cpu","time":0.0},{"entity":{"home":2,"id":4297064492,"migratable":false,"objgroup_id":1074266115,"type":"object"},"node":2,"resource":"cpu","time":0.0},{"entity":{"collection_id":3,"home":2,"id":524299,"index":[2,1],"migratable":true,"type":"object"},"node":2,"resource":"cpu","subphases":[{"id":0,"time":1.7930000026922244e-06},{"id":1,"time":3.882500000429445e-05},{"id":2,"time":1.626299999912817e-05},{"id":3,"time":0.0002359950000041522},{"id":4,"time":4.925699997926358e-05},{"id":5,"time":0.0002659170000001154},{"id":6,"time":2.8179999986832627e-06},{"id":7,"time":3.81300000000806e-05},{"id":8,"time":3.558999999597745e-06},{"id":9,"time":1.021299999592884e-05},{"id":10,"time":0.0002469169999983478},{"id":11,"time":0.0007815529999959381},{"id":12,"time":3.0819999992104385e-06},{"id":13,"time":6.64800000294008e-06}],"time":0.0017124589999824025},{"entity":{"collection_id":3,"home":2,"id":1835019,"index":[2,6],"migratable":true,"type":"object"},"node":2,"resource":"cpu","subphases":[{"id":0,"time":2.0929999990926262e-06},{"id":1,"time":4.268399999318717e-05},{"id":2,"time":8.537999995894552e-06},{"id":3,"time":0.00019856299999787552},{"id":4,"time":4.043399999176245e-05},{"id":5,"time":0.00027725099999287295},{"id":6,"time":1.522999994563179e-06},{"id":7,"time":3.901300000563879e-05},{"id":8,"time":1.5989999937460198e-06},{"id":9,"time":6.71599999435557e-06},{"id":10,"time":0.0002085790000023735},{"id":11,"time":0.0007895860000175503},{"id":12,"time":1.541000003157933e-06},{"id":13,"time":3.634000002250559e-06}],"time":0.001630929999983266}]},{"communications":[{"bytes":52143.0,"from":{"collection_id":3,"home":2,"id":1310731,"index":[2,4],"migratable":true,"type":"object"},"messages":25,"to":{"home":2,"id":4325376044,"migratable":false,"objgroup_id":1081344003,"type":"object"},"type":"SendRecv"},{"bytes":212.0,"from":{"home":2,"id":4325376044,"migratable":false,"objgroup_id":1081344003,"type":"object"},"messages":1,"to":{"collection_id":3,"home":2,"id":1310731,"index":[2,4],"migratable":true,"type":"object"},"type":"SendRecv"},{"bytes":376.0,"from":{"home":0,"id":1,"migratable":false,"type":"object"},"messages":2,"to":{"collection_id":3,"home":2,"id":1310731,"index":[2,4],"migratable":true,"type":"object"},"type":"Broadcast"},{"bytes":19943.0,"from":{"collection_id":3,"home":2,"id":262155,"index":[2,0],"migratable":true,"type":"object"},"messages":25,"to":{"home":2,"id":4325376044,"migratable":false,"objgroup_id":1081344003,"type":"object"},"type":"SendRecv"},{"bytes":212.0,"from":{"home":2,"id":4325376044,"migratable":false,"objgroup_id":1081344003,"type":"object"},"messages":1,"to":{"collection_id":3,"home":2,"id":262155,"index":[2,0],"migratable":true,"type":"object"},"type":"SendRecv"},{"bytes":376.0,"from":{"home":0,"id":1,"migratable":false,"type":"object"},"messages":2,"to":{"collection_id":3,"home":2,"id":262155,"index":[2,0],"migratable":true,"type":"object"},"type":"Broadcast"},{"bytes":50431.0,"from":{"collection_id":3,"home":2,"id":1835019,"index":[2,6],"migratable":true,"type":"object"},"messages":25,"to":{"home":2,"id":4325376044,"migratable":false,"objgroup_id":1081344003,"type":"object"},"type":"SendRecv"},{"bytes":212.0,"from":{"home":2,"id":4325376044,"migratable":false,"objgroup_id":1081344003,"type":"object"},"messages":1,"to":{"collection_id":3,"home":2,"id":1835019,"index":[2,6],"migratable":true,"type":"object"},"type":"SendRecv"},{"bytes":376.0,"from":{"home":0,"id":1,"migratable":false,"type":"object"},"messages":2,"to":{"collection_id":3,"home":2,"id":1835019,"index":[2,6],"migratable":true,"type":"object"},"type":"Broadcast"},{"bytes":49247.0,"from":{"collection_id":3,"home":2,"id":1048587,"index":[2,3],"migratable":true,"type":"object"},"messages":25,"to":{"home":2,"id":4325376044,"migratable":false,"objgroup_id":1081344003,"type":"object"},"type":"SendRecv"},{"bytes":212.0,"from":{"home":2,"id":4325376044,"migratable":false,"objgroup_id":1081344003,"type":"object"},"messages":1,"to":{"collection_id":3,"home":2,"id":1048587,"index":[2,3],"migratable":true,"type":"object"},"type":"SendRecv"},{"bytes":376.0,"from":{"home":0,"id":1,"migratable":false,"type":"object"},"messages":2,"to":{"collection_id":3,"home":2,"id":2097163,"index":[2,7],"migratable":true,"type":"object"},"type":"Broadcast"},{"bytes":768.0,"from":{"home":2,"id":9,"migratable":false,"type":"object"},"messages":10,"to":{"home":6,"id":25,"migratable":false,"type":"object"},"type":"SendRecv"},{"bytes":376.0,"from":{"home":0,"id":1,"migratable":false,"type":"object"},"messages":2,"to":{"collection_id":3,"home":2,"id":1048587,"index":[2,3],"migratable":true,"type":"object"},"type":"Broadcast"},{"bytes":376.0,"from":{"home":0,"id":1,"migratable":false,"type":"object"},"messages":2,"to":{"collection_id":3,"home":2,"id":1572875,"index":[2,5],"migratable":true,"type":"object"},"type":"Broadcast"},{"bytes":768.0,"from":{"home":2,"id":9,"migratable":false,"type":"object"},"messages":10,"to":{"home":5,"id":21,"migratable":false,"type":"object"},"type":"SendRecv"},{"bytes":46255.0,"from":{"collection_id":3,"home":2,"id":2097163,"index":[2,7],"migratable":true,"type":"object"},"messages":25,"to":{"home":2,"id":4325376044,"migratable":false,"objgroup_id":1081344003,"type":"object"},"type":"SendRecv"},{"bytes":212.0,"from":{"home":2,"id":4325376044,"migratable":false,"objgroup_id":1081344003,"type":"object"},"messages":1,"to":{"collection_id":3,"home":2,"id":2097163,"index":[2,7],"migratable":true,"type":"object"},"type":"SendRecv"},{"bytes":9576.0,"from":{"home":2,"id":9,"migratable":false,"type":"object"},"messages":124,"to":{"home":0,"id":1,"migratable":false,"type":"object"},"type":"SendRecv"},{"bytes":212.0,"from":{"home":2,"id":4325376044,"migratable":false,"objgroup_id":1081344003,"type":"object"},"messages":1,"to":{"collection_id":3,"home":2,"id":1572875,"index":[2,5],"migratable":true,"type":"object"},"type":"SendRecv"},{"bytes":47231.0,"from":{"collection_id":3,"home":2,"id":1572875,"index":[2,5],"migratable":true,"type":"object"},"messages":25,"to":{"home":2,"id":4325376044,"migratable":false,"objgroup_id":1081344003,"type":"object"},"type":"SendRecv"},{"bytes":168.0,"from":{"collection_id":3,"home":2,"id":1310731,"index":[2,4],"migratable":true,"type":"object"},"messages":1,"to":{"collection_id":3,"home":2,"id":1310731,"index":[2,4],"migratable":true,"type":"object"},"type":"SendRecv"},{"bytes":168.0,"from":{"collection_id":3,"home":2,"id":262155,"index":[2,0],"migratable":true,"type":"object"},"messages":1,"to":{"collection_id":3,"home":2,"id":262155,"index":[2,0],"migratable":true,"type":"object"},"type":"SendRecv"},{"bytes":168.0,"from":{"collection_id":3,"home":2,"id":1835019,"index":[2,6],"migratable":true,"type":"object"},"messages":1,"to":{"collection_id":3,"home":2,"id":1835019,"index":[2,6],"migratable":true,"type":"object"},"type":"SendRecv"},{"bytes":168.0,"from":{"collection_id":3,"home":2,"id":1572875,"index":[2,5],"migratable":true,"type":"object"},"messages":1,"to":{"collection_id":3,"home":2,"id":1572875,"index":[2,5],"migratable":true,"type":"object"},"type":"SendRecv"},{"bytes":168.0,"from":{"collection_id":3,"home":2,"id":2097163,"index":[2,7],"migratable":true,"type":"object"},"messages":1,"to":{"collection_id":3,"home":2,"id":2097163,"index":[2,7],"migratable":true,"type":"object"},"type":"SendRecv"},{"bytes":168.0,"from":{"collection_id":3,"home":2,"id":786443,"index":[2,2],"migratable":true,"type":"object"},"messages":1,"to":{"collection_id":3,"home":2,"id":786443,"index":[2,2],"migratable":true,"type":"object"},"type":"SendRecv"},{"bytes":168.0,"from":{"collection_id":3,"home":2,"id":524299,"index":[2,1],"migratable":true,"type":"object"},"messages":1,"to":{"collection_id":3,"home":2,"id":524299,"index":[2,1],"migratable":true,"type":"object"},"type":"SendRecv"},{"bytes":168.0,"from":{"collection_id":3,"home":2,"id":1048587,"index":[2,3],"migratable":true,"type":"object"},"messages":1,"to":{"collection_id":3,"home":2,"id":1048587,"index":[2,3],"migratable":true,"type":"object"},"type":"SendRecv"},{"bytes":376.0,"from":{"home":0,"id":1,"migratable":false,"type":"object"},"messages":2,"to":{"collection_id":3,"home":2,"id":786443,"index":[2,2],"migratable":true,"type":"object"},"type":"Broadcast"},{"bytes":168.0,"from":{"collection_id":3,"home":2,"id":524299,"index":[2,1],"migratable":true,"type":"object"},"messages":1,"to":{"home":2,"id":4322230316,"migratable":false,"objgroup_id":1080557571,"type":"object"},"type":"SendRecv"},{"bytes":212.0,"from":{"home":2,"id":4325376044,"migratable":false,"objgroup_id":1081344003,"type":"object"},"messages":1,"to":{"collection_id":3,"home":2,"id":786443,"index":[2,2],"migratable":true,"type":"object"},"type":"SendRecv"},{"bytes":54231.0,"from":{"collection_id":3,"home":2,"id":786443,"index":[2,2],"migratable":true,"type":"object"},"messages":25,"to":{"home":2,"id":4325376044,"migratable":false,"objgroup_id":1081344003,"type":"object"},"type":"SendRecv"},{"bytes":18647.0,"from":{"collection_id":3,"home":2,"id":524299,"index":[2,1],"migratable":true,"type":"object"},"messages":25,"to":{"home":2,"id":4325376044,"migratable":false,"objgroup_id":1081344003,"type":"object"},"type":"SendRecv"},{"bytes":212.0,"from":{"home":2,"id":4325376044,"migratable":false,"objgroup_id":1081344003,"type":"object"},"messages":1,"to":{"collection_id":3,"home":2,"id":524299,"index":[2,1],"migratable":true,"type":"object"},"type":"SendRecv"},{"bytes":376.0,"from":{"home":0,"id":1,"migratable":false,"type":"object"},"messages":2,"to":{"collection_id":3,"home":2,"id":524299,"index":[2,1],"migratable":true,"type":"object"},"type":"Broadcast"}],"id":4,"tasks":[{"entity":{"collection_id":3,"home":2,"id":1310731,"index":[2,4],"migratable":true,"type":"object"},"node":2,"resource":"cpu","subphases":[{"id":0,"time":2.2169999951415775e-06},{"id":1,"time":3.790999999608857e-05},{"id":2,"time":6.6929999960052555e-06},{"id":3,"time":0.000180917999998087},{"id":4,"time":3.911499999986745e-05},{"id":5,"time":0.00026279100001147526},{"id":6,"time":1.5049999930738522e-06},{"id":7,"time":3.8611999997328894e-05},{"id":8,"time":1.5130000008412026e-06},{"id":9,"time":1.3917000003971225e-05},{"id":10,"time":0.00021350299999056688},{"id":11,"time":0.0007582189999979505},{"id":12,"time":1.472000001001561e-06},{"id":13,"time":3.6980000004405156e-06}],"time":0.0015705669999803717},{"entity":{"collection_id":3,"home":2,"id":262155,"index":[2,0],"migratable":true,"type":"object"},"node":2,"resource":"cpu","subphases":[{"id":0,"time":1.4550000031476884e-06},{"id":1,"time":3.590900000460806e-05},{"id":2,"time":6.424000005722519e-06},{"id":3,"time":0.00019076400000272997},{"id":4,"time":3.808900000024096e-05},{"id":5,"time":0.00029615899998702844},{"id":6,"time":1.4740000011670418e-06},{"id":7,"time":3.557699999845454e-05},{"id":8,"time":1.650999998048519e-06},{"id":9,"time":6.0849999954371015e-06},{"id":10,"time":0.00021411899999890238},{"id":11,"time":0.0007575430000130723},{"id":12,"time":1.5809999993621204e-06},{"id":13,"time":3.573999997286137e-06}],"time":0.001600038000013626},{"entity":{"collection_id":3,"home":2,"id":1835019,"index":[2,6],"migratable":true,"type":"object"},"node":2,"resource":"cpu","subphases":[{"id":0,"time":1.6010000010169279e-06},{"id":1,"time":3.75409999975318e-05},{"id":2,"time":8.474000004810023e-06},{"id":3,"time":0.00019866199999540868},{"id":4,"time":3.817799998984128e-05},{"id":5,"time":0.0002682219999883273},{"id":6,"time":1.5150000010066833e-06},{"id":7,"time":3.832900001299322e-05},{"id":8,"time":1.5760000025011323e-06},{"id":9,"time":6.457999994324837e-06},{"id":10,"time":0.00020691000000283566},{"id":11,"time":0.0007705020000017271},{"id":12,"time":1.5789999991966397e-06},{"id":13,"time":3.6889999961431386e-06}],"time":0.0015944079999812288},{"entity":{"collection_id":3,"home":2,"id":1048587,"index":[2,3],"migratable":true,"type":"object"},"node":2,"resource":"cpu","subphases":[{"id":0,"time":1.4609999965387033e-06},{"id":1,"time":3.63379999939184e-05},{"id":2,"time":6.510999995157363e-06},{"id":3,"time":0.0001934889999972711},{"id":4,"time":4.001599999980954e-05},{"id":5,"time":0.00025540600000084623},{"id":6,"time":1.4519999993467536e-06},{"id":7,"time":3.703399999466228e-05},{"id":8,"time":1.5259999983641137e-06},{"id":9,"time":7.0829999927468634e-06},{"id":10,"time":0.00020529799999735587},{"id":11,"time":0.0007624420000098553},{"id":12,"time":1.4989999996828374e-06},{"id":13,"time":3.6139999934903244e-06}],"time":0.0015631099999708908},{"entity":{"collection_id":3,"home":2,"id":524299,"index":[2,1],"migratable":true,"type":"object"},"node":2,"resource":"cpu","subphases":[{"id":0,"time":1.7049999954110717e-06},{"id":1,"time":4.98490000069296e-05},{"id":2,"time":1.5196999996192062e-05},{"id":3,"time":0.00021647199999819122},{"id":4,"time":5.9561999989909964e-05},{"id":5,"time":0.0002822629999954529},{"id":6,"time":3.3139999970899225e-06},{"id":7,"time":5.1792999997246625e-05},{"id":8,"time":1.6980000054900302e-06},{"id":9,"time":5.785000006142127e-06},{"id":10,"time":0.0002244779999998059},{"id":11,"time":0.0007912449999949445},{"id":12,"time":3.298000002871504e-06},{"id":13,"time":5.788999999367661e-06}],"time":0.0017243309999841472},{"entity":{"home":2,"id":4322230316,"migratable":false,"objgroup_id":1080557571,"type":"object"},"node":2,"resource":"cpu","subphases":[{"id":0,"time":3.972000001795095e-06}],"time":3.972000001795095e-06},{"entity":{"home":2,"id":4323278892,"migratable":false,"objgroup_id":1080819715,"type":"object"},"node":2,"resource":"cpu","time":0.0},{"entity":{"home":2,"id":9,"migratable":false,"type":"object"},"node":2,"resource":"cpu","subphases":[{"id":0,"time":0.001328910000047756}],"time":0.001328910000047756},{"entity":{"collection_id":3,"home":2,"id":786443,"index":[2,2],"migratable":true,"type":"object"},"node":2,"resource":"cpu","subphases":[{"id":0,"time":1.7069999955765525e-06},{"id":1,"time":4.053099999623555e-05},{"id":2,"time":7.852000003083504e-06},{"id":3,"time":0.00019636899999397883},{"id":4,"time":4.782000001313236e-05},{"id":5,"time":0.0002488110000058441},{"id":6,"time":1.605999997877916e-06},{"id":7,"time":5.867400000170164e-05},{"id":8,"time":3.2169999997222476e-06},{"id":9,"time":1.0482000007527859e-05},{"id":10,"time":0.00026394200000368073},{"id":11,"time":0.0007810620000086033},{"id":12,"time":1.6449999975520768e-06},{"id":13,"time":4.0890000008175775e-06}],"time":0.0016765570000174534},{"entity":{"home":2,"id":4304404524,"migratable":false,"objgroup_id":1076101123,"type":"object"},"node":2,"resource":"cpu","time":0.0},{"entity":{"home":2,"id":4325376044,"migratable":false,"objgroup_id":1081344003,"type":"object"},"node":2,"resource":"cpu","subphases":[{"id":0,"time":0.0019499999999510464}],"time":0.0019499999999510464},{"entity":{"collection_id":3,"home":2,"id":2097163,"index":[2,7],"migratable":true,"type":"object"},"node":2,"resource":"cpu","subphases":[{"id":0,"time":2.1379999992632293e-06},{"id":1,"time":3.7317000007419665e-05},{"id":2,"time":9.740999999507949e-06},{"id":3,"time":0.00023535800000473728},{"id":4,"time":8.695200000374825e-05},{"id":5,"time":0.00028800100000125894},{"id":6,"time":1.4449999952148573e-06},{"id":7,"time":3.714400000376372e-05},{"id":8,"time":1.638000000525608e-06},{"id":9,"time":6.019000004187092e-06},{"id":10,"time":0.0002119799999960037},{"id":11,"time":0.0007694510000035848},{"id":12,"time":1.5139999973712293e-06},{"id":13,"time":4.192999995211721e-06}],"time":0.0017133540000102698},{"entity":{"home":2,"id":4308598828,"migratable":false,"objgroup_id":1077149699,"type":"object"},"node":2,"resource":"cpu","time":0.0},{"entity":{"home":2,"id":4297064492,"migratable":false,"objgroup_id":1074266115,"type":"object"},"node":2,"resource":"cpu","time":0.0},{"entity":{"collection_id":3,"home":2,"id":1572875,"index":[2,5],"migratable":true,"type":"object"},"node":2,"resource":"cpu","subphases":[{"id":0,"time":1.4309999940564921e-06},{"id":1,"time":3.7961000003861045e-05},{"id":2,"time":6.690999995839775e-06},{"id":3,"time":0.00019246600000144554},{"id":4,"time":4.8186999997312796e-05},{"id":5,"time":0.0002459930000000554},{"id":6,"time":1.6029999940769812e-06},{"id":7,"time":3.7913000006994935e-05},{"id":8,"time":1.7549999995480903e-06},{"id":9,"time":6.6849999953433326e-06},{"id":10,"time":0.00022581599998972024},{"id":11,"time":0.0007897059999990574},{"id":12,"time":1.4909999990209144e-06},{"id":13,"time":3.317999997420884e-06}],"time":0.0016104879999758737}]}],"type":"LBDatafile"}