{"phases":[{"communications":[{"bytes":8799.0,"from":{"collection_id":3,"home":0,"seq_id":1572867,"index":[0,5],"migratable":true,"type":"object"},"messages":25,"to":{"home":0,"seq_id":4325376012,"migratable":false,"objgroup_id":1081344003,"type":"object"},"type":"SendRecv"},{"bytes":212.0,"from":{"home":0,"seq_id":4325376012,"migratable":false,"objgroup_id":1081344003,"type":"object"},"messages":1,"to":{"collection_id":3,"home":0,"seq_id":1572867,"index":[0,5],"migratable":true,"type":"object"},"type":"SendRecv"},{"bytes":376.0,"from":{"home":0,"seq_id":1,"migratable":false,"type":"object"},"messages":2,"to":{"collection_id":3,"home":0,"seq_id":1572867,"index":[0,5],"migratable":true,"type":"object"},"type":"Broadcast"},{"bytes":376.0,"from":{"home":0,"seq_id":1,"migratable":false,"type":"object"},"messages":2,"to":{"collection_id":3,"home":0,"seq_id":2097155,"index":[0,7],"migratable":true,"type":"object"},"type":"Broadcast"},{"bytes":376.0,"from":{"home":0,"seq_id":1,"migratable":false,"type":"object"},"messages":2,"to":{"collection_id":3,"home":0,"seq_id":1310723,"index":[0,4],"migratable":true,"type":"object"},"type":"Broadcast"},{"bytes":212.0,"from":{"home":0,"seq_id":4325376012,"migratable":false,"objgroup_id":1081344003,"type":"object"},"messages":1,"to":{"collection_id":3,"home":0,"seq_id":1310723,"index":[0,4],"migratable":true,"type":"object"},"type":"SendRecv"},{"bytes":8663.0,"from":{"collection_id":3,"home":0,"seq_id":1310723,"index":[0,4],"migratable":true,"type":"object"},"messages":25,"to":{"home":0,"seq_id":4325376012,"migratable":false,"objgroup_id":1081344003,"type":"object"},"type":"SendRecv"},{"bytes":168.0,"from":{"collection_id":3,"home":0,"seq_id":1310723,"index":[0,4],"migratable":true,"type":"object"},"messages":1,"to":{"home":0,"seq_id":4322230284,"migratable":false,"objgroup_id":1080557571,"type":"object"},"type":"SendRecv"},{"bytes":212.0,"from":{"home":0,"seq_id":4325376012,"migratable":false,"objgroup_id":1081344003,"type":"object"},"messages":1,"to":{"collection_id":3,"home":0,"seq_id":524291,"index":[0,1],"migratable":true,"type":"object"},"type":"SendRecv"},{"bytes":33031.0,"from":{"collection_id":3,"home":0,"seq_id":524291,"index":[0,1],"migratable":true,"type":"object"},"messages":25,"to":{"home":0,"seq_id":4325376012,"migratable":false,"objgroup_id":1081344003,"type":"object"},"type":"SendRecv"},{"bytes":58663.0,"from":{"collection_id":3,"home":0,"seq_id":1835011,"index":[0,6],"migratable":true,"type":"object"},"messages":25,"to":{"home":0,"seq_id":4325376012,"migratable":false,"objgroup_id":1081344003,"type":"object"},"type":"SendRecv"},{"bytes":212.0,"from":{"home":0,"seq_id":4325376012,"migratable":false,"objgroup_id":1081344003,"type":"object"},"messages":1,"to":{"collection_id":3,"home":0,"seq_id":1835011,"index":[0,6],"migratable":true,"type":"object"},"type":"SendRecv"},{"bytes":7856.0,"from":{"home":0,"seq_id":1,"migratable":false,"type":"object"},"messages":118,"to":{"home":1,"seq_id":5,"migratable":false,"type":"object"},"type":"SendRecv"},{"bytes":376.0,"from":{"home":0,"seq_id":1,"migratable":false,"type":"object"},"messages":2,"to":{"collection_id":3,"home":0,"seq_id":1835011,"index":[0,6],"migratable":true,"type":"object"},"type":"Broadcast"},{"bytes":168.0,"from":{"collection_id":3,"home":0,"seq_id":1572867,"index":[0,5],"migratable":true,"type":"object"},"messages":1,"to":{"collection_id":3,"home":0,"seq_id":1572867,"index":[0,5],"migratable":true,"type":"object"},"type":"SendRecv"},{"bytes":168.0,"from":{"collection_id":3,"home":0,"seq_id":2097155,"index":[0,7],"migratable":true,"type":"object"},"messages":1,"to":{"collection_id":3,"home":0,"seq_id":2097155,"index":[0,7],"migratable":true,"type":"object"},"type":"SendRecv"},{"bytes":168.0,"from":{"collection_id":3,"home":0,"seq_id":1310723,"index":[0,4],"migratable":true,"type":"object"},"messages":1,"to":{"collection_id":3,"home":0,"seq_id":1310723,"index":[0,4],"migratable":true,"type":"object"},"type":"SendRecv"},{"bytes":168.0,"from":{"collection_id":3,"home":0,"seq_id":524291,"index":[0,1],"migratable":true,"type":"object"},"messages":1,"to":{"collection_id":3,"home":0,"seq_id":524291,"index":[0,1],"migratable":true,"type":"object"},"type":"SendRecv"},{"bytes":880.0,"from":{"home":0,"seq_id":1,"migratable":false,"type":"object"},"messages":9,"to":{"home":0,"seq_id":1,"migratable":false,"type":"object"},"type":"SendRecv"},{"bytes":168.0,"from":{"collection_id":3,"home":0,"seq_id":1835011,"index":[0,6],"migratable":true,"type":"object"},"messages":1,"to":{"collection_id":3,"home":0,"seq_id":1835011,"index":[0,6],"migratable":true,"type":"object"},"type":"SendRecv"},{"bytes":168.0,"from":{"collection_id":3,"home":0,"seq_id":1048579,"index":[0,3],"migratable":true,"type":"object"},"messages":1,"to":{"collection_id":3,"home":0,"seq_id":1048579,"index":[0,3],"migratable":true,"type":"object"},"type":"SendRecv"},{"bytes":168.0,"from":{"collection_id":3,"home":0,"seq_id":262147,"index":[0,0],"migratable":true,"type":"object"},"messages":1,"to":{"collection_id":3,"home":0,"seq_id":262147,"index":[0,0],"migratable":true,"type":"object"},"type":"SendRecv"},{"bytes":168.0,"from":{"collection_id":3,"home":0,"seq_id":786435,"index":[0,2],"migratable":true,"type":"object"},"messages":1,"to":{"collection_id":3,"home":0,"seq_id":786435,"index":[0,2],"migratable":true,"type":"object"},"type":"SendRecv"},{"bytes":376.0,"from":{"home":0,"seq_id":1,"migratable":false,"type":"object"},"messages":2,"to":{"collection_id":3,"home":0,"seq_id":524291,"index":[0,1],"migratable":true,"type":"object"},"type":"Broadcast"},{"bytes":53551.0,"from":{"collection_id":3,"home":0,"seq_id":2097155,"index":[0,7],"migratable":true,"type":"object"},"messages":25,"to":{"home":0,"seq_id":4325376012,"migratable":false,"objgroup_id":1081344003,"type":"object"},"type":"SendRecv"},{"bytes":212.0,"from":{"home":0,"seq_id":4325376012,"migratable":false,"objgroup_id":1081344003,"type":"object"},"messages":1,"to":{"collection_id":3,"home":0,"seq_id":2097155,"index":[0,7],"migratable":true,"type":"object"},"type":"SendRecv"},{"bytes":7856.0,"from":{"home":0,"seq_id":1,"migratable":false,"type":"object"},"messages":118,"to":{"home":2,"seq_id":9,"migratable":false,"type":"object"},"type":"SendRecv"},{"bytes":376.0,"from":{"home":0,"seq_id":1,"migratable":false,"type":"object"},"messages":2,"to":{"collection_id":3,"home":0,"seq_id":1048579,"index":[0,3],"migratable":true,"type":"object"},"type":"Broadcast"},{"bytes":212.0,"from":{"home":0,"seq_id":4325376012,"migratable":false,"objgroup_id":1081344003,"type":"object"},"messages":1,"to":{"collection_id":3,"home":0,"seq_id":1048579,"index":[0,3],"migratable":true,"type":"object"},"type":"SendRecv"},{"bytes":58151.0,"from":{"collection_id":3,"home":0,"seq_id":1048579,"index":[0,3],"migratable":true,"type":"object"},"messages":25,"to":{"home":0,"seq_id":4325376012,"migratable":false,"objgroup_id":1081344003,"type":"object"},"type":"SendRecv"},{"bytes":376.0,"from":{"home":0,"seq_id":1,"migratable":false,"type":"object"},"messages":2,"to":{"collection_id":3,"home":0,"seq_id":262147,"index":[0,0],"migratable":true,"type":"object"},"type":"Broadcast"},{"bytes":212.0,"from":{"home":0,"seq_id":4325376012,"migratable":false,"objgroup_id":1081344003,"type":"object"},"messages":1,"to":{"collection_id":3,"home":0,"seq_id":262147,"index":[0,0],"migratable":true,"type":"object"},"type":"SendRecv"},{"bytes":39623.0,"from":{"collection_id":3,"home":0,"seq_id":262147,"index":[0,0],"migratable":true,"type":"object"},"messages":25,"to":{"home":0,"seq_id":4325376012,"migratable":false,"objgroup_id":1081344003,"type":"object"},"type":"SendRecv"},{"bytes":376.0,"from":{"home":0,"seq_id":1,"migratable":false,"type":"object"},"messages":2,"to":{"collection_id":3,"home":0,"seq_id":786435,"index":[0,2],"migratable":true,"type":"object"},"type":"Broadcast"},{"bytes":77047.0,"from":{"collection_id":3,"home":0,"seq_id":786435,"index":[0,2],"migratable":true,"type":"object"},"messages":25,"to":{"home":0,"seq_id":4325376012,"migratable":false,"objgroup_id":1081344003,"type":"object"},"type":"SendRecv"},{"bytes":212.0,"from":{"home":0,"seq_id":4325376012,"migratable":false,"objgroup_id":1081344003,"type":"object"},"messages":1,"to":{"collection_id":3,"home":0,"seq_id":786435,"index":[0,2],"migratable":true,"type":"object"},"type":"SendRecv"}],"id":8,"tasks":[{"entity":{"collection_id":3,"home":0,"seq_id":1572867,"index":[0,5],"migratable":true,"type":"object"},"node":0,"resource":"cpu","subphases":[{"id":0,"time":1.6569999985449613e-06},{"id":1,"time":4.325799999094215e-05},{"id":2,"time":6.73099999914939e-06},{"id":3,"time":0.00022572900000739082},{"id":4,"time":5.6757999999490494e-05},{"id":5,"time":0.0003071900000009009},{"id":6,"time":1.5130000008412026e-06},{"id":7,"time":4.007799999783401e-05},{"id":8,"time":1.554000000680844e-06},{"id":9,"time":6.578000004253681e-06},{"id":10,"time":0.00020725299999213576},{"id":11,"time":0.0007727010000095902},{"id":12,"time":1.5299999986950752e-06},{"id":13,"time":4.304999997373216e-06}],"time":0.0016855599999914261},{"entity":{"collection_id":3,"home":0,"seq_id":2097155,"index":[0,7],"migratable":true,"type":"object"},"node":0,"resource":"cpu","subphases":[{"id":0,"time":1.638000000525608e-06},{"id":1,"time":3.961299999843959e-05},{"id":2,"time":8.761999993112113e-06},{"id":3,"time":0.00016483799999633675},{"id":4,"time":7.421300000487463e-05},{"id":5,"time":0.00026935399999672427},{"id":6,"time":1.6090000016788508e-06},{"id":7,"time":3.9733999997793035e-05},{"id":8,"time":1.6870000010271724e-06},{"id":9,"time":4.970999995634884e-06},{"id":10,"time":0.0002102099999916618},{"id":11,"time":0.0007826589999950784},{"id":12,"time":1.4830000054644188e-06},{"id":13,"time":3.7630000093713534e-06}],"time":0.0016142099999854054},{"entity":{"collection_id":3,"home":0,"seq_id":1310723,"index":[0,4],"migratable":true,"type":"object"},"node":0,"resource":"cpu","subphases":[{"id":0,"time":1.4809999981935107e-06},{"id":1,"time":4.4080999998641346e-05},{"id":2,"time":7.108000005473514e-06},{"id":3,"time":0.0002043379999889794},{"id":4,"time":6.003300000401168e-05},{"id":5,"time":0.00024897099999066086},{"id":6,"time":1.5110000006757218e-06},{"id":7,"time":3.735300000329289e-05},{"id":8,"time":1.4900000024908877e-06},{"id":9,"time":4.935000006867085e-06},{"id":10,"time":0.0001970410000069478},{"id":11,"time":0.0007491419999965387},{"id":12,"time":1.5429999962179863e-06},{"id":13,"time":3.6620000045672896e-06}],"time":0.0015719500000059838},{"entity":{"collection_id":3,"home":0,"seq_id":262147,"index":[0,0],"migratable":true,"type":"object"},"node":0,"resource":"cpu","subphases":[{"id":0,"time":1.959999998746298e-06},{"id":1,"time":3.9620999991996086e-05},{"id":2,"time":6.688999995674294e-06},{"id":3,"time":0.00018924399999775687},{"id":4,"time":5.0374000011288445e-05},{"id":5,"time":0.00029196599999892214},{"id":6,"time":3.4420000005752627e-06},{"id":7,"time":5.472399999462141e-05},{"id":8,"time":1.5869999998585627e-06},{"id":9,"time":9.89099999770815e-06},{"id":10,"time":0.00024398199999353665},{"id":11,"time":0.0007656809999900815},{"id":12,"time":3.0229999978814703e-06},{"id":13,"time":3.689000003248566e-06}],"time":0.0016781909999750155},{"entity":{"home":0,"seq_id":4325376012,"migratable":false,"objgroup_id":1081344003,"type":"object"},"node":0,"resource":"cpu","subphases":[{"id":0,"time":0.0019804449999440976}],"time":0.0019804449999440976},{"entity":{"home":0,"seq_id":1,"migratable":false,"type":"object"},"node":0,"resource":"cpu","subphases":[{"id":0,"time":0.0017903290000162997}],"time":0.0017903290000162997},{"entity":{"collection_id":3,"home":0,"seq_id":786435,"index":[0,2],"migratable":true,"type":"object"},"node":0,"resource":"cpu","subphases":[{"id":0,"time":2.051000002722958e-06},{"id":1,"time":3.879900000924863e-05},{"id":2,"time":7.85999999664e-06},{"id":3,"time":0.00017464400000477553},{"id":4,"time":4.1381999999146046e-05},{"id":5,"time":0.000279348999995932},{"id":6,"time":1.526000005469541e-06},{"id":7,"time":3.7980999991305e-05},{"id":8,"time":1.523999998198633e-06},{"id":9,"time":5.204000004255249e-06},{"id":10,"time":0.00019766700000900528},{"id":11,"time":0.0007931960000036042},{"id":12,"time":1.6549999983794805e-06},{"id":13,"time":4.468000007307182e-06}],"time":0.0015989850000295291},{"entity":{"home":0,"seq_id":4322230284,"migratable":false,"objgroup_id":1080557571,"type":"object"},"node":0,"resource":"cpu","subphases":[{"id":0,"time":4.578999998727795e-06}],"time":4.578999998727795e-06},{"entity":{"collection_id":3,"home":0,"seq_id":524291,"index":[0,1],"migratable":true,"type":"object"},"node":0,"resource":"cpu","subphases":[{"id":0,"time":1.55299999704539e-06},{"id":1,"time":5.395100000527009e-05},{"id":2,"time":1.5717000003689918e-05},{"id":3,"time":0.000204497999988007},{"id":4,"time":5.752900000288719e-05},{"id":5,"time":0.00027164599999451866},{"id":6,"time":1.5629999978727938e-06},{"id":7,"time":4.2482999994319925e-05},{"id":8,"time":3.1809999967435942e-06},{"id":9,"time":6.001999992122364e-06},{"id":10,"time":0.0002223189999952524},{"id":11,"time":0.0008013060000067185},{"id":12,"time":1.6079999980433968e-06},{"id":13,"time":6.671000001290395e-06}],"time":0.0017020249999717407},{"entity":{"home":0,"seq_id":4308598796,"migratable":false,"objgroup_id":1077149699,"type":"object"},"node":0,"resource":"cpu","time":0.0},{"entity":{"home":0,"seq_id":4297064460,"migratable":false,"objgroup_id":1074266115,"type":"object"},"node":0,"resource":"cpu","time":0.0},{"entity":{"home":0,"seq_id":4323278860,"migratable":false,"objgroup_id":1080819715,"type":"object"},"node":0,"resource":"cpu","time":0.0},{"entity":{"collection_id":3,"home":0,"seq_id":1835011,"index":[0,6],"migratable":true,"type":"object"},"node":0,"resource":"cpu","subphases":[{"id":0,"time":1.615000002175293e-06},{"id":1,"time":3.898699999638211e-05},{"id":2,"time":8.565000001681256e-06},{"id":3,"time":0.00016779499999586278},{"id":4,"time":4.098700000554345e-05},{"id":5,"time":0.00025552800001094056},{"id":6,"time":1.6260000066381508e-06},{"id":7,"time":4.002400000757689e-05},{"id":8,"time":1.6239999993672427e-06},{"id":9,"time":5.63099999340011e-06},{"id":10,"time":0.0002170559999967736},{"id":11,"time":0.0007943079999890301},{"id":12,"time":1.8400000030283081e-06},{"id":13,"time":4.217000004302918e-06}],"time":0.0016024090000072988},{"entity":{"home":0,"seq_id":4304404492,"migratable":false,"objgroup_id":1076101123,"type":"object"},"node":0,"resource":"cpu","time":0.0},{"entity":{"collection_id":3,"home":0,"seq_id":1048579,"index":[0,3],"migratable":true,"type":"object"},"node":0,"resource":"cpu","subphases":[{"id":0,"time":1.8980000007218223e-06},{"id":1,"time":3.825399999612955e-05},{"id":2,"time":6.835000000648961e-06},{"id":3,"time":0.00018547300000193445},{"id":4,"time":4.15230000001543e-05},{"id":5,"time":0.0002734070000016686},{"id":6,"time":1.544999996383467e-06},{"id":7,"time":3.9074999996557835e-05},{"id":8,"time":1.57000000200469e-06},{"id":9,"time":5.248000000790398e-06},{"id":10,"time":0.00022340299999967783},{"id":11,"time":0.000777126999992106},{"id":12,"time":1.507999996874787e-06},{"id":13,"time":3.714999991188961e-06}],"time":0.0016103539999789973}]},{"communications":[{"bytes":8799.0,"from":{"collection_id":3,"home":0,"seq_id":1572867,"index":[0,5],"migratable":true,"type":"object"},"messages":25,"to":{"home":0,"seq_id":4325376012,"migratable":false,"objgroup_id":1081344003,"type":"object"},"type":"SendRecv"},{"bytes":212.0,"from":{"home":0,"seq_id":4325376012,"migratable":false,"objgroup_id":1081344003,"type":"object"},"messages":1,"to":{"collection_id":3,"home":0,"seq_id":1572867,"index":[0,5],"migratable":true,"type":"object"},"type":"SendRecv"},{"bytes":376.0,"from":{"home":0,"seq_id":1,"migratable":false,"type":"object"},"messages":2,"to":{"collection_id":3,"home":0,"seq_id":1572867,"index":[0,5],"migratable":true,"type":"object"},"type":"Broadcast"},{"bytes":376.0,"from":{"home":0,"seq_id":1,"migratable":false,"type":"object"},"messages":2,"to":{"collection_id":3,"home":0,"seq_id":2097155,"index":[0,7],"migratable":true,"type":"object"},"type":"Broadcast"},{"bytes":8663.0,"from":{"collection_id":3,"home":0,"seq_id":1310723,"index":[0,4],"migratable":true,"type":"object"},"messages":25,"to":{"home":0,"seq_id":4325376012,"migratable":false,"objgroup_id":1081344003,"type":"object"},"type":"SendRecv"},{"bytes":212.0,"from":{"home":0,"seq_id":4325376012,"migratable":false,"objgroup_id":1081344003,"type":"object"},"messages":1,"to":{"collection_id":3,"home":0,"seq_id":1310723,"index":[0,4],"migratable":true,"type":"object"},"type":"SendRecv"},{"bytes":376.0,"from":{"home":0,"seq_id":1,"migratable":false,"type":"object"},"messages":2,"to":{"collection_id":3,"home":0,"seq_id":1310723,"index":[0,4],"migratable":true,"type":"object"},"type":"Broadcast"},{"bytes":77047.0,"from":{"collection_id":3,"home":0,"seq_id":786435,"index":[0,2],"migratable":true,"type":"object"},"messages":25,"to":{"home":0,"seq_id":4325376012,"migratable":false,"objgroup_id":1081344003,"type":"object"},"type":"SendRecv"},{"bytes":212.0,"from":{"home":0,"seq_id":4325376012,"migratable":false,"objgroup_id":1081344003,"type":"object"},"messages":1,"to":{"collection_id":3,"home":0,"seq_id":786435,"index":[0,2],"migratable":true,"type":"object"},"type":"SendRecv"},{"bytes":212.0,"from":{"home":0,"seq_id":4325376012,"migratable":false,"objgroup_id":1081344003,"type":"object"},"messages":1,"to":{"collection_id":3,"home":0,"seq_id":524291,"index":[0,1],"migratable":true,"type":"object"},"type":"SendRecv"},{"bytes":33031.0,"from":{"collection_id":3,"home":0,"seq_id":524291,"index":[0,1],"migratable":true,"type":"object"},"messages":25,"to":{"home":0,"seq_id":4325376012,"migratable":false,"objgroup_id":1081344003,"type":"object"},"type":"SendRecv"},{"bytes":168.0,"from":{"collection_id":3,"home":0,"seq_id":524291,"index":[0,1],"migratable":true,"type":"object"},"messages":1,"to":{"home":0,"seq_id":4322230284,"migratable":false,"objgroup_id":1080557571,"type":"object"},"type":"SendRecv"},{"bytes":58663.0,"from":{"collection_id":3,"home":0,"seq_id":1835011,"index":[0,6],"migratable":true,"type":"object"},"messages":25,"to":{"home":0,"seq_id":4325376012,"migratable":false,"objgroup_id":1081344003,"type":"object"},"type":"SendRecv"},{"bytes":212.0,"from":{"home":0,"seq_id":4325376012,"migratable":false,"objgroup_id":1081344003,"type":"object"},"messages":1,"to":{"collection_id":3,"home":0,"seq_id":1835011,"index":[0,6],"migratable":true,"type":"object"},"type":"SendRecv"},{"bytes":7984.0,"from":{"home":0,"seq_id":1,"migratable":false,"type":"object"},"messages":120,"to":{"home":1,"seq_id":5,"migratable":false,"type":"object"},"type":"SendRecv"},{"bytes":376.0,"from":{"home":0,"seq_id":1,"migratable":false,"type":"object"},"messages":2,"to":{"collection_id":3,"home":0,"seq_id":1835011,"index":[0,6],"migratable":true,"type":"object"},"type":"Broadcast"},{"bytes":168.0,"from":{"collection_id":3,"home":0,"seq_id":1572867,"index":[0,5],"migratable":true,"type":"object"},"messages":1,"to":{"collection_id":3,"home":0,"seq_id":1572867,"index":[0,5],"migratable":true,"type":"object"},"type":"SendRecv"},{"bytes":168.0,"from":{"collection_id":3,"home":0,"seq_id":2097155,"index":[0,7],"migratable":true,"type":"object"},"messages":1,"to":{"collection_id":3,"home":0,"seq_id":2097155,"index":[0,7],"migratable":true,"type":"object"},"type":"SendRecv"},{"bytes":168.0,"from":{"collection_id":3,"home":0,"seq_id":1310723,"index":[0,4],"migratable":true,"type":"object"},"messages":1,"to":{"collection_id":3,"home":0,"seq_id":1310723,"index":[0,4],"migratable":true,"type":"object"},"type":"SendRecv"},{"bytes":880.0,"from":{"home":0,"seq_id":1,"migratable":false,"type":"object"},"messages":9,"to":{"home":0,"seq_id":1,"migratable":false,"type":"object"},"type":"SendRecv"},{"bytes":168.0,"from":{"collection_id":3,"home":0,"seq_id":1835011,"index":[0,6],"migratable":true,"type":"object"},"messages":1,"to":{"collection_id":3,"home":0,"seq_id":1835011,"index":[0,6],"migratable":true,"type":"object"},"type":"SendRecv"},{"bytes":168.0,"from":{"collection_id":3,"home":0,"seq_id":524291,"index":[0,1],"migratable":true,"type":"object"},"messages":1,"to":{"collection_id":3,"home":0,"seq_id":524291,"index":[0,1],"migratable":true,"type":"object"},"type":"SendRecv"},{"bytes":168.0,"from":{"collection_id":3,"home":0,"seq_id":1048579,"index":[0,3],"migratable":true,"type":"object"},"messages":1,"to":{"collection_id":3,"home":0,"seq_id":1048579,"index":[0,3],"migratable":true,"type":"object"},"type":"SendRecv"},{"bytes":168.0,"from":{"collection_id":3,"home":0,"seq_id":262147,"index":[0,0],"migratable":true,"type":"object"},"messages":1,"to":{"collection_id":3,"home":0,"seq_id":262147,"index":[0,0],"migratable":true,"type":"object"},"type":"SendRecv"},{"bytes":168.0,"from":{"collection_id":3,"home":0,"seq_id":786435,"index":[0,2],"migratable":true,"type":"object"},"messages":1,"to":{"collection_id":3,"home":0,"seq_id":786435,"index":[0,2],"migratable":true,"type":"object"},"type":"SendRecv"},{"bytes":53551.0,"from":{"collection_id":3,"home":0,"seq_id":2097155,"index":[0,7],"migratable":true,"type":"object"},"messages":25,"to":{"home":0,"seq_id":4325376012,"migratable":false,"objgroup_id":1081344003,"type":"object"},"type":"SendRecv"},{"bytes":212.0,"from":{"home":0,"seq_id":4325376012,"migratable":false,"objgroup_id":1081344003,"type":"object"},"messages":1,"to":{"collection_id":3,"home":0,"seq_id":2097155,"index":[0,7],"migratable":true,"type":"object"},"type":"SendRecv"},{"bytes":7984.0,"from":{"home":0,"seq_id":1,"migratable":false,"type":"object"},"messages":120,"to":{"home":2,"seq_id":9,"migratable":false,"type":"object"},"type":"SendRecv"},{"bytes":376.0,"from":{"home":0,"seq_id":1,"migratable":false,"type":"object"},"messages":2,"to":{"collection_id":3,"home":0,"seq_id":1048579,"index":[0,3],"migratable":true,"type":"object"},"type":"Broadcast"},{"bytes":376.0,"from":{"home":0,"seq_id":1,"migratable":false,"type":"object"},"messages":2,"to":{"collection_id":3,"home":0,"seq_id":524291,"index":[0,1],"migratable":true,"type":"object"},"type":"Broadcast"},{"bytes":212.0,"from":{"home":0,"seq_id":4325376012,"migratable":false,"objgroup_id":1081344003,"type":"object"},"messages":1,"to":{"collection_id":3,"home":0,"seq_id":1048579,"index":[0,3],"migratable":true,"type":"object"},"type":"SendRecv"},{"bytes":58151.0,"from":{"collection_id":3,"home":0,"seq_id":1048579,"index":[0,3],"migratable":true,"type":"object"},"messages":25,"to":{"home":0,"seq_id":4325376012,"migratable":false,"objgroup_id":1081344003,"type":"object"},"type":"SendRecv"},{"bytes":376.0,"from":{"home":0,"seq_id":1,"migratable":false,"type":"object"},"messages":2,"to":{"collection_id":3,"home":0,"seq_id":262147,"index":[0,0],"migratable":true,"type":"object"},"type":"Broadcast"},{"bytes":212.0,"from":{"home":0,"seq_id":4325376012,"migratable":false,"objgroup_id":1081344003,"type":"object"},"messages":1,"to":{"collection_id":3,"home":0,"seq_id":262147,"index":[0,0],"migratable":true,"type":"object"},"type":"SendRecv"},{"bytes":39623.0,"from":{"collection_id":3,"home":0,"seq_id":262147,"index":[0,0],"migratable":true,"type":"object"},"messages":25,"to":{"home":0,"seq_id":4325376012,"migratable":false,"objgroup_id":1081344003,"type":"object"},"type":"SendRecv"},{"bytes":376.0,"from":{"home":0,"seq_id":1,"migratable":false,"type":"object"},"messages":2,"to":{"collection_id":3,"home":0,"seq_id":786435,"index":[0,2],"migratable":true,"type":"object"},"type":"Broadcast"}],"id":9,"tasks":[{"entity":{"collection_id":3,"home":0,"seq_id":1572867,"index":[0,5],"migratable":true,"type":"object"},"node":0,"resource":"cpu","subphases":[{"id":0,"time":1.8889999964244453e-06},{"id":1,"time":4.299600000479131e-05},{"id":2,"time":7.695999997281433e-06},{"id":3,"time":0.0002285800000052518},{"id":4,"time":6.244300000446401e-05},{"id":5,"time":0.0003243839999882425},{"id":6,"time":1.6000000044869012e-06},{"id":7,"time":4.210099999824024e-05},{"id":8,"time":1.7139999997084487e-06},{"id":9,"time":7.10700000183806e-06},{"id":10,"time":0.00020109700000148223},{"id":11,"time":0.0007811299999929133},{"id":12,"time":1.5720000021701708e-06},{"id":13,"time":4.70199999824672e-06}],"time":0.0017179529999964416},{"entity":{"collection_id":3,"home":0,"seq_id":2097155,"index":[0,7],"migratable":true,"type":"object"},"node":0,"resource":"cpu","subphases":[{"id":0,"time":1.638000000525608e-06},{"id":1,"time":3.9620999999101514e-05},{"id":2,"time":7.1710000071334434e-06},{"id":3,"time":0.00017923300001143616},{"id":4,"time":7.46170000027746e-05},{"id":5,"time":0.0002663980000079391},{"id":6,"time":1.6930000015236146e-06},{"id":7,"time":3.9389999997752057e-05},{"id":8,"time":1.6009999939115005e-06},{"id":9,"time":5.311000002450328e-06},{"id":10,"time":0.00018976999999864574},{"id":11,"time":0.0007884659999959354},{"id":12,"time":1.5150000010066833e-06},{"id":13,"time":3.6720000053946933e-06}],"time":0.0016089570000303866},{"entity":{"collection_id":3,"home":0,"seq_id":1310723,"index":[0,4],"migratable":true,"type":"object"},"node":0,"resource":"cpu","subphases":[{"id":0,"time":1.9350000002305023e-06},{"id":1,"time":4.339499999872487e-05},{"id":2,"time":7.074999999190368e-06},{"id":3,"time":0.00017694700000703278},{"id":4,"time":4.500299999676827e-05},{"id":5,"time":0.0002467719999970086},{"id":6,"time":1.6079999980433968e-06},{"id":7,"time":3.95180000012374e-05},{"id":8,"time":1.6759999965643146e-06},{"id":9,"time":5.670000000179698e-06},{"id":10,"time":0.00019511300000374376},{"id":11,"time":0.0007493279999977176},{"id":12,"time":1.5179999977021907e-06},{"id":13,"time":3.7510000012730416e-06}],"time":0.0015322120000007544},{"entity":{"collection_id":3,"home":0,"seq_id":262147,"index":[0,0],"migratable":true,"type":"object"},"node":0,"resource":"cpu","subphases":[{"id":0,"time":1.8960000005563415e-06},{"id":1,"time":4.0262000005952814e-05},{"id":2,"time":1.649500000411308e-05},{"id":3,"time":0.00019196400000254243},{"id":4,"time":3.9142999987973326e-05},{"id":5,"time":0.0002902120000030095},{"id":6,"time":1.6649999992068842e-06},{"id":7,"time":5.819400000461883e-05},{"id":8,"time":1.6239999993672427e-06},{"id":9,"time":1.0537999990845037e-05},{"id":10,"time":0.0002560030000111624},{"id":11,"time":0.0008123799999992798},{"id":12,"time":3.1929999977364787e-06},{"id":13,"time":3.6309999984496244e-06}],"time":0.0017376079999991134},{"entity":{"home":0,"seq_id":4325376012,"migratable":false,"objgroup_id":1081344003,"type":"object"},"node":0,"resource":"cpu","subphases":[{"id":0,"time":0.0019944249999639396}],"time":0.0019944249999639396},{"entity":{"home":0,"seq_id":1,"migratable":false,"type":"object"},"node":0,"resource":"cpu","subphases":[{"id":0,"time":0.0018001880000610981}],"time":0.0018001880000610981},{"entity":{"collection_id":3,"home":0,"seq_id":786435,"index":[0,2],"migratable":true,"type":"object"},"node":0,"resource":"cpu","subphases":[{"id":0,"time":1.8550000007167e-06},{"id":1,"time":3.885000000281025e-05},{"id":2,"time":9.783000002983044e-06},{"id":3,"time":0.00019666400001483453},{"id":4,"time":5.296100000151682e-05},{"id":5,"time":0.00028418600000179595},{"id":6,"time":1.6810000005307302e-06},{"id":7,"time":3.919999999624224e-05},{"id":8,"time":1.863000001378623e-06},{"id":9,"time":5.5589999945482305e-06},{"id":10,"time":0.00019963400000477804},{"id":11,"time":0.0007964800000053174},{"id":12,"time":1.5309999952251019e-06},{"id":13,"time":4.027999999323129e-06}],"time":0.0016443540000210533},{"entity":{"home":0,"seq_id":4322230284,"migratable":false,"objgroup_id":1080557571,"type":"object"},"node":0,"resource":"cpu","subphases":[{"id":0,"time":3.974999998490603e-06}],"time":3.974999998490603e-06},{"entity":{"collection_id":3,"home":0,"seq_id":524291,"index":[0,1],"migratable":true,"type":"object"},"node":0,"resource":"cpu","subphases":[{"id":0,"time":1.5799999957266664e-06},{"id":1,"time":5.3773000011858585e-05},{"id":2,"time":7.273999997892133e-06},{"id":3,"time":0.00021030899999630037},{"id":4,"time":6.407799999408326e-05},{"id":5,"time":0.0002896129999996333},{"id":6,"time":3.3609999974260063e-06},{"id":7,"time":4.584799999207689e-05},{"id":8,"time":3.17700000351806e-06},{"id":9,"time":6.462999998291252e-06},{"id":10,"time":0.00021757099999319962},{"id":11,"time":0.0007707319999923357},{"id":12,"time":1.5430000033234137e-06},{"id":13,"time":7.080000003156783e-06}],"time":0.0016943839999754573},{"entity":{"home":0,"seq_id":4308598796,"migratable":false,"objgroup_id":1077149699,"type":"object"},"node":0,"resource":"cpu","time":0.0},{"entity":{"home":0,"seq_id":4297064460,"migratable":false,"objgroup_id":1074266115,"type":"object"},"node":0,"resource":"cpu","time":0.0},{"entity":{"home":0,"seq_id":4323278860,"migratable":false,"objgroup_id":1080819715,"type":"object"},"node":0,"resource":"cpu","time":0.0},{"entity":{"collection_id":3,"home":0,"seq_id":1835011,"index":[0,6],"migratable":true,"type":"object"},"node":0,"resource":"cpu","subphases":[{"id":0,"time":2.3209999966411488e-06},{"id":1,"time":3.9487999998755186e-05},{"id":2,"time":8.20300000015095e-06},{"id":3,"time":0.00019511899999713478},{"id":4,"time":3.983899999582263e-05},{"id":5,"time":0.00026064300001138463},{"id":6,"time":1.7220000003703717e-06},{"id":7,"time":4.071900000468531e-05},{"id":8,"time":1.6119999983743583e-06},{"id":9,"time":6.3019999956281936e-06},{"id":10,"time":0.00021028400000489},{"id":11,"time":0.0008004749999983574},{"id":12,"time":1.7469999988861673e-06},{"id":13,"time":3.8009999983046328e-06}],"time":0.001633750000003431},{"entity":{"home":0,"seq_id":4304404492,"migratable":false,"objgroup_id":1076101123,"type":"object"},"node":0,"resource":"cpu","time":0.0},{"entity":{"collection_id":3,"home":0,"seq_id":1048579,"index":[0,3],"migratable":true,"type":"object"},"node":0,"resource":"cpu","subphases":[{"id":0,"time":1.89200000022538e-06},{"id":1,"time":3.906699999589591e-05},{"id":2,"time":9.089000002404646e-06},{"id":3,"time":0.00019644600000390255},{"id":4,"time":4.161699998661561e-05},{"id":5,"time":0.00024876200001244797},{"id":6,"time":1.705000002516499e-06},{"id":7,"time":4.264200000392293e-05},{"id":8,"time":1.5190000013376448e-06},{"id":9,"time":5.869000005986891e-06},{"id":10,"time":0.0002143239999981006},{"id":11,"time":0.00080887500000415},{"id":12,"time":1.5569999973763515e-06},{"id":13,"time":3.576000004557045e-06}],"time":0.0016266940000093655}]}],"type":"LBDatafile"}