{"phases":[{"communications":[{"bytes":376.0,"from":{"home":0,"seq_id":1,"migratable":false,"type":"object"},"messages":2,"to":{"collection_id":3,"home":2,"seq_id":1310731,"index":[2,4],"migratable":true,"type":"object"},"type":"Broadcast"},{"bytes":212.0,"from":{"home":2,"seq_id":4325376044,"migratable":false,"objgroup_id":1081344003,"type":"object"},"messages":1,"to":{"collection_id":3,"home":2,"seq_id":1310731,"index":[2,4],"migratable":true,"type":"object"},"type":"SendRecv"},{"bytes":52143.0,"from":{"collection_id":3,"home":2,"seq_id":1310731,"index":[2,4],"migratable":true,"type":"object"},"messages":25,"to":{"home":2,"seq_id":4325376044,"migratable":false,"objgroup_id":1081344003,"type":"object"},"type":"SendRecv"},{"bytes":168.0,"from":{"collection_id":3,"home":2,"seq_id":1310731,"index":[2,4],"migratable":true,"type":"object"},"messages":1,"to":{"home":2,"seq_id":4322230316,"migratable":false,"objgroup_id":1080557571,"type":"object"},"type":"SendRecv"},{"bytes":19943.0,"from":{"collection_id":3,"home":2,"seq_id":262155,"index":[2,0],"migratable":true,"type":"object"},"messages":25,"to":{"home":2,"seq_id":4325376044,"migratable":false,"objgroup_id":1081344003,"type":"object"},"type":"SendRecv"},{"bytes":212.0,"from":{"home":2,"seq_id":4325376044,"migratable":false,"objgroup_id":1081344003,"type":"object"},"messages":1,"to":{"collection_id":3,"home":2,"seq_id":262155,"index":[2,0],"migratable":true,"type":"object"},"type":"SendRecv"},{"bytes":376.0,"from":{"home":0,"seq_id":1,"migratable":false,"type":"object"},"messages":2,"to":{"collection_id":3,"home":2,"seq_id":262155,"index":[2,0],"migratable":true,"type":"object"},"type":"Broadcast"},{"bytes":50431.0,"from":{"collection_id":3,"home":2,"seq_id":1835019,"index":[2,6],"migratable":true,"type":"object"},"messages":25,"to":{"home":2,"seq_id":4325376044,"migratable":false,"objgroup_id":1081344003,"type":"object"},"type":"SendRecv"},{"bytes":212.0,"from":{"home":2,"seq_id":4325376044,"migratable":false,"objgroup_id":1081344003,"type":"object"},"messages":1,"to":{"collection_id":3,"home":2,"seq_id":1835019,"index":[2,6],"migratable":true,"type":"object"},"type":"SendRecv"},{"bytes":376.0,"from":{"home":0,"seq_id":1,"migratable":false,"type":"object"},"messages":2,"to":{"collection_id":3,"home":2,"seq_id":1835019,"index":[2,6],"migratable":true,"type":"object"},"type":"Broadcast"},{"bytes":376.0,"from":{"home":0,"seq_id":1,"migratable":false,"type":"object"},"messages":2,"to":{"collection_id":3,"home":2,"seq_id":2097163,"index":[2,7],"migratable":true,"type":"object"},"type":"Broadcast"},{"bytes":704.0,"from":{"home":2,"seq_id":9,"migratable":false,"type":"object"},"messages":9,"to":{"home":6,"seq_id":25,"migratable":false,"type":"object"},"type":"SendRecv"},{"bytes":376.0,"from":{"home":0,"seq_id":1,"migratable":false,"type":"object"},"messages":2,"to":{"collection_id":3,"home":2,"seq_id":1048587,"index":[2,3],"migratable":true,"type":"object"},"type":"Broadcast"},{"bytes":376.0,"from":{"home":0,"seq_id":1,"migratable":false,"type":"object"},"messages":2,"to":{"collection_id":3,"home":2,"seq_id":1572875,"index":[2,5],"migratable":true,"type":"object"},"type":"Broadcast"},{"bytes":704.0,"from":{"home":2,"seq_id":9,"migratable":false,"type":"object"},"messages":9,"to":{"home":5,"seq_id":21,"migratable":false,"type":"object"},"type":"SendRecv"},{"bytes":46255.0,"from":{"collection_id":3,"home":2,"seq_id":2097163,"index":[2,7],"migratable":true,"type":"object"},"messages":25,"to":{"home":2,"seq_id":4325376044,"migratable":false,"objgroup_id":1081344003,"type":"object"},"type":"SendRecv"},{"bytes":212.0,"from":{"home":2,"seq_id":4325376044,"migratable":false,"objgroup_id":1081344003,"type":"object"},"messages":1,"to":{"collection_id":3,"home":2,"seq_id":2097163,"index":[2,7],"migratable":true,"type":"object"},"type":"SendRecv"},{"bytes":9432.0,"from":{"home":2,"seq_id":9,"migratable":false,"type":"object"},"messages":122,"to":{"home":0,"seq_id":1,"migratable":false,"type":"object"},"type":"SendRecv"},{"bytes":212.0,"from":{"home":2,"seq_id":4325376044,"migratable":false,"objgroup_id":1081344003,"type":"object"},"messages":1,"to":{"collection_id":3,"home":2,"seq_id":1572875,"index":[2,5],"migratable":true,"type":"object"},"type":"SendRecv"},{"bytes":47231.0,"from":{"collection_id":3,"home":2,"seq_id":1572875,"index":[2,5],"migratable":true,"type":"object"},"messages":25,"to":{"home":2,"seq_id":4325376044,"migratable":false,"objgroup_id":1081344003,"type":"object"},"type":"SendRecv"},{"bytes":168.0,"from":{"collection_id":3,"home":2,"seq_id":1310731,"index":[2,4],"migratable":true,"type":"object"},"messages":1,"to":{"collection_id":3,"home":2,"seq_id":1310731,"index":[2,4],"migratable":true,"type":"object"},"type":"SendRecv"},{"bytes":168.0,"from":{"collection_id":3,"home":2,"seq_id":262155,"index":[2,0],"migratable":true,"type":"object"},"messages":1,"to":{"collection_id":3,"home":2,"seq_id":262155,"index":[2,0],"migratable":true,"type":"object"},"type":"SendRecv"},{"bytes":168.0,"from":{"collection_id":3,"home":2,"seq_id":1835019,"index":[2,6],"migratable":true,"type":"object"},"messages":1,"to":{"collection_id":3,"home":2,"seq_id":1835019,"index":[2,6],"migratable":true,"type":"object"},"type":"SendRecv"},{"bytes":168.0,"from":{"collection_id":3,"home":2,"seq_id":1572875,"index":[2,5],"migratable":true,"type":"object"},"messages":1,"to":{"collection_id":3,"home":2,"seq_id":1572875,"index":[2,5],"migratable":true,"type":"object"},"type":"SendRecv"},{"bytes":168.0,"from":{"collection_id":3,"home":2,"seq_id":2097163,"index":[2,7],"migratable":true,"type":"object"},"messages":1,"to":{"collection_id":3,"home":2,"seq_id":2097163,"index":[2,7],"migratable":true,"type":"object"},"type":"SendRecv"},{"bytes":168.0,"from":{"collection_id":3,"home":2,"seq_id":786443,"index":[2,2],"migratable":true,"type":"object"},"messages":1,"to":{"collection_id":3,"home":2,"seq_id":786443,"index":[2,2],"migratable":true,"type":"object"},"type":"SendRecv"},{"bytes":168.0,"from":{"collection_id":3,"home":2,"seq_id":524299,"index":[2,1],"migratable":true,"type":"object"},"messages":1,"to":{"collection_id":3,"home":2,"seq_id":524299,"index":[2,1],"migratable":true,"type":"object"},"type":"SendRecv"},{"bytes":168.0,"from":{"collection_id":3,"home":2,"seq_id":1048587,"index":[2,3],"migratable":true,"type":"object"},"messages":1,"to":{"collection_id":3,"home":2,"seq_id":1048587,"index":[2,3],"migratable":true,"type":"object"},"type":"SendRecv"},{"bytes":376.0,"from":{"home":0,"seq_id":1,"migratable":false,"type":"object"},"messages":2,"to":{"collection_id":3,"home":2,"seq_id":786443,"index":[2,2],"migratable":true,"type":"object"},"type":"Broadcast"},{"bytes":212.0,"from":{"home":2,"seq_id":4325376044,"migratable":false,"objgroup_id":1081344003,"type":"object"},"messages":1,"to":{"collection_id":3,"home":2,"seq_id":786443,"index":[2,2],"migratable":true,"type":"object"},"type":"SendRecv"},{"bytes":54231.0,"from":{"collection_id":3,"home":2,"seq_id":786443,"index":[2,2],"migratable":true,"type":"object"},"messages":25,"to":{"home":2,"seq_id":4325376044,"migratable":false,"objgroup_id":1081344003,"type":"object"},"type":"SendRecv"},{"bytes":376.0,"from":{"home":0,"seq_id":1,"migratable":false,"type":"object"},"messages":2,"to":{"collection_id":3,"home":2,"seq_id":524299,"index":[2,1],"migratable":true,"type":"object"},"type":"Broadcast"},{"bytes":212.0,"from":{"home":2,"seq_id":4325376044,"migratable":false,"objgroup_id":1081344003,"type":"object"},"messages":1,"to":{"collection_id":3,"home":2,"seq_id":524299,"index":[2,1],"migratable":true,"type":"object"},"type":"SendRecv"},{"bytes":18647.0,"from":{"collection_id":3,"home":2,"seq_id":524299,"index":[2,1],"migratable":true,"type":"object"},"messages":25,"to":{"home":2,"seq_id":4325376044,"migratable":false,"objgroup_id":1081344003,"type":"object"},"type":"SendRecv"},{"bytes":49247.0,"from":{"collection_id":3,"home":2,"seq_id":1048587,"index":[2,3],"migratable":true,"type":"object"},"messages":25,"to":{"home":2,"seq_id":4325376044,"migratable":false,"objgroup_id":1081344003,"type":"object"},"type":"SendRecv"},{"bytes":212.0,"from":{"home":2,"seq_id":4325376044,"migratable":false,"objgroup_id":1081344003,"type":"object"},"messages":1,"to":{"collection_id":3,"home":2,"seq_id":1048587,"index":[2,3],"migratable":true,"type":"object"},"type":"SendRecv"}],"id":8,"tasks":[{"entity":{"collection_id":3,"home":2,"seq_id":1310731,"index":[2,4],"migratable":true,"type":"object"},"node":2,"resource":"cpu","subphases":[{"id":0,"time":1.740999998389725e-06},{"id":1,"time":3.869200001105355e-05},{"id":2,"time":7.05499999753556e-06},{"id":3,"time":0.0002156400000004055},{"id":4,"time":5.044900000683583e-05},{"id":5,"time":0.00028133500000393497},{"id":6,"time":1.4570000033131691e-06},{"id":7,"time":3.6551999997413986e-05},{"id":8,"time":1.5549999972108708e-06},{"id":9,"time":5.85000000086211e-06},{"id":10,"time":0.00020711699999509392},{"id":11,"time":0.0007576249999985407},{"id":12,"time":1.5949999934150583e-06},{"id":13,"time":3.7160000019298423e-06}],"time":0.001619402000009984},{"entity":{"collection_id":3,"home":2,"seq_id":262155,"index":[2,0],"migratable":true,"type":"object"},"node":2,"resource":"cpu","subphases":[{"id":0,"time":1.6389999970556346e-06},{"id":1,"time":3.666499999610551e-05},{"id":2,"time":2.462400000524667e-05},{"id":3,"time":0.0002089010000005942},{"id":4,"time":4.7318000014229256e-05},{"id":5,"time":0.00027768599998978516},{"id":6,"time":1.5300000058005025e-06},{"id":7,"time":4.449300000430867e-05},{"id":8,"time":1.5669999982037552e-06},{"id":9,"time":5.280999999968117e-06},{"id":10,"time":0.000194180999997684},{"id":11,"time":0.0007608099999956153},{"id":12,"time":1.4390000018238425e-06},{"id":13,"time":3.554000002736757e-06}],"time":0.0016180530000156068},{"entity":{"collection_id":3,"home":2,"seq_id":1835019,"index":[2,6],"migratable":true,"type":"object"},"node":2,"resource":"cpu","subphases":[{"id":0,"time":2.043000002061035e-06},{"id":1,"time":4.8361999986923365e-05},{"id":2,"time":8.70500000615948e-06},{"id":3,"time":0.00021541999999641348},{"id":4,"time":4.003900000526528e-05},{"id":5,"time":0.00028464399999705847},{"id":6,"time":1.5630000049782211e-06},{"id":7,"time":4.472799999888366e-05},{"id":8,"time":1.4719999938961337e-06},{"id":9,"time":6.6660000044294065e-06},{"id":10,"time":0.00023319800000365376},{"id":11,"time":0.000792261000000849},{"id":12,"time":1.4920000026563685e-06},{"id":13,"time":4.312000001505112e-06}],"time":0.001694090000007975},{"entity":{"collection_id":3,"home":2,"seq_id":1048587,"index":[2,3],"migratable":true,"type":"object"},"node":2,"resource":"cpu","subphases":[{"id":0,"time":1.6130000020098123e-06},{"id":1,"time":3.715999999798214e-05},{"id":2,"time":9.373000004586629e-06},{"id":3,"time":0.0001967270000022836},{"id":4,"time":4.89359999988892e-05},{"id":5,"time":0.0002616490000022509},{"id":6,"time":1.464000000339638e-06},{"id":7,"time":4.000899999567764e-05},{"id":8,"time":1.4750000048024958e-06},{"id":9,"time":5.274000010047075e-06},{"id":10,"time":0.0001867959999941604},{"id":11,"time":0.00076265400000608},{"id":12,"time":1.5289999950596211e-06},{"id":13,"time":3.37099999825341e-06}],"time":0.0015687240000090696},{"entity":{"collection_id":3,"home":2,"seq_id":524299,"index":[2,1],"migratable":true,"type":"object"},"node":2,"resource":"cpu","subphases":[{"id":0,"time":1.957999998580817e-06},{"id":1,"time":5.100299999583058e-05},{"id":2,"time":7.415000006005812e-06},{"id":3,"time":0.00023992899999569772},{"id":4,"time":4.034399999142124e-05},{"id":5,"time":0.0002697430000040413},{"id":6,"time":3.0300000020133666e-06},{"id":7,"time":3.719900000476173e-05},{"id":8,"time":2.973999997379906e-06},{"id":9,"time":9.923000007461269e-06},{"id":10,"time":0.0002513779999944177},{"id":11,"time":0.0007642180000075882},{"id":12,"time":3.074000005653943e-06},{"id":13,"time":5.879999996238894e-06}],"time":0.0017000590000080251},{"entity":{"home":2,"seq_id":4322230316,"migratable":false,"objgroup_id":1080557571,"type":"object"},"node":2,"resource":"cpu","subphases":[{"id":0,"time":4.18899999488076e-06}],"time":4.18899999488076e-06},{"entity":{"home":2,"seq_id":4323278892,"migratable":false,"objgroup_id":1080819715,"type":"object"},"node":2,"resource":"cpu","time":0.0},{"entity":{"home":2,"seq_id":9,"migratable":false,"type":"object"},"node":2,"resource":"cpu","subphases":[{"id":0,"time":0.0013437580000257299}],"time":0.0013437580000257299},{"entity":{"collection_id":3,"home":2,"seq_id":786443,"index":[2,2],"migratable":true,"type":"object"},"node":2,"resource":"cpu","subphases":[{"id":0,"time":1.7169999964039562e-06},{"id":1,"time":4.16379999990113e-05},{"id":2,"time":9.928000004322257e-06},{"id":3,"time":0.00021017000000256303},{"id":4,"time":4.450600000183158e-05},{"id":5,"time":0.00026901500000775513},{"id":6,"time":1.568999998369236e-06},{"id":7,"time":5.6925000002649995e-05},{"id":8,"time":1.6309999963937116e-06},{"id":9,"time":5.805999997221534e-06},{"id":10,"time":0.00021698900000188814},{"id":11,"time":0.0007637220000091816},{"id":12,"time":1.6430000044920234e-06},{"id":13,"time":3.9100000037706195e-06}],"time":0.00163970800002744},{"entity":{"home":2,"seq_id":4304404524,"migratable":false,"objgroup_id":1076101123,"type":"object"},"node":2,"resource":"cpu","time":0.0},{"entity":{"home":2,"seq_id":4325376044,"migratable":false,"objgroup_id":1081344003,"type":"object"},"node":2,"resource":"cpu","subphases":[{"id":0,"time":0.0019435470000175314}],"time":0.0019435470000175314},{"entity":{"collection_id":3,"home":2,"seq_id":2097163,"index":[2,7],"migratable":true,"type":"object"},"node":2,"resource":"cpu","subphases":[{"id":0,"time":1.872000005676e-06},{"id":1,"time":3.86499999933676e-05},{"id":2,"time":7.560999996769624e-06},{"id":3,"time":0.00021598600000061197},{"id":4,"time":8.697999999895956e-05},{"id":5,"time":0.0002991969999897037},{"id":6,"time":1.472000001001561e-06},{"id":7,"time":3.960099999034128e-05},{"id":8,"time":1.5160000046421374e-06},{"id":9,"time":6.816999999159634e-06},{"id":10,"time":0.00020157699999856504},{"id":11,"time":0.0007563549999929364},{"id":12,"time":1.4550000031476884e-06},{"id":13,"time":3.9470000032792996e-06}],"time":0.0016837449999798082},{"entity":{"home":2,"seq_id":4308598828,"migratable":false,"objgroup_id":1077149699,"type":"object"},"node":2,"resource":"cpu","time":0.0},{"entity":{"home":2,"seq_id":4297064492,"migratable":false,"objgroup_id":1074266115,"type":"object"},"node":2,"resource":"cpu","time":0.0},{"entity":{"collection_id":3,"home":2,"seq_id":1572875,"index":[2,5],"migratable":true,"type":"object"},"node":2,"resource":"cpu","subphases":[{"id":0,"time":1.6079999980433968e-06},{"id":1,"time":3.9192000002685745e-05},{"id":2,"time":7.453999998574545e-06},{"id":3,"time":0.00019544799999948737},{"id":4,"time":4.2758000006415386e-05},{"id":5,"time":0.0002693039999996927},{"id":6,"time":1.4489999955458188e-06},{"id":7,"time":3.710500000408956e-05},{"id":8,"time":1.4459999988503114e-06},{"id":9,"time":1.347299999565621e-05},{"id":10,"time":0.00021079999999784604},{"id":11,"time":0.0007557360000092217},{"id":12,"time":1.4849999985244722e-06},{"id":13,"time":3.320000004691792e-06}],"time":0.0015910930000089252}]},{"communications":[{"bytes":376.0,"from":{"home":0,"seq_id":1,"migratable":false,"type":"object"},"messages":2,"to":{"collection_id":3,"home":2,"seq_id":1310731,"index":[2,4],"migratable":true,"type":"object"},"type":"Broadcast"},{"bytes":212.0,"from":{"home":2,"seq_id":4325376044,"migratable":false,"objgroup_id":1081344003,"type":"object"},"messages":1,"to":{"collection_id":3,"home":2,"seq_id":1310731,"index":[2,4],"migratable":true,"type":"object"},"type":"SendRecv"},{"bytes":52143.0,"from":{"collection_id":3,"home":2,"seq_id":1310731,"index":[2,4],"migratable":true,"type":"object"},"messages":25,"to":{"home":2,"seq_id":4325376044,"migratable":false,"objgroup_id":1081344003,"type":"object"},"type":"SendRecv"},{"bytes":168.0,"from":{"collection_id":3,"home":2,"seq_id":1310731,"index":[2,4],"migratable":true,"type":"object"},"messages":1,"to":{"home":2,"seq_id":4322230316,"migratable":false,"objgroup_id":1080557571,"type":"object"},"type":"SendRecv"},{"bytes":19943.0,"from":{"collection_id":3,"home":2,"seq_id":262155,"index":[2,0],"migratable":true,"type":"object"},"messages":25,"to":{"home":2,"seq_id":4325376044,"migratable":false,"objgroup_id":1081344003,"type":"object"},"type":"SendRecv"},{"bytes":212.0,"from":{"home":2,"seq_id":4325376044,"migratable":false,"objgroup_id":1081344003,"type":"object"},"messages":1,"to":{"collection_id":3,"home":2,"seq_id":262155,"index":[2,0],"migratable":true,"type":"object"},"type":"SendRecv"},{"bytes":376.0,"from":{"home":0,"seq_id":1,"migratable":false,"type":"object"},"messages":2,"to":{"collection_id":3,"home":2,"seq_id":262155,"index":[2,0],"migratable":true,"type":"object"},"type":"Broadcast"},{"bytes":50431.0,"from":{"collection_id":3,"home":2,"seq_id":1835019,"index":[2,6],"migratable":true,"type":"object"},"messages":25,"to":{"home":2,"seq_id":4325376044,"migratable":false,"objgroup_id":1081344003,"type":"object"},"type":"SendRecv"},{"bytes":212.0,"from":{"home":2,"seq_id":4325376044,"migratable":false,"objgroup_id":1081344003,"type":"object"},"messages":1,"to":{"collection_id":3,"home":2,"seq_id":1835019,"index":[2,6],"migratable":true,"type":"object"},"type":"SendRecv"},{"bytes":376.0,"from":{"home":0,"seq_id":1,"migratable":false,"type":"object"},"messages":2,"to":{"collection_id":3,"home":2,"seq_id":1835019,"index":[2,6],"migratable":true,"type":"object"},"type":"Broadcast"},{"bytes":376.0,"from":{"home":0,"seq_id":1,"migratable":false,"type":"object"},"messages":2,"to":{"collection_id":3,"home":2,"seq_id":2097163,"index":[2,7],"migratable":true,"type":"object"},"type":"Broadcast"},{"bytes":640.0,"from":{"home":2,"seq_id":9,"migratable":false,"type":"object"},"messages":8,"to":{"home":6,"seq_id":25,"migratable":false,"type":"object"},"type":"SendRecv"},{"bytes":376.0,"from":{"home":0,"seq_id":1,"migratable":false,"type":"object"},"messages":2,"to":{"collection_id":3,"home":2,"seq_id":1048587,"index":[2,3],"migratable":true,"type":"object"},"type":"Broadcast"},{"bytes":376.0,"from":{"home":0,"seq_id":1,"migratable":false,"type":"object"},"messages":2,"to":{"collection_id":3,"home":2,"seq_id":1572875,"index":[2,5],"migratable":true,"type":"object"},"type":"Broadcast"},{"bytes":640.0,"from":{"home":2,"seq_id":9,"migratable":false,"type":"object"},"messages":8,"to":{"home":5,"seq_id":21,"migratable":false,"type":"object"},"type":"SendRecv"},{"bytes":46255.0,"from":{"collection_id":3,"home":2,"seq_id":2097163,"index":[2,7],"migratable":true,"type":"object"},"messages":25,"to":{"home":2,"seq_id":4325376044,"migratable":false,"objgroup_id":1081344003,"type":"object"},"type":"SendRecv"},{"bytes":212.0,"from":{"home":2,"seq_id":4325376044,"migratable":false,"objgroup_id":1081344003,"type":"object"},"messages":1,"to":{"collection_id":3,"home":2,"seq_id":2097163,"index":[2,7],"migratable":true,"type":"object"},"type":"SendRecv"},{"bytes":9576.0,"from":{"home":2,"seq_id":9,"migratable":false,"type":"object"},"messages":124,"to":{"home":0,"seq_id":1,"migratable":false,"type":"object"},"type":"SendRecv"},{"bytes":212.0,"from":{"home":2,"seq_id":4325376044,"migratable":false,"objgroup_id":1081344003,"type":"object"},"messages":1,"to":{"collection_id":3,"home":2,"seq_id":1572875,"index":[2,5],"migratable":true,"type":"object"},"type":"SendRecv"},{"bytes":47231.0,"from":{"collection_id":3,"home":2,"seq_id":1572875,"index":[2,5],"migratable":true,"type":"object"},"messages":25,"to":{"home":2,"seq_id":4325376044,"migratable":false,"objgroup_id":1081344003,"type":"object"},"type":"SendRecv"},{"bytes":168.0,"from":{"collection_id":3,"home":2,"seq_id":1310731,"index":[2,4],"migratable":true,"type":"object"},"messages":1,"to":{"collection_id":3,"home":2,"seq_id":1310731,"index":[2,4],"migratable":true,"type":"object"},"type":"SendRecv"},{"bytes":168.0,"from":{"collection_id":3,"home":2,"seq_id":262155,"index":[2,0],"migratable":true,"type":"object"},"messages":1,"to":{"collection_id":3,"home":2,"seq_id":262155,"index":[2,0],"migratable":true,"type":"object"},"type":"SendRecv"},{"bytes":168.0,"from":{"collection_id":3,"home":2,"seq_id":1835019,"index":[2,6],"migratable":true,"type":"object"},"messages":1,"to":{"collection_id":3,"home":2,"seq_id":1835019,"index":[2,6],"migratable":true,"type":"object"},"type":"SendRecv"},{"bytes":168.0,"from":{"collection_id":3,"home":2,"seq_id":1572875,"index":[2,5],"migratable":true,"type":"object"},"messages":1,"to":{"collection_id":3,"home":2,"seq_id":1572875,"index":[2,5],"migratable":true,"type":"object"},"type":"SendRecv"},{"bytes":168.0,"from":{"collection_id":3,"home":2,"seq_id":2097163,"index":[2,7],"migratable":true,"type":"object"},"messages":1,"to":{"collection_id":3,"home":2,"seq_id":2097163,"index":[2,7],"migratable":true,"type":"object"},"type":"SendRecv"},{"bytes":168.0,"from":{"collection_id":3,"home":2,"seq_id":786443,"index":[2,2],"migratable":true,"type":"object"},"messages":1,"to":{"collection_id":3,"home":2,"seq_id":786443,"index":[2,2],"migratable":true,"type":"object"},"type":"SendRecv"},{"bytes":168.0,"from":{"collection_id":3,"home":2,"seq_id":524299,"index":[2,1],"migratable":true,"type":"object"},"messages":1,"to":{"collection_id":3,"home":2,"seq_id":524299,"index":[2,1],"migratable":true,"type":"object"},"type":"SendRecv"},{"bytes":168.0,"from":{"collection_id":3,"home":2,"seq_id":1048587,"index":[2,3],"migratable":true,"type":"object"},"messages":1,"to":{"collection_id":3,"home":2,"seq_id":1048587,"index":[2,3],"migratable":true,"type":"object"},"type":"SendRecv"},{"bytes":376.0,"from":{"home":0,"seq_id":1,"migratable":false,"type":"object"},"messages":2,"to":{"collection_id":3,"home":2,"seq_id":786443,"index":[2,2],"migratable":true,"type":"object"},"type":"Broadcast"},{"bytes":212.0,"from":{"home":2,"seq_id":4325376044,"migratable":false,"objgroup_id":1081344003,"type":"object"},"messages":1,"to":{"collection_id":3,"home":2,"seq_id":786443,"index":[2,2],"migratable":true,"type":"object"},"type":"SendRecv"},{"bytes":54231.0,"from":{"collection_id":3,"home":2,"seq_id":786443,"index":[2,2],"migratable":true,"type":"object"},"messages":25,"to":{"home":2,"seq_id":4325376044,"migratable":false,"objgroup_id":1081344003,"type":"object"},"type":"SendRecv"},{"bytes":376.0,"from":{"home":0,"seq_id":1,"migratable":false,"type":"object"},"messages":2,"to":{"collection_id":3,"home":2,"seq_id":524299,"index":[2,1],"migratable":true,"type":"object"},"type":"Broadcast"},{"bytes":212.0,"from":{"home":2,"seq_id":4325376044,"migratable":false,"objgroup_id":1081344003,"type":"object"},"messages":1,"to":{"collection_id":3,"home":2,"seq_id":524299,"index":[2,1],"migratable":true,"type":"object"},"type":"SendRecv"},{"bytes":18647.0,"from":{"collection_id":3,"home":2,"seq_id":524299,"index":[2,1],"migratable":true,"type":"object"},"messages":25,"to":{"home":2,"seq_id":4325376044,"migratable":false,"objgroup_id":1081344003,"type":"object"},"type":"SendRecv"},{"bytes":49247.0,"from":{"collection_id":3,"home":2,"seq_id":1048587,"index":[2,3],"migratable":true,"type":"object"},"messages":25,"to":{"home":2,"seq_id":4325376044,"migratable":false,"objgroup_id":1081344003,"type":"object"},"type":"SendRecv"},{"bytes":212.0,"from":{"home":2,"seq_id":4325376044,"migratable":false,"objgroup_id":1081344003,"type":"object"},"messages":1,"to":{"collection_id":3,"home":2,"seq_id":1048587,"index":[2,3],"migratable":true,"type":"object"},"type":"SendRecv"}],"id":9,"tasks":[{"entity":{"collection_id":3,"home":2,"seq_id":1310731,"index":[2,4],"migratable":true,"type":"object"},"node":2,"resource":"cpu","subphases":[{"id":0,"time":1.7269999972313599e-06},{"id":1,"time":3.7900000002366596e-05},{"id":2,"time":6.69599999980619e-06},{"id":3,"time":0.00019467399999939516},{"id":4,"time":4.814500000094313e-05},{"id":5,"time":0.00027220199999788974},{"id":6,"time":1.5150000010066833e-06},{"id":7,"time":3.866299999799594e-05},{"id":8,"time":1.5099999970402678e-06},{"id":9,"time":5.5940000081022845e-06},{"id":10,"time":0.0002234540000074503},{"id":11,"time":0.0007489810000080865},{"id":12,"time":1.4459999988503114e-06},{"id":13,"time":3.7049999974669845e-06}],"time":0.001594811000018126},{"entity":{"collection_id":3,"home":2,"seq_id":262155,"index":[2,0],"migratable":true,"type":"object"},"node":2,"resource":"cpu","subphases":[{"id":0,"time":1.5580000010118056e-06},{"id":1,"time":3.533900000718404e-05},{"id":2,"time":7.130000007293802e-06},{"id":3,"time":0.00020988600000038105},{"id":4,"time":5.0096999991922075e-05},{"id":5,"time":0.00028256699999218426},{"id":6,"time":1.5279999985295944e-06},{"id":7,"time":3.6519999994766295e-05},{"id":8,"time":3.304999999897973e-06},{"id":9,"time":5.4329999983337984e-06},{"id":10,"time":0.0002208129999985431},{"id":11,"time":0.0007557720000050949},{"id":12,"time":1.49600000298733e-06},{"id":13,"time":3.6550000004353933e-06}],"time":0.0016238679999958094},{"entity":{"collection_id":3,"home":2,"seq_id":1835019,"index":[2,6],"migratable":true,"type":"object"},"node":2,"resource":"cpu","subphases":[{"id":0,"time":2.4400000029345392e-06},{"id":1,"time":3.784100000103763e-05},{"id":2,"time":8.480000005306465e-06},{"id":3,"time":0.00020160500000088177},{"id":4,"time":3.98100000040813e-05},{"id":5,"time":0.00028817699998739954},{"id":6,"time":1.5050000001792796e-06},{"id":7,"time":3.918700000582476e-05},{"id":8,"time":1.5600000011772863e-06},{"id":9,"time":6.224000003385299e-06},{"id":10,"time":0.0002123390000008385},{"id":11,"time":0.0007669429999950239},{"id":12,"time":1.6259999995327235e-06},{"id":13,"time":3.845999998475236e-06}],"time":0.0016213800000031142},{"entity":{"collection_id":3,"home":2,"seq_id":1048587,"index":[2,3],"migratable":true,"type":"object"},"node":2,"resource":"cpu","subphases":[{"id":0,"time":1.5179999977021907e-06},{"id":1,"time":3.602700000016057e-05},{"id":2,"time":6.712000001130036e-06},{"id":3,"time":0.0001849670000027004},{"id":4,"time":3.9111999996066515e-05},{"id":5,"time":0.0002557840000037004},{"id":6,"time":1.4590000034786499e-06},{"id":7,"time":3.770199999308943e-05},{"id":8,"time":1.5169999940667367e-06},{"id":9,"time":6.259999999258525e-06},{"id":10,"time":0.00022662099998882468},{"id":11,"time":0.0007641140000060886},{"id":12,"time":1.4590000034786499e-06},{"id":13,"time":3.4589999984291353e-06}],"time":0.0015769579999869165},{"entity":{"collection_id":3,"home":2,"seq_id":524299,"index":[2,1],"migratable":true,"type":"object"},"node":2,"resource":"cpu","subphases":[{"id":0,"time":1.8830000030334304e-06},{"id":1,"time":5.193900000222129e-05},{"id":2,"time":2.167799999597264e-05},{"id":3,"time":0.00021387099999969905},{"id":4,"time":5.064500000173666e-05},{"id":5,"time":0.0002643500000090171},{"id":6,"time":1.5879999963885894e-06},{"id":7,"time":5.3915999991716035e-05},{"id":8,"time":1.6389999970556346e-06},{"id":9,"time":5.5229999986750045e-06},{"id":10,"time":0.00020677999999918484},{"id":11,"time":0.0007776220000081935},{"id":12,"time":3.04900000003272e-06},{"id":13,"time":5.657000002656787e-06}],"time":0.001671902000005332},{"entity":{"home":2,"seq_id":4322230316,"migratable":false,"objgroup_id":1080557571,"type":"object"},"node":2,"resource":"cpu","subphases":[{"id":0,"time":3.972000001795095e-06}],"time":3.972000001795095e-06},{"entity":{"home":2,"seq_id":4323278892,"migratable":false,"objgroup_id":1080819715,"type":"object"},"node":2,"resource":"cpu","time":0.0},{"entity":{"home":2,"seq_id":9,"migratable":false,"type":"object"},"node":2,"resource":"cpu","subphases":[{"id":0,"time":0.0013806940000407053}],"time":0.0013806940000407053},{"entity":{"collection_id":3,"home":2,"seq_id":786443,"index":[2,2],"migratable":true,"type":"object"},"node":2,"resource":"cpu","subphases":[{"id":0,"time":1.7930000026922244e-06},{"id":1,"time":4.026099999521193e-05},{"id":2,"time":8.176999997999701e-06},{"id":3,"time":0.00022069199999918965},{"id":4,"time":3.87719999963565e-05},{"id":5,"time":0.0002615120000015736},{"id":6,"time":3.0839999993759193e-06},{"id":7,"time":4.184200000167948e-05},{"id":8,"time":1.5000000033182914e-06},{"id":9,"time":9.509999998158492e-06},{"id":10,"time":0.00023729599999455786},{"id":11,"time":0.000760888999998599},{"id":12,"time":1.6180000059762278e-06},{"id":13,"time":4.023999998992167e-06}],"time":0.0016406889999913687},{"entity":{"home":2,"seq_id":4304404524,"migratable":false,"objgroup_id":1076101123,"type":"object"},"node":2,"resource":"cpu","time":0.0},{"entity":{"home":2,"seq_id":4325376044,"migratable":false,"objgroup_id":1081344003,"type":"object"},"node":2,"resource":"cpu","subphases":[{"id":0,"time":0.0019363510001042528}],"time":0.0019363510001042528},{"entity":{"collection_id":3,"home":2,"seq_id":2097163,"index":[2,7],"migratable":true,"type":"object"},"node":2,"resource":"cpu","subphases":[{"id":0,"time":1.9979999947850047e-06},{"id":1,"time":3.6726000004705384e-05},{"id":2,"time":9.341000001938937e-06},{"id":3,"time":0.00020695799999970177},{"id":4,"time":8.595100000263756e-05},{"id":5,"time":0.0003178429999977084},{"id":6,"time":1.5560000008463248e-06},{"id":7,"time":3.8213999992819936e-05},{"id":8,"time":1.5560000008463248e-06},{"id":9,"time":5.195999996487899e-06},{"id":10,"time":0.0002243930000034311},{"id":11,"time":0.00076061799999394},{"id":12,"time":1.523999998198633e-06},{"id":13,"time":3.958999997166757e-06}],"time":0.001724634999987984},{"entity":{"home":2,"seq_id":4308598828,"migratable":false,"objgroup_id":1077149699,"type":"object"},"node":2,"resource":"cpu","time":0.0},{"entity":{"home":2,"seq_id":4297064492,"migratable":false,"objgroup_id":1074266115,"type":"object"},"node":2,"resource":"cpu","time":0.0},{"entity":{"collection_id":3,"home":2,"seq_id":1572875,"index":[2,5],"migratable":true,"type":"object"},"node":2,"resource":"cpu","subphases":[{"id":0,"time":1.4989999996828374e-06},{"id":1,"time":3.828999999200278e-05},{"id":2,"time":7.269000001031145e-06},{"id":3,"time":0.00018880300000034822},{"id":4,"time":4.251200000737754e-05},{"id":5,"time":0.00025264800000002197},{"id":6,"time":1.4539999995122344e-06},{"id":7,"time":3.950800000040999e-05},{"id":8,"time":1.4989999996828374e-06},{"id":9,"time":6.087999999238036e-06},{"id":10,"time":0.0002454659999955311},{"id":11,"time":0.0007671369999968647},{"id":12,"time":1.4399999983538692e-06},{"id":13,"time":3.5759999903461903e-06}],"time":0.001608297999972308}]}],"type":"LBDatafile"}