{"phases":[{"communications":[{"bytes":32911.0,"from":{"collection_id":3,"home":1,"seq_id":262151,"index":[1,0],"migratable":true,"type":"object"},"messages":25,"to":{"home":1,"seq_id":4325376028,"migratable":false,"objgroup_id":1081344003,"type":"object"},"type":"SendRecv"},{"bytes":212.0,"from":{"home":1,"seq_id":4325376028,"migratable":false,"objgroup_id":1081344003,"type":"object"},"messages":1,"to":{"collection_id":3,"home":1,"seq_id":262151,"index":[1,0],"migratable":true,"type":"object"},"type":"SendRecv"},{"bytes":376.0,"from":{"home":0,"seq_id":1,"migratable":false,"type":"object"},"messages":2,"to":{"collection_id":3,"home":1,"seq_id":262151,"index":[1,0],"migratable":true,"type":"object"},"type":"Broadcast"},{"bytes":8799.0,"from":{"collection_id":3,"home":1,"seq_id":1310727,"index":[1,4],"migratable":true,"type":"object"},"messages":25,"to":{"home":1,"seq_id":4325376028,"migratable":false,"objgroup_id":1081344003,"type":"object"},"type":"SendRecv"},{"bytes":212.0,"from":{"home":1,"seq_id":4325376028,"migratable":false,"objgroup_id":1081344003,"type":"object"},"messages":1,"to":{"collection_id":3,"home":1,"seq_id":1310727,"index":[1,4],"migratable":true,"type":"object"},"type":"SendRecv"},{"bytes":376.0,"from":{"home":0,"seq_id":1,"migratable":false,"type":"object"},"messages":2,"to":{"collection_id":3,"home":1,"seq_id":1310727,"index":[1,4],"migratable":true,"type":"object"},"type":"Broadcast"},{"bytes":53551.0,"from":{"collection_id":3,"home":1,"seq_id":1835015,"index":[1,6],"migratable":true,"type":"object"},"messages":25,"to":{"home":1,"seq_id":4325376028,"migratable":false,"objgroup_id":1081344003,"type":"object"},"type":"SendRecv"},{"bytes":212.0,"from":{"home":1,"seq_id":4325376028,"migratable":false,"objgroup_id":1081344003,"type":"object"},"messages":1,"to":{"collection_id":3,"home":1,"seq_id":1835015,"index":[1,6],"migratable":true,"type":"object"},"type":"SendRecv"},{"bytes":77047.0,"from":{"collection_id":3,"home":1,"seq_id":1048583,"index":[1,3],"migratable":true,"type":"object"},"messages":25,"to":{"home":1,"seq_id":4325376028,"migratable":false,"objgroup_id":1081344003,"type":"object"},"type":"SendRecv"},{"bytes":212.0,"from":{"home":1,"seq_id":4325376028,"migratable":false,"objgroup_id":1081344003,"type":"object"},"messages":1,"to":{"collection_id":3,"home":1,"seq_id":1048583,"index":[1,3],"migratable":true,"type":"object"},"type":"SendRecv"},{"bytes":212.0,"from":{"home":1,"seq_id":4325376028,"migratable":false,"objgroup_id":1081344003,"type":"object"},"messages":1,"to":{"collection_id":3,"home":1,"seq_id":1572871,"index":[1,5],"migratable":true,"type":"object"},"type":"SendRecv"},{"bytes":8663.0,"from":{"collection_id":3,"home":1,"seq_id":1572871,"index":[1,5],"migratable":true,"type":"object"},"messages":25,"to":{"home":1,"seq_id":4325376028,"migratable":false,"objgroup_id":1081344003,"type":"object"},"type":"SendRecv"},{"bytes":376.0,"from":{"home":0,"seq_id":1,"migratable":false,"type":"object"},"messages":2,"to":{"collection_id":3,"home":1,"seq_id":1572871,"index":[1,5],"migratable":true,"type":"object"},"type":"Broadcast"},{"bytes":376.0,"from":{"home":0,"seq_id":1,"migratable":false,"type":"object"},"messages":2,"to":{"collection_id":3,"home":1,"seq_id":2097159,"index":[1,7],"migratable":true,"type":"object"},"type":"Broadcast"},{"bytes":58783.0,"from":{"collection_id":3,"home":1,"seq_id":2097159,"index":[1,7],"migratable":true,"type":"object"},"messages":25,"to":{"home":1,"seq_id":4325376028,"migratable":false,"objgroup_id":1081344003,"type":"object"},"type":"SendRecv"},{"bytes":212.0,"from":{"home":1,"seq_id":4325376028,"migratable":false,"objgroup_id":1081344003,"type":"object"},"messages":1,"to":{"collection_id":3,"home":1,"seq_id":2097159,"index":[1,7],"migratable":true,"type":"object"},"type":"SendRecv"},{"bytes":640.0,"from":{"home":1,"seq_id":5,"migratable":false,"type":"object"},"messages":8,"to":{"home":4,"seq_id":17,"migratable":false,"type":"object"},"type":"SendRecv"},{"bytes":168.0,"from":{"collection_id":3,"home":1,"seq_id":262151,"index":[1,0],"migratable":true,"type":"object"},"messages":1,"to":{"collection_id":3,"home":1,"seq_id":262151,"index":[1,0],"migratable":true,"type":"object"},"type":"SendRecv"},{"bytes":168.0,"from":{"collection_id":3,"home":1,"seq_id":1310727,"index":[1,4],"migratable":true,"type":"object"},"messages":1,"to":{"collection_id":3,"home":1,"seq_id":1310727,"index":[1,4],"migratable":true,"type":"object"},"type":"SendRecv"},{"bytes":168.0,"from":{"collection_id":3,"home":1,"seq_id":1835015,"index":[1,6],"migratable":true,"type":"object"},"messages":1,"to":{"collection_id":3,"home":1,"seq_id":1835015,"index":[1,6],"migratable":true,"type":"object"},"type":"SendRecv"},{"bytes":168.0,"from":{"collection_id":3,"home":1,"seq_id":1572871,"index":[1,5],"migratable":true,"type":"object"},"messages":1,"to":{"collection_id":3,"home":1,"seq_id":1572871,"index":[1,5],"migratable":true,"type":"object"},"type":"SendRecv"},{"bytes":168.0,"from":{"collection_id":3,"home":1,"seq_id":2097159,"index":[1,7],"migratable":true,"type":"object"},"messages":1,"to":{"collection_id":3,"home":1,"seq_id":2097159,"index":[1,7],"migratable":true,"type":"object"},"type":"SendRecv"},{"bytes":168.0,"from":{"collection_id":3,"home":1,"seq_id":786439,"index":[1,2],"migratable":true,"type":"object"},"messages":1,"to":{"collection_id":3,"home":1,"seq_id":786439,"index":[1,2],"migratable":true,"type":"object"},"type":"SendRecv"},{"bytes":168.0,"from":{"collection_id":3,"home":1,"seq_id":524295,"index":[1,1],"migratable":true,"type":"object"},"messages":1,"to":{"collection_id":3,"home":1,"seq_id":524295,"index":[1,1],"migratable":true,"type":"object"},"type":"SendRecv"},{"bytes":168.0,"from":{"collection_id":3,"home":1,"seq_id":1048583,"index":[1,3],"migratable":true,"type":"object"},"messages":1,"to":{"collection_id":3,"home":1,"seq_id":1048583,"index":[1,3],"migratable":true,"type":"object"},"type":"SendRecv"},{"bytes":640.0,"from":{"home":1,"seq_id":5,"migratable":false,"type":"object"},"messages":8,"to":{"home":3,"seq_id":13,"migratable":false,"type":"object"},"type":"SendRecv"},{"bytes":9432.0,"from":{"home":1,"seq_id":5,"migratable":false,"type":"object"},"messages":122,"to":{"home":0,"seq_id":1,"migratable":false,"type":"object"},"type":"SendRecv"},{"bytes":376.0,"from":{"home":0,"seq_id":1,"migratable":false,"type":"object"},"messages":2,"to":{"collection_id":3,"home":1,"seq_id":786439,"index":[1,2],"migratable":true,"type":"object"},"type":"Broadcast"},{"bytes":212.0,"from":{"home":1,"seq_id":4325376028,"migratable":false,"objgroup_id":1081344003,"type":"object"},"messages":1,"to":{"collection_id":3,"home":1,"seq_id":786439,"index":[1,2],"migratable":true,"type":"object"},"type":"SendRecv"},{"bytes":58151.0,"from":{"collection_id":3,"home":1,"seq_id":786439,"index":[1,2],"migratable":true,"type":"object"},"messages":25,"to":{"home":1,"seq_id":4325376028,"migratable":false,"objgroup_id":1081344003,"type":"object"},"type":"SendRecv"},{"bytes":376.0,"from":{"home":0,"seq_id":1,"migratable":false,"type":"object"},"messages":2,"to":{"collection_id":3,"home":1,"seq_id":1835015,"index":[1,6],"migratable":true,"type":"object"},"type":"Broadcast"},{"bytes":168.0,"from":{"collection_id":3,"home":1,"seq_id":524295,"index":[1,1],"migratable":true,"type":"object"},"messages":1,"to":{"home":1,"seq_id":4322230300,"migratable":false,"objgroup_id":1080557571,"type":"object"},"type":"SendRecv"},{"bytes":39623.0,"from":{"collection_id":3,"home":1,"seq_id":524295,"index":[1,1],"migratable":true,"type":"object"},"messages":25,"to":{"home":1,"seq_id":4325376028,"migratable":false,"objgroup_id":1081344003,"type":"object"},"type":"SendRecv"},{"bytes":212.0,"from":{"home":1,"seq_id":4325376028,"migratable":false,"objgroup_id":1081344003,"type":"object"},"messages":1,"to":{"collection_id":3,"home":1,"seq_id":524295,"index":[1,1],"migratable":true,"type":"object"},"type":"SendRecv"},{"bytes":376.0,"from":{"home":0,"seq_id":1,"migratable":false,"type":"object"},"messages":2,"to":{"collection_id":3,"home":1,"seq_id":524295,"index":[1,1],"migratable":true,"type":"object"},"type":"Broadcast"},{"bytes":376.0,"from":{"home":0,"seq_id":1,"migratable":false,"type":"object"},"messages":2,"to":{"collection_id":3,"home":1,"seq_id":1048583,"index":[1,3],"migratable":true,"type":"object"},"type":"Broadcast"}],"id":8,"tasks":[{"entity":{"collection_id":3,"home":1,"seq_id":262151,"index":[1,0],"migratable":true,"type":"object"},"node":1,"resource":"cpu","subphases":[{"id":0,"time":1.898999997251849e-06},{"id":1,"time":3.6384999994254486e-05},{"id":2,"time":1.5263000001652927e-05},{"id":3,"time":0.0001776399999968703},{"id":4,"time":3.7549000012404576e-05},{"id":5,"time":0.00028540200000293225},{"id":6,"time":1.4809999981935107e-06},{"id":7,"time":4.388299999646961e-05},{"id":8,"time":1.4920000026563685e-06},{"id":9,"time":5.723000001012224e-06},{"id":10,"time":0.00020192600000257244},{"id":11,"time":0.0007675279999830309},{"id":12,"time":1.517000001172164e-06},{"id":13,"time":5.82399999871086e-06}],"time":0.00159341199999119},{"entity":{"collection_id":3,"home":1,"seq_id":1048583,"index":[1,3],"migratable":true,"type":"object"},"node":1,"resource":"cpu","subphases":[{"id":0,"time":1.890999996589926e-06},{"id":1,"time":3.761299999638368e-05},{"id":2,"time":9.589999997672294e-06},{"id":3,"time":0.0001967599999943559},{"id":4,"time":4.058500000070353e-05},{"id":5,"time":0.0002643269999964559},{"id":6,"time":1.4560000067831425e-06},{"id":7,"time":3.8472999996486124e-05},{"id":8,"time":1.5359999991915174e-06},{"id":9,"time":6.573999996817292e-06},{"id":10,"time":0.00021288800000007768},{"id":11,"time":0.000763179999992758},{"id":12,"time":1.4230000004999965e-06},{"id":13,"time":4.0509999976734434e-06}],"time":0.0015904899999767963},{"entity":{"collection_id":3,"home":1,"seq_id":524295,"index":[1,1],"migratable":true,"type":"object"},"node":1,"resource":"cpu","subphases":[{"id":0,"time":1.3719999998329513e-06},{"id":1,"time":5.019199998912427e-05},{"id":2,"time":7.039999992741741e-06},{"id":3,"time":0.0002082149999935723},{"id":4,"time":7.00950000052103e-05},{"id":5,"time":0.00027032600000609364},{"id":6,"time":3.1319999962420297e-06},{"id":7,"time":3.785500000219599e-05},{"id":8,"time":2.559999998652529e-06},{"id":9,"time":5.652999995220398e-06},{"id":10,"time":0.00022937700000369432},{"id":11,"time":0.0007856630000020459},{"id":12,"time":3.0679999980520734e-06},{"id":13,"time":3.626999998118663e-06}],"time":0.0016877379999797881},{"entity":{"home":1,"seq_id":4325376028,"migratable":false,"objgroup_id":1081344003,"type":"object"},"node":1,"resource":"cpu","subphases":[{"id":0,"time":0.0018966630000107898}],"time":0.0018966630000107898},{"entity":{"home":1,"seq_id":4323278876,"migratable":false,"objgroup_id":1080819715,"type":"object"},"node":1,"resource":"cpu","time":0.0},{"entity":{"home":1,"seq_id":4322230300,"migratable":false,"objgroup_id":1080557571,"type":"object"},"node":1,"resource":"cpu","subphases":[{"id":0,"time":4.118999996194361e-06}],"time":4.118999996194361e-06},{"entity":{"collection_id":3,"home":1,"seq_id":1572871,"index":[1,5],"migratable":true,"type":"object"},"node":1,"resource":"cpu","subphases":[{"id":0,"time":1.4380000052938158e-06},{"id":1,"time":3.929999999030542e-05},{"id":2,"time":6.829999996682545e-06},{"id":3,"time":0.0001846659999955591},{"id":4,"time":4.703300002262267e-05},{"id":5,"time":0.00026192999997931565},{"id":6,"time":1.4860000021599262e-06},{"id":7,"time":3.7824999992608355e-05},{"id":8,"time":1.5489999967144286e-06},{"id":9,"time":6.097000003535413e-06},{"id":10,"time":0.00022265399999810143},{"id":11,"time":0.0007483770000078493},{"id":12,"time":1.6360000003601272e-06},{"id":13,"time":3.681000002586643e-06}],"time":0.0015752879999908487},{"entity":{"home":1,"seq_id":5,"migratable":false,"type":"object"},"node":1,"resource":"cpu","subphases":[{"id":0,"time":0.0013723040000215292}],"time":0.0013723040000215292},{"entity":{"collection_id":3,"home":1,"seq_id":786439,"index":[1,2],"migratable":true,"type":"object"},"node":1,"resource":"cpu","subphases":[{"id":0,"time":1.8289999985654504e-06},{"id":1,"time":4.1697000007445695e-05},{"id":2,"time":9.206999997957155e-06},{"id":3,"time":0.00019398499998857233},{"id":4,"time":4.67999999855806e-05},{"id":5,"time":0.0002498530000138999},{"id":6,"time":1.6340000001946464e-06},{"id":7,"time":5.96340000029727e-05},{"id":8,"time":1.6620000025113768e-06},{"id":9,"time":9.196999997129751e-06},{"id":10,"time":0.00023996400000214635},{"id":11,"time":0.0007584949999923651},{"id":12,"time":1.6009999939115005e-06},{"id":13,"time":4.199000002813591e-06}],"time":0.0016294999999857396},{"entity":{"home":1,"seq_id":4304404508,"migratable":false,"objgroup_id":1076101123,"type":"object"},"node":1,"resource":"cpu","time":0.0},{"entity":{"collection_id":3,"home":1,"seq_id":1310727,"index":[1,4],"migratable":true,"type":"object"},"node":1,"resource":"cpu","subphases":[{"id":0,"time":1.4949999993518759e-06},{"id":1,"time":3.84020000012697e-05},{"id":2,"time":6.992999999511085e-06},{"id":3,"time":0.00019419100000561684},{"id":4,"time":4.0120999997839135e-05},{"id":5,"time":0.00025856299999560406},{"id":6,"time":1.5000000033182914e-06},{"id":7,"time":3.6969000007047725e-05},{"id":8,"time":1.4499999991812729e-06},{"id":9,"time":5.919000003018482e-06},{"id":10,"time":0.00019776700000306846},{"id":11,"time":0.0007366589999904249},{"id":12,"time":1.4909999990209144e-06},{"id":13,"time":3.8140000029329713e-06}],"time":0.001533616000003235},{"entity":{"home":1,"seq_id":4308598812,"migratable":false,"objgroup_id":1077149699,"type":"object"},"node":1,"resource":"cpu","time":0.0},{"entity":{"collection_id":3,"home":1,"seq_id":1835015,"index":[1,6],"migratable":true,"type":"object"},"node":1,"resource":"cpu","subphases":[{"id":0,"time":1.5290000021650485e-06},{"id":1,"time":3.8683000006756174e-05},{"id":2,"time":8.250000000487034e-06},{"id":3,"time":0.00018084700000287057},{"id":4,"time":4.8874999990289325e-05},{"id":5,"time":0.00028846500000412334},{"id":6,"time":1.5779999955611856e-06},{"id":7,"time":5.464900000617945e-05},{"id":8,"time":1.5080000039802144e-06},{"id":9,"time":5.969000000050073e-06},{"id":10,"time":0.0002107480000077544},{"id":11,"time":0.0007552830000037147},{"id":12,"time":1.509000000510241e-06},{"id":13,"time":4.316000001836073e-06}],"time":0.0016116310000242606},{"entity":{"home":1,"seq_id":4297064476,"migratable":false,"objgroup_id":1074266115,"type":"object"},"node":1,"resource":"cpu","time":0.0},{"entity":{"collection_id":3,"home":1,"seq_id":2097159,"index":[1,7],"migratable":true,"type":"object"},"node":1,"resource":"cpu","subphases":[{"id":0,"time":1.454999996042261e-06},{"id":1,"time":3.8263000007532355e-05},{"id":2,"time":6.8250000069269845e-06},{"id":3,"time":0.000202899999990791},{"id":4,"time":8.713900000856256e-05},{"id":5,"time":0.0003108039999872858},{"id":6,"time":1.5179999977021907e-06},{"id":7,"time":4.10139999971193e-05},{"id":8,"time":1.454999996042261e-06},{"id":9,"time":5.453999989413205e-06},{"id":10,"time":0.00021265400000203272},{"id":11,"time":0.0007695569999981444},{"id":12,"time":1.5219999980331522e-06},{"id":13,"time":3.6400000027470014e-06}],"time":0.0017041299999789317}]},{"communications":[{"bytes":58151.0,"from":{"collection_id":3,"home":1,"seq_id":786439,"index":[1,2],"migratable":true,"type":"object"},"messages":25,"to":{"home":1,"seq_id":4325376028,"migratable":false,"objgroup_id":1081344003,"type":"object"},"type":"SendRecv"},{"bytes":212.0,"from":{"home":1,"seq_id":4325376028,"migratable":false,"objgroup_id":1081344003,"type":"object"},"messages":1,"to":{"collection_id":3,"home":1,"seq_id":786439,"index":[1,2],"migratable":true,"type":"object"},"type":"SendRecv"},{"bytes":376.0,"from":{"home":0,"seq_id":1,"migratable":false,"type":"object"},"messages":2,"to":{"collection_id":3,"home":1,"seq_id":786439,"index":[1,2],"migratable":true,"type":"object"},"type":"Broadcast"},{"bytes":8799.0,"from":{"collection_id":3,"home":1,"seq_id":1310727,"index":[1,4],"migratable":true,"type":"object"},"messages":25,"to":{"home":1,"seq_id":4325376028,"migratable":false,"objgroup_id":1081344003,"type":"object"},"type":"SendRecv"},{"bytes":212.0,"from":{"home":1,"seq_id":4325376028,"migratable":false,"objgroup_id":1081344003,"type":"object"},"messages":1,"to":{"collection_id":3,"home":1,"seq_id":1310727,"index":[1,4],"migratable":true,"type":"object"},"type":"SendRecv"},{"bytes":376.0,"from":{"home":0,"seq_id":1,"migratable":false,"type":"object"},"messages":2,"to":{"collection_id":3,"home":1,"seq_id":1310727,"index":[1,4],"migratable":true,"type":"object"},"type":"Broadcast"},{"bytes":8663.0,"from":{"collection_id":3,"home":1,"seq_id":1572871,"index":[1,5],"migratable":true,"type":"object"},"messages":25,"to":{"home":1,"seq_id":4325376028,"migratable":false,"objgroup_id":1081344003,"type":"object"},"type":"SendRecv"},{"bytes":212.0,"from":{"home":1,"seq_id":4325376028,"migratable":false,"objgroup_id":1081344003,"type":"object"},"messages":1,"to":{"collection_id":3,"home":1,"seq_id":1572871,"index":[1,5],"migratable":true,"type":"object"},"type":"SendRecv"},{"bytes":376.0,"from":{"home":0,"seq_id":1,"migratable":false,"type":"object"},"messages":2,"to":{"collection_id":3,"home":1,"seq_id":1572871,"index":[1,5],"migratable":true,"type":"object"},"type":"Broadcast"},{"bytes":77047.0,"from":{"collection_id":3,"home":1,"seq_id":1048583,"index":[1,3],"migratable":true,"type":"object"},"messages":25,"to":{"home":1,"seq_id":4325376028,"migratable":false,"objgroup_id":1081344003,"type":"object"},"type":"SendRecv"},{"bytes":212.0,"from":{"home":1,"seq_id":4325376028,"migratable":false,"objgroup_id":1081344003,"type":"object"},"messages":1,"to":{"collection_id":3,"home":1,"seq_id":1048583,"index":[1,3],"migratable":true,"type":"object"},"type":"SendRecv"},{"bytes":212.0,"from":{"home":1,"seq_id":4325376028,"migratable":false,"objgroup_id":1081344003,"type":"object"},"messages":1,"to":{"collection_id":3,"home":1,"seq_id":1835015,"index":[1,6],"migratable":true,"type":"object"},"type":"SendRecv"},{"bytes":53551.0,"from":{"collection_id":3,"home":1,"seq_id":1835015,"index":[1,6],"migratable":true,"type":"object"},"messages":25,"to":{"home":1,"seq_id":4325376028,"migratable":false,"objgroup_id":1081344003,"type":"object"},"type":"SendRecv"},{"bytes":168.0,"from":{"collection_id":3,"home":1,"seq_id":1835015,"index":[1,6],"migratable":true,"type":"object"},"messages":1,"to":{"home":1,"seq_id":4322230300,"migratable":false,"objgroup_id":1080557571,"type":"object"},"type":"SendRecv"},{"bytes":376.0,"from":{"home":0,"seq_id":1,"migratable":false,"type":"object"},"messages":2,"to":{"collection_id":3,"home":1,"seq_id":2097159,"index":[1,7],"migratable":true,"type":"object"},"type":"Broadcast"},{"bytes":58783.0,"from":{"collection_id":3,"home":1,"seq_id":2097159,"index":[1,7],"migratable":true,"type":"object"},"messages":25,"to":{"home":1,"seq_id":4325376028,"migratable":false,"objgroup_id":1081344003,"type":"object"},"type":"SendRecv"},{"bytes":212.0,"from":{"home":1,"seq_id":4325376028,"migratable":false,"objgroup_id":1081344003,"type":"object"},"messages":1,"to":{"collection_id":3,"home":1,"seq_id":2097159,"index":[1,7],"migratable":true,"type":"object"},"type":"SendRecv"},{"bytes":640.0,"from":{"home":1,"seq_id":5,"migratable":false,"type":"object"},"messages":8,"to":{"home":4,"seq_id":17,"migratable":false,"type":"object"},"type":"SendRecv"},{"bytes":168.0,"from":{"collection_id":3,"home":1,"seq_id":786439,"index":[1,2],"migratable":true,"type":"object"},"messages":1,"to":{"collection_id":3,"home":1,"seq_id":786439,"index":[1,2],"migratable":true,"type":"object"},"type":"SendRecv"},{"bytes":168.0,"from":{"collection_id":3,"home":1,"seq_id":1310727,"index":[1,4],"migratable":true,"type":"object"},"messages":1,"to":{"collection_id":3,"home":1,"seq_id":1310727,"index":[1,4],"migratable":true,"type":"object"},"type":"SendRecv"},{"bytes":168.0,"from":{"collection_id":3,"home":1,"seq_id":1572871,"index":[1,5],"migratable":true,"type":"object"},"messages":1,"to":{"collection_id":3,"home":1,"seq_id":1572871,"index":[1,5],"migratable":true,"type":"object"},"type":"SendRecv"},{"bytes":168.0,"from":{"collection_id":3,"home":1,"seq_id":2097159,"index":[1,7],"migratable":true,"type":"object"},"messages":1,"to":{"collection_id":3,"home":1,"seq_id":2097159,"index":[1,7],"migratable":true,"type":"object"},"type":"SendRecv"},{"bytes":168.0,"from":{"collection_id":3,"home":1,"seq_id":1835015,"index":[1,6],"migratable":true,"type":"object"},"messages":1,"to":{"collection_id":3,"home":1,"seq_id":1835015,"index":[1,6],"migratable":true,"type":"object"},"type":"SendRecv"},{"bytes":168.0,"from":{"collection_id":3,"home":1,"seq_id":524295,"index":[1,1],"migratable":true,"type":"object"},"messages":1,"to":{"collection_id":3,"home":1,"seq_id":524295,"index":[1,1],"migratable":true,"type":"object"},"type":"SendRecv"},{"bytes":168.0,"from":{"collection_id":3,"home":1,"seq_id":262151,"index":[1,0],"migratable":true,"type":"object"},"messages":1,"to":{"collection_id":3,"home":1,"seq_id":262151,"index":[1,0],"migratable":true,"type":"object"},"type":"SendRecv"},{"bytes":168.0,"from":{"collection_id":3,"home":1,"seq_id":1048583,"index":[1,3],"migratable":true,"type":"object"},"messages":1,"to":{"collection_id":3,"home":1,"seq_id":1048583,"index":[1,3],"migratable":true,"type":"object"},"type":"SendRecv"},{"bytes":640.0,"from":{"home":1,"seq_id":5,"migratable":false,"type":"object"},"messages":8,"to":{"home":3,"seq_id":13,"migratable":false,"type":"object"},"type":"SendRecv"},{"bytes":9576.0,"from":{"home":1,"seq_id":5,"migratable":false,"type":"object"},"messages":124,"to":{"home":0,"seq_id":1,"migratable":false,"type":"object"},"type":"SendRecv"},{"bytes":376.0,"from":{"home":0,"seq_id":1,"migratable":false,"type":"object"},"messages":2,"to":{"collection_id":3,"home":1,"seq_id":1835015,"index":[1,6],"migratable":true,"type":"object"},"type":"Broadcast"},{"bytes":376.0,"from":{"home":0,"seq_id":1,"migratable":false,"type":"object"},"messages":2,"to":{"collection_id":3,"home":1,"seq_id":524295,"index":[1,1],"migratable":true,"type":"object"},"type":"Broadcast"},{"bytes":212.0,"from":{"home":1,"seq_id":4325376028,"migratable":false,"objgroup_id":1081344003,"type":"object"},"messages":1,"to":{"collection_id":3,"home":1,"seq_id":524295,"index":[1,1],"migratable":true,"type":"object"},"type":"SendRecv"},{"bytes":39623.0,"from":{"collection_id":3,"home":1,"seq_id":524295,"index":[1,1],"migratable":true,"type":"object"},"messages":25,"to":{"home":1,"seq_id":4325376028,"migratable":false,"objgroup_id":1081344003,"type":"object"},"type":"SendRecv"},{"bytes":376.0,"from":{"home":0,"seq_id":1,"migratable":false,"type":"object"},"messages":2,"to":{"collection_id":3,"home":1,"seq_id":262151,"index":[1,0],"migratable":true,"type":"object"},"type":"Broadcast"},{"bytes":212.0,"from":{"home":1,"seq_id":4325376028,"migratable":false,"objgroup_id":1081344003,"type":"object"},"messages":1,"to":{"collection_id":3,"home":1,"seq_id":262151,"index":[1,0],"migratable":true,"type":"object"},"type":"SendRecv"},{"bytes":32911.0,"from":{"collection_id":3,"home":1,"seq_id":262151,"index":[1,0],"migratable":true,"type":"object"},"messages":25,"to":{"home":1,"seq_id":4325376028,"migratable":false,"objgroup_id":1081344003,"type":"object"},"type":"SendRecv"},{"bytes":376.0,"from":{"home":0,"seq_id":1,"migratable":false,"type":"object"},"messages":2,"to":{"collection_id":3,"home":1,"seq_id":1048583,"index":[1,3],"migratable":true,"type":"object"},"type":"Broadcast"}],"id":9,"tasks":[{"entity":{"collection_id":3,"home":1,"seq_id":786439,"index":[1,2],"migratable":true,"type":"object"},"node":1,"resource":"cpu","subphases":[{"id":0,"time":1.6210000026717353e-06},{"id":1,"time":4.038299999820083e-05},{"id":2,"time":7.764999999437805e-06},{"id":3,"time":0.00019567000000364487},{"id":4,"time":3.9448000002551e-05},{"id":5,"time":0.00025002800001061587},{"id":6,"time":1.53300000249601e-06},{"id":7,"time":4.4333999994705664e-05},{"id":8,"time":1.5130000008412026e-06},{"id":9,"time":6.081000002211567e-06},{"id":10,"time":0.00020204600000539585},{"id":11,"time":0.0007574500000018247},{"id":12,"time":1.523999998198633e-06},{"id":13,"time":4.216000000667464e-06}],"time":0.00156400600002371},{"entity":{"collection_id":3,"home":1,"seq_id":1572871,"index":[1,5],"migratable":true,"type":"object"},"node":1,"resource":"cpu","subphases":[{"id":0,"time":2.3179999999456413e-06},{"id":1,"time":4.766300000369483e-05},{"id":2,"time":6.5939999984721e-06},{"id":3,"time":0.0001865800000047102},{"id":4,"time":4.498400000585434e-05},{"id":5,"time":0.00025879199999678804},{"id":6,"time":1.5329999953905826e-06},{"id":7,"time":3.855900001070722e-05},{"id":8,"time":1.525000001834087e-06},{"id":9,"time":5.645999998193929e-06},{"id":10,"time":0.00021857599999464128},{"id":11,"time":0.0007470230000024003},{"id":12,"time":1.4750000048024958e-06},{"id":13,"time":3.4329999962778857e-06}],"time":0.0015756720000084101},{"entity":{"collection_id":3,"home":1,"seq_id":1048583,"index":[1,3],"migratable":true,"type":"object"},"node":1,"resource":"cpu","subphases":[{"id":0,"time":1.4589999963732225e-06},{"id":1,"time":3.7198000001126275e-05},{"id":2,"time":6.2290000002462875e-06},{"id":3,"time":0.00017803099999724736},{"id":4,"time":4.211799999609411e-05},{"id":5,"time":0.00025892200000043886},{"id":6,"time":1.4879999952199796e-06},{"id":7,"time":4.9722000007079714e-05},{"id":8,"time":1.499999996212864e-06},{"id":9,"time":5.091000005563728e-06},{"id":10,"time":0.0001946209999914572},{"id":11,"time":0.0007681060000024331},{"id":12,"time":1.5329999953905826e-06},{"id":13,"time":3.6540000039053666e-06}],"time":0.0015604959999890866},{"entity":{"collection_id":3,"home":1,"seq_id":262151,"index":[1,0],"migratable":true,"type":"object"},"node":1,"resource":"cpu","subphases":[{"id":0,"time":1.5919999967195508e-06},{"id":1,"time":3.5925000005931906e-05},{"id":2,"time":6.85000000544278e-06},{"id":3,"time":0.0002199850000152992},{"id":4,"time":4.4232000000477e-05},{"id":5,"time":0.0002831489999977066},{"id":6,"time":1.631000003499139e-06},{"id":7,"time":3.61259999905883e-05},{"id":8,"time":2.795000000332948e-06},{"id":9,"time":5.1130000073840165e-06},{"id":10,"time":0.00020418199999028275},{"id":11,"time":0.0007533990000112567},{"id":12,"time":1.5480000001844019e-06},{"id":13,"time":3.6770000022556815e-06}],"time":0.001608562000022573},{"entity":{"home":1,"seq_id":4325376028,"migratable":false,"objgroup_id":1081344003,"type":"object"},"node":1,"resource":"cpu","subphases":[{"id":0,"time":0.0018923670000461357}],"time":0.0018923670000461357},{"entity":{"home":1,"seq_id":4323278876,"migratable":false,"objgroup_id":1080819715,"type":"object"},"node":1,"resource":"cpu","time":0.0},{"entity":{"home":1,"seq_id":4322230300,"migratable":false,"objgroup_id":1080557571,"type":"object"},"node":1,"resource":"cpu","subphases":[{"id":0,"time":4.2320000019913095e-06}],"time":4.2320000019913095e-06},{"entity":{"home":1,"seq_id":5,"migratable":false,"type":"object"},"node":1,"resource":"cpu","subphases":[{"id":0,"time":0.0014318370000836467}],"time":0.0014318370000836467},{"entity":{"home":1,"seq_id":4304404508,"migratable":false,"objgroup_id":1076101123,"type":"object"},"node":1,"resource":"cpu","time":0.0},{"entity":{"collection_id":3,"home":1,"seq_id":1310727,"index":[1,4],"migratable":true,"type":"object"},"node":1,"resource":"cpu","subphases":[{"id":0,"time":1.8349999990618926e-06},{"id":1,"time":3.876999999619102e-05},{"id":2,"time":7.1449999978767664e-06},{"id":3,"time":0.00018751999999722102},{"id":4,"time":4.048600001738123e-05},{"id":5,"time":0.00029376499998789996},{"id":6,"time":1.4449999952148573e-06},{"id":7,"time":4.158199999437784e-05},{"id":8,"time":1.5249999947286597e-06},{"id":9,"time":5.1399999989598655e-06},{"id":10,"time":0.00019081199999959608},{"id":11,"time":0.0007351089999971805},{"id":12,"time":1.4860000021599262e-06},{"id":13,"time":3.7799999930143713e-06}],"time":0.0015588529999703837},{"entity":{"home":1,"seq_id":4308598812,"migratable":false,"objgroup_id":1077149699,"type":"object"},"node":1,"resource":"cpu","time":0.0},{"entity":{"collection_id":3,"home":1,"seq_id":1835015,"index":[1,6],"migratable":true,"type":"object"},"node":1,"resource":"cpu","subphases":[{"id":0,"time":1.9430000008924253e-06},{"id":1,"time":3.8918000001331166e-05},{"id":2,"time":8.132000004934525e-06},{"id":3,"time":0.00019831600000230765},{"id":4,"time":4.888600000896304e-05},{"id":5,"time":0.00024664599999368875},{"id":6,"time":1.5120000043111759e-06},{"id":7,"time":3.827199999761888e-05},{"id":8,"time":1.5929999932495775e-06},{"id":9,"time":6.395999996300361e-06},{"id":10,"time":0.00020842099999640595},{"id":11,"time":0.0007619810000036864},{"id":12,"time":1.612999994904385e-06},{"id":13,"time":3.695000003745008e-06}],"time":0.0015750490000101536},{"entity":{"home":1,"seq_id":4297064476,"migratable":false,"objgroup_id":1074266115,"type":"object"},"node":1,"resource":"cpu","time":0.0},{"entity":{"collection_id":3,"home":1,"seq_id":2097159,"index":[1,7],"migratable":true,"type":"object"},"node":1,"resource":"cpu","subphases":[{"id":0,"time":2.4639999978148808e-06},{"id":1,"time":3.819100000157505e-05},{"id":2,"time":9.216000002254532e-06},{"id":3,"time":0.00021182399999730706},{"id":4,"time":8.687400000439993e-05},{"id":5,"time":0.00029418699998728925},{"id":6,"time":1.4900000024908877e-06},{"id":7,"time":3.754300000480271e-05},{"id":8,"time":1.5130000008412026e-06},{"id":9,"time":4.97799999976678e-06},{"id":10,"time":0.00020404800000051182},{"id":11,"time":0.0007734359999957974},{"id":12,"time":1.5190000013376448e-06},{"id":13,"time":4.154999999173015e-06}],"time":0.0016911020000023314},{"entity":{"collection_id":3,"home":1,"seq_id":524295,"index":[1,1],"migratable":true,"type":"object"},"node":1,"resource":"cpu","subphases":[{"id":0,"time":1.8960000005563415e-06},{"id":1,"time":5.094399999450161e-05},{"id":2,"time":1.4815000000112377e-05},{"id":3,"time":0.00019993199999390754},{"id":4,"time":5.758399999677977e-05},{"id":5,"time":0.000265401999996584},{"id":6,"time":2.901000001998e-06},{"id":7,"time":5.5928999998400286e-05},{"id":8,"time":1.5739999952302242e-06},{"id":9,"time":9.55800000213003e-06},{"id":10,"time":0.0002473819999906368},{"id":11,"time":0.0007817910000014194},{"id":12,"time":3.476999999918462e-06},{"id":13,"time":5.850000007967537e-06}],"time":0.0017108879999838678}]}],"type":"LBDatafile"}