{"phases":[{"communications":[{"bytes":45455.0,"from":{"collection_id":3,"home":3,"id":1310735,"index":[3,4],"migratable":true,"type":"object"},"messages":25,"to":{"home":3,"id":4325376060,"migratable":false,"objgroup_id":1081344003,"type":"object"},"type":"SendRecv"},{"bytes":212.0,"from":{"home":3,"id":4325376060,"migratable":false,"objgroup_id":1081344003,"type":"object"},"messages":1,"to":{"collection_id":3,"home":3,"id":1310735,"index":[3,4],"migratable":true,"type":"object"},"type":"SendRecv"},{"bytes":376.0,"from":{"home":0,"id":1,"migratable":false,"type":"object"},"messages":2,"to":{"collection_id":3,"home":3,"id":1310735,"index":[3,4],"migratable":true,"type":"object"},"type":"Broadcast"},{"bytes":47327.0,"from":{"collection_id":3,"home":3,"id":786447,"index":[3,2],"migratable":true,"type":"object"},"messages":25,"to":{"home":3,"id":4325376060,"migratable":false,"objgroup_id":1081344003,"type":"object"},"type":"SendRecv"},{"bytes":212.0,"from":{"home":3,"id":4325376060,"migratable":false,"objgroup_id":1081344003,"type":"object"},"messages":1,"to":{"collection_id":3,"home":3,"id":786447,"index":[3,2],"migratable":true,"type":"object"},"type":"SendRecv"},{"bytes":376.0,"from":{"home":0,"id":1,"migratable":false,"type":"object"},"messages":2,"to":{"collection_id":3,"home":3,"id":786447,"index":[3,2],"migratable":true,"type":"object"},"type":"Broadcast"},{"bytes":53991.0,"from":{"collection_id":3,"home":3,"id":1572879,"index":[3,5],"migratable":true,"type":"object"},"messages":25,"to":{"home":3,"id":4325376060,"migratable":false,"objgroup_id":1081344003,"type":"object"},"type":"SendRecv"},{"bytes":212.0,"from":{"home":3,"id":4325376060,"migratable":false,"objgroup_id":1081344003,"type":"object"},"messages":1,"to":{"collection_id":3,"home":3,"id":1572879,"index":[3,5],"migratable":true,"type":"object"},"type":"SendRecv"},{"bytes":376.0,"from":{"home":0,"id":1,"migratable":false,"type":"object"},"messages":2,"to":{"collection_id":3,"home":3,"id":1572879,"index":[3,5],"migratable":true,"type":"object"},"type":"Broadcast"},{"bytes":212.0,"from":{"home":3,"id":4325376060,"migratable":false,"objgroup_id":1081344003,"type":"object"},"messages":1,"to":{"collection_id":3,"home":3,"id":1835023,"index":[3,6],"migratable":true,"type":"object"},"type":"SendRecv"},{"bytes":44831.0,"from":{"collection_id":3,"home":3,"id":1835023,"index":[3,6],"migratable":true,"type":"object"},"messages":25,"to":{"home":3,"id":4325376060,"migratable":false,"objgroup_id":1081344003,"type":"object"},"type":"SendRecv"},{"bytes":376.0,"from":{"home":0,"id":1,"migratable":false,"type":"object"},"messages":2,"to":{"collection_id":3,"home":3,"id":524303,"index":[3,1],"migratable":true,"type":"object"},"type":"Broadcast"},{"bytes":376.0,"from":{"home":0,"id":1,"migratable":false,"type":"object"},"messages":2,"to":{"collection_id":3,"home":3,"id":1835023,"index":[3,6],"migratable":true,"type":"object"},"type":"Broadcast"},{"bytes":576.0,"from":{"home":3,"id":13,"migratable":false,"type":"object"},"messages":7,"to":{"home":7,"id":29,"migratable":false,"type":"object"},"type":"SendRecv"},{"bytes":9432.0,"from":{"home":3,"id":13,"migratable":false,"type":"object"},"messages":122,"to":{"home":1,"id":5,"migratable":false,"type":"object"},"type":"SendRecv"},{"bytes":168.0,"from":{"collection_id":3,"home":3,"id":1310735,"index":[3,4],"migratable":true,"type":"object"},"messages":1,"to":{"collection_id":3,"home":3,"id":1310735,"index":[3,4],"migratable":true,"type":"object"},"type":"SendRecv"},{"bytes":168.0,"from":{"collection_id":3,"home":3,"id":786447,"index":[3,2],"migratable":true,"type":"object"},"messages":1,"to":{"collection_id":3,"home":3,"id":786447,"index":[3,2],"migratable":true,"type":"object"},"type":"SendRecv"},{"bytes":168.0,"from":{"collection_id":3,"home":3,"id":1572879,"index":[3,5],"migratable":true,"type":"object"},"messages":1,"to":{"collection_id":3,"home":3,"id":1572879,"index":[3,5],"migratable":true,"type":"object"},"type":"SendRecv"},{"bytes":168.0,"from":{"collection_id":3,"home":3,"id":262159,"index":[3,0],"migratable":true,"type":"object"},"messages":1,"to":{"collection_id":3,"home":3,"id":262159,"index":[3,0],"migratable":true,"type":"object"},"type":"SendRecv"},{"bytes":168.0,"from":{"collection_id":3,"home":3,"id":1835023,"index":[3,6],"migratable":true,"type":"object"},"messages":1,"to":{"collection_id":3,"home":3,"id":1835023,"index":[3,6],"migratable":true,"type":"object"},"type":"SendRecv"},{"bytes":168.0,"from":{"collection_id":3,"home":3,"id":2097167,"index":[3,7],"migratable":true,"type":"object"},"messages":1,"to":{"collection_id":3,"home":3,"id":2097167,"index":[3,7],"migratable":true,"type":"object"},"type":"SendRecv"},{"bytes":168.0,"from":{"collection_id":3,"home":3,"id":524303,"index":[3,1],"migratable":true,"type":"object"},"messages":1,"to":{"collection_id":3,"home":3,"id":524303,"index":[3,1],"migratable":true,"type":"object"},"type":"SendRecv"},{"bytes":168.0,"from":{"collection_id":3,"home":3,"id":1048591,"index":[3,3],"migratable":true,"type":"object"},"messages":1,"to":{"collection_id":3,"home":3,"id":1048591,"index":[3,3],"migratable":true,"type":"object"},"type":"SendRecv"},{"bytes":51911.0,"from":{"collection_id":3,"home":3,"id":2097167,"index":[3,7],"migratable":true,"type":"object"},"messages":25,"to":{"home":3,"id":4325376060,"migratable":false,"objgroup_id":1081344003,"type":"object"},"type":"SendRecv"},{"bytes":212.0,"from":{"home":3,"id":4325376060,"migratable":false,"objgroup_id":1081344003,"type":"object"},"messages":1,"to":{"collection_id":3,"home":3,"id":2097167,"index":[3,7],"migratable":true,"type":"object"},"type":"SendRecv"},{"bytes":576.0,"from":{"home":3,"id":13,"migratable":false,"type":"object"},"messages":7,"to":{"home":8,"id":33,"migratable":false,"type":"object"},"type":"SendRecv"},{"bytes":212.0,"from":{"home":3,"id":4325376060,"migratable":false,"objgroup_id":1081344003,"type":"object"},"messages":1,"to":{"collection_id":3,"home":3,"id":524303,"index":[3,1],"migratable":true,"type":"object"},"type":"SendRecv"},{"bytes":20567.0,"from":{"collection_id":3,"home":3,"id":524303,"index":[3,1],"migratable":true,"type":"object"},"messages":25,"to":{"home":3,"id":4325376060,"migratable":false,"objgroup_id":1081344003,"type":"object"},"type":"SendRecv"},{"bytes":376.0,"from":{"home":0,"id":1,"migratable":false,"type":"object"},"messages":2,"to":{"collection_id":3,"home":3,"id":1048591,"index":[3,3],"migratable":true,"type":"object"},"type":"Broadcast"},{"bytes":17751.0,"from":{"collection_id":3,"home":3,"id":262159,"index":[3,0],"migratable":true,"type":"object"},"messages":25,"to":{"home":3,"id":4325376060,"migratable":false,"objgroup_id":1081344003,"type":"object"},"type":"SendRecv"},{"bytes":212.0,"from":{"home":3,"id":4325376060,"migratable":false,"objgroup_id":1081344003,"type":"object"},"messages":1,"to":{"collection_id":3,"home":3,"id":262159,"index":[3,0],"migratable":true,"type":"object"},"type":"SendRecv"},{"bytes":376.0,"from":{"home":0,"id":1,"migratable":false,"type":"object"},"messages":2,"to":{"collection_id":3,"home":3,"id":2097167,"index":[3,7],"migratable":true,"type":"object"},"type":"Broadcast"},{"bytes":212.0,"from":{"home":3,"id":4325376060,"migratable":false,"objgroup_id":1081344003,"type":"object"},"messages":1,"to":{"collection_id":3,"home":3,"id":1048591,"index":[3,3],"migratable":true,"type":"object"},"type":"SendRecv"},{"bytes":56343.0,"from":{"collection_id":3,"home":3,"id":1048591,"index":[3,3],"migratable":true,"type":"object"},"messages":25,"to":{"home":3,"id":4325376060,"migratable":false,"objgroup_id":1081344003,"type":"object"},"type":"SendRecv"},{"bytes":376.0,"from":{"home":0,"id":1,"migratable":false,"type":"object"},"messages":2,"to":{"collection_id":3,"home":3,"id":262159,"index":[3,0],"migratable":true,"type":"object"},"type":"Broadcast"},{"bytes":168.0,"from":{"collection_id":3,"home":3,"id":262159,"index":[3,0],"migratable":true,"type":"object"},"messages":1,"to":{"home":3,"id":4322230332,"migratable":false,"objgroup_id":1080557571,"type":"object"},"type":"SendRecv"}],"id":8,"tasks":[{"entity":{"collection_id":3,"home":3,"id":786447,"index":[3,2],"migratable":true,"type":"object"},"node":3,"resource":"cpu","subphases":[{"id":0,"time":2.260000002252127e-06},{"id":1,"time":4.294499998991341e-05},{"id":2,"time":8.456999999850723e-06},{"id":3,"time":0.00020264899999489216},{"id":4,"time":3.992699999599836e-05},{"id":5,"time":0.00025470299998886503},{"id":6,"time":1.6999999985500835e-06},{"id":7,"time":4.3236999999862746e-05},{"id":8,"time":1.6909999942527065e-06},{"id":9,"time":6.266000006860395e-06},{"id":10,"time":0.00021060099999914428},{"id":11,"time":0.0007621779999880118},{"id":12,"time":1.6640000026768575e-06},{"id":13,"time":4.1670000072713265e-06}],"time":0.001593717999973876},{"entity":{"collection_id":3,"home":3,"id":1572879,"index":[3,5],"migratable":true,"type":"object"},"node":3,"resource":"cpu","subphases":[{"id":0,"time":1.5730000058056248e-06},{"id":1,"time":4.01179999940382e-05},{"id":2,"time":7.273000008467534e-06},{"id":3,"time":0.0002182110000035209},{"id":4,"time":4.381600000868957e-05},{"id":5,"time":0.00026845199999314673},{"id":6,"time":1.518000004807618e-06},{"id":7,"time":4.081599998784213e-05},{"id":8,"time":1.5709999985347167e-06},{"id":9,"time":5.781999995235765e-06},{"id":10,"time":0.00021799200000316432},{"id":11,"time":0.0007892669999947088},{"id":12,"time":1.6320000000291657e-06},{"id":13,"time":3.5680000110005494e-06}],"time":0.0016534670000112328},{"entity":{"collection_id":3,"home":3,"id":262159,"index":[3,0],"migratable":true,"type":"object"},"node":3,"resource":"cpu","subphases":[{"id":0,"time":2.3099999992837184e-06},{"id":1,"time":3.78650000030234e-05},{"id":2,"time":7.401999994272046e-06},{"id":3,"time":0.00021103400000299644},{"id":4,"time":5.187499999692591e-05},{"id":5,"time":0.0002721430000036662},{"id":6,"time":1.560999997707313e-06},{"id":7,"time":3.708300000226927e-05},{"id":8,"time":1.6420000008565694e-06},{"id":9,"time":5.7210000079521706e-06},{"id":10,"time":0.00021093699999852333},{"id":11,"time":0.0007558060000008027},{"id":12,"time":1.5809999993621204e-06},{"id":13,"time":3.579999997782579e-06}],"time":0.001610006000007047},{"entity":{"home":3,"id":4325376060,"migratable":false,"objgroup_id":1081344003,"type":"object"},"node":3,"resource":"cpu","subphases":[{"id":0,"time":0.002048715999926287}],"time":0.002048715999926287},{"entity":{"collection_id":3,"home":3,"id":1048591,"index":[3,3],"migratable":true,"type":"object"},"node":3,"resource":"cpu","subphases":[{"id":0,"time":1.7999999997186933e-06},{"id":1,"time":3.8624000005427206e-05},{"id":2,"time":6.971000004796224e-06},{"id":3,"time":0.00021216399999701707},{"id":4,"time":6.139300000285175e-05},{"id":5,"time":0.0002820000000056666},{"id":6,"time":1.5669999982037552e-06},{"id":7,"time":3.833400000274878e-05},{"id":8,"time":1.5460000000189211e-06},{"id":9,"time":5.167000004746569e-06},{"id":10,"time":0.00021493299999519877},{"id":11,"time":0.0008011760000030677},{"id":12,"time":1.5789999991966397e-06},{"id":13,"time":3.7100000014334e-06}],"time":0.001682184000017628},{"entity":{"home":3,"id":4322230332,"migratable":false,"objgroup_id":1080557571,"type":"object"},"node":3,"resource":"cpu","subphases":[{"id":0,"time":4.2469999996797014e-06}],"time":4.2469999996797014e-06},{"entity":{"home":3,"id":13,"migratable":false,"type":"object"},"node":3,"resource":"cpu","subphases":[{"id":0,"time":0.0014234389999998598}],"time":0.0014234389999998598},{"entity":{"collection_id":3,"home":3,"id":1835023,"index":[3,6],"migratable":true,"type":"object"},"node":3,"resource":"cpu","subphases":[{"id":0,"time":1.5600000011772863e-06},{"id":1,"time":4.000400000592208e-05},{"id":2,"time":9.14499999993268e-06},{"id":3,"time":0.00019682099999585034},{"id":4,"time":5.393799999353632e-05},{"id":5,"time":0.0002561290000073768},{"id":6,"time":1.5649999980382745e-06},{"id":7,"time":4.1276999986905594e-05},{"id":8,"time":1.6170000023407738e-06},{"id":9,"time":6.5830000011146694e-06},{"id":10,"time":0.00022299799999103698},{"id":11,"time":0.0007858849999919926},{"id":12,"time":1.6440000010220501e-06},{"id":13,"time":4.031000003124063e-06}],"time":0.001632586999981811},{"entity":{"collection_id":3,"home":3,"id":1310735,"index":[3,4],"migratable":true,"type":"object"},"node":3,"resource":"cpu","subphases":[{"id":0,"time":2.057999999749427e-06},{"id":1,"time":3.968299999712599e-05},{"id":2,"time":7.318999998062736e-06},{"id":3,"time":0.00020652300000989499},{"id":4,"time":4.9631000003103054e-05},{"id":5,"time":0.0002953360000006455},{"id":6,"time":1.5349999955560634e-06},{"id":7,"time":4.0303999995217055e-05},{"id":8,"time":1.7380000016942176e-06},{"id":9,"time":5.610000002320703e-06},{"id":10,"time":0.00021748099999996384},{"id":11,"time":0.0007637010000038913},{"id":12,"time":1.5439999998534404e-06},{"id":13,"time":3.939999999147403e-06}],"time":0.0016453620000049796},{"entity":{"home":3,"id":4304404540,"migratable":false,"objgroup_id":1076101123,"type":"object"},"node":3,"resource":"cpu","time":0.0},{"entity":{"home":3,"id":4308598844,"migratable":false,"objgroup_id":1077149699,"type":"object"},"node":3,"resource":"cpu","time":0.0},{"entity":{"home":3,"id":4297064508,"migratable":false,"objgroup_id":1074266115,"type":"object"},"node":3,"resource":"cpu","time":0.0},{"entity":{"home":3,"id":4323278908,"migratable":false,"objgroup_id":1080819715,"type":"object"},"node":3,"resource":"cpu","time":0.0},{"entity":{"collection_id":3,"home":3,"id":2097167,"index":[3,7],"migratable":true,"type":"object"},"node":3,"resource":"cpu","subphases":[{"id":0,"time":2.7359999990039796e-06},{"id":1,"time":3.888199999835251e-05},{"id":2,"time":9.714000000826672e-06},{"id":3,"time":0.00023419400000079804},{"id":4,"time":9.351899998932822e-05},{"id":5,"time":0.0003076469999996334},{"id":6,"time":1.5980000043214204e-06},{"id":7,"time":4.6999999995023245e-05},{"id":8,"time":1.5719999950647434e-06},{"id":9,"time":5.242000000293956e-06},{"id":10,"time":0.00020052699999695278},{"id":11,"time":0.0007807009999964976},{"id":12,"time":1.5249999947286597e-06},{"id":13,"time":4.746000001887296e-06}],"time":0.0017511449999787487},{"entity":{"collection_id":3,"home":3,"id":524303,"index":[3,1],"migratable":true,"type":"object"},"node":3,"resource":"cpu","subphases":[{"id":0,"time":2.0100000028833165e-06},{"id":1,"time":5.3408000006527345e-05},{"id":2,"time":1.7495000001588323e-05},{"id":3,"time":0.00020027199999361756},{"id":4,"time":3.88340000014864e-05},{"id":5,"time":0.00025593099999809965},{"id":6,"time":3.3990000005701404e-06},{"id":7,"time":5.469799999247016e-05},{"id":8,"time":3.3199999975863648e-06},{"id":9,"time":1.0306000007176408e-05},{"id":10,"time":0.0002326629999984675},{"id":11,"time":0.0007892590000011523},{"id":12,"time":3.3359999989102107e-06},{"id":13,"time":6.561000006399809e-06}],"time":0.0016836539999971478}]},{"communications":[{"bytes":45455.0,"from":{"collection_id":3,"home":3,"id":1310735,"index":[3,4],"migratable":true,"type":"object"},"messages":25,"to":{"home":3,"id":4325376060,"migratable":false,"objgroup_id":1081344003,"type":"object"},"type":"SendRecv"},{"bytes":212.0,"from":{"home":3,"id":4325376060,"migratable":false,"objgroup_id":1081344003,"type":"object"},"messages":1,"to":{"collection_id":3,"home":3,"id":1310735,"index":[3,4],"migratable":true,"type":"object"},"type":"SendRecv"},{"bytes":376.0,"from":{"home":0,"id":1,"migratable":false,"type":"object"},"messages":2,"to":{"collection_id":3,"home":3,"id":1310735,"index":[3,4],"migratable":true,"type":"object"},"type":"Broadcast"},{"bytes":212.0,"from":{"home":3,"id":4325376060,"migratable":false,"objgroup_id":1081344003,"type":"object"},"messages":1,"to":{"collection_id":3,"home":3,"id":1835023,"index":[3,6],"migratable":true,"type":"object"},"type":"SendRecv"},{"bytes":44831.0,"from":{"collection_id":3,"home":3,"id":1835023,"index":[3,6],"migratable":true,"type":"object"},"messages":25,"to":{"home":3,"id":4325376060,"migratable":false,"objgroup_id":1081344003,"type":"object"},"type":"SendRecv"},{"bytes":376.0,"from":{"home":0,"id":1,"migratable":false,"type":"object"},"messages":2,"to":{"collection_id":3,"home":3,"id":1835023,"index":[3,6],"migratable":true,"type":"object"},"type":"Broadcast"},{"bytes":168.0,"from":{"collection_id":3,"home":3,"id":1835023,"index":[3,6],"migratable":true,"type":"object"},"messages":1,"to":{"home":3,"id":4322230332,"migratable":false,"objgroup_id":1080557571,"type":"object"},"type":"SendRecv"},{"bytes":17751.0,"from":{"collection_id":3,"home":3,"id":262159,"index":[3,0],"migratable":true,"type":"object"},"messages":25,"to":{"home":3,"id":4325376060,"migratable":false,"objgroup_id":1081344003,"type":"object"},"type":"SendRecv"},{"bytes":212.0,"from":{"home":3,"id":4325376060,"migratable":false,"objgroup_id":1081344003,"type":"object"},"messages":1,"to":{"collection_id":3,"home":3,"id":262159,"index":[3,0],"migratable":true,"type":"object"},"type":"SendRecv"},{"bytes":376.0,"from":{"home":0,"id":1,"migratable":false,"type":"object"},"messages":2,"to":{"collection_id":3,"home":3,"id":262159,"index":[3,0],"migratable":true,"type":"object"},"type":"Broadcast"},{"bytes":212.0,"from":{"home":3,"id":4325376060,"migratable":false,"objgroup_id":1081344003,"type":"object"},"messages":1,"to":{"collection_id":3,"home":3,"id":1572879,"index":[3,5],"migratable":true,"type":"object"},"type":"SendRecv"},{"bytes":53991.0,"from":{"collection_id":3,"home":3,"id":1572879,"index":[3,5],"migratable":true,"type":"object"},"messages":25,"to":{"home":3,"id":4325376060,"migratable":false,"objgroup_id":1081344003,"type":"object"},"type":"SendRecv"},{"bytes":376.0,"from":{"home":0,"id":1,"migratable":false,"type":"object"},"messages":2,"to":{"collection_id":3,"home":3,"id":1572879,"index":[3,5],"migratable":true,"type":"object"},"type":"Broadcast"},{"bytes":212.0,"from":{"home":3,"id":4325376060,"migratable":false,"objgroup_id":1081344003,"type":"object"},"messages":1,"to":{"collection_id":3,"home":3,"id":786447,"index":[3,2],"migratable":true,"type":"object"},"type":"SendRecv"},{"bytes":47327.0,"from":{"collection_id":3,"home":3,"id":786447,"index":[3,2],"migratable":true,"type":"object"},"messages":25,"to":{"home":3,"id":4325376060,"migratable":false,"objgroup_id":1081344003,"type":"object"},"type":"SendRecv"},{"bytes":168.0,"from":{"collection_id":3,"home":3,"id":1310735,"index":[3,4],"migratable":true,"type":"object"},"messages":1,"to":{"collection_id":3,"home":3,"id":1310735,"index":[3,4],"migratable":true,"type":"object"},"type":"SendRecv"},{"bytes":168.0,"from":{"collection_id":3,"home":3,"id":1835023,"index":[3,6],"migratable":true,"type":"object"},"messages":1,"to":{"collection_id":3,"home":3,"id":1835023,"index":[3,6],"migratable":true,"type":"object"},"type":"SendRecv"},{"bytes":168.0,"from":{"collection_id":3,"home":3,"id":262159,"index":[3,0],"migratable":true,"type":"object"},"messages":1,"to":{"collection_id":3,"home":3,"id":262159,"index":[3,0],"migratable":true,"type":"object"},"type":"SendRecv"},{"bytes":168.0,"from":{"collection_id":3,"home":3,"id":1572879,"index":[3,5],"migratable":true,"type":"object"},"messages":1,"to":{"collection_id":3,"home":3,"id":1572879,"index":[3,5],"migratable":true,"type":"object"},"type":"SendRecv"},{"bytes":168.0,"from":{"collection_id":3,"home":3,"id":2097167,"index":[3,7],"migratable":true,"type":"object"},"messages":1,"to":{"collection_id":3,"home":3,"id":2097167,"index":[3,7],"migratable":true,"type":"object"},"type":"SendRecv"},{"bytes":168.0,"from":{"collection_id":3,"home":3,"id":786447,"index":[3,2],"migratable":true,"type":"object"},"messages":1,"to":{"collection_id":3,"home":3,"id":786447,"index":[3,2],"migratable":true,"type":"object"},"type":"SendRecv"},{"bytes":168.0,"from":{"collection_id":3,"home":3,"id":524303,"index":[3,1],"migratable":true,"type":"object"},"messages":1,"to":{"collection_id":3,"home":3,"id":524303,"index":[3,1],"migratable":true,"type":"object"},"type":"SendRecv"},{"bytes":168.0,"from":{"collection_id":3,"home":3,"id":1048591,"index":[3,3],"migratable":true,"type":"object"},"messages":1,"to":{"collection_id":3,"home":3,"id":1048591,"index":[3,3],"migratable":true,"type":"object"},"type":"SendRecv"},{"bytes":576.0,"from":{"home":3,"id":13,"migratable":false,"type":"object"},"messages":7,"to":{"home":7,"id":29,"migratable":false,"type":"object"},"type":"SendRecv"},{"bytes":9576.0,"from":{"home":3,"id":13,"migratable":false,"type":"object"},"messages":124,"to":{"home":1,"id":5,"migratable":false,"type":"object"},"type":"SendRecv"},{"bytes":51911.0,"from":{"collection_id":3,"home":3,"id":2097167,"index":[3,7],"migratable":true,"type":"object"},"messages":25,"to":{"home":3,"id":4325376060,"migratable":false,"objgroup_id":1081344003,"type":"object"},"type":"SendRecv"},{"bytes":212.0,"from":{"home":3,"id":4325376060,"migratable":false,"objgroup_id":1081344003,"type":"object"},"messages":1,"to":{"collection_id":3,"home":3,"id":2097167,"index":[3,7],"migratable":true,"type":"object"},"type":"SendRecv"},{"bytes":576.0,"from":{"home":3,"id":13,"migratable":false,"type":"object"},"messages":7,"to":{"home":8,"id":33,"migratable":false,"type":"object"},"type":"SendRecv"},{"bytes":376.0,"from":{"home":0,"id":1,"migratable":false,"type":"object"},"messages":2,"to":{"collection_id":3,"home":3,"id":786447,"index":[3,2],"migratable":true,"type":"object"},"type":"Broadcast"},{"bytes":376.0,"from":{"home":0,"id":1,"migratable":false,"type":"object"},"messages":2,"to":{"collection_id":3,"home":3,"id":524303,"index":[3,1],"migratable":true,"type":"object"},"type":"Broadcast"},{"bytes":212.0,"from":{"home":3,"id":4325376060,"migratable":false,"objgroup_id":1081344003,"type":"object"},"messages":1,"to":{"collection_id":3,"home":3,"id":524303,"index":[3,1],"migratable":true,"type":"object"},"type":"SendRecv"},{"bytes":20567.0,"from":{"collection_id":3,"home":3,"id":524303,"index":[3,1],"migratable":true,"type":"object"},"messages":25,"to":{"home":3,"id":4325376060,"migratable":false,"objgroup_id":1081344003,"type":"object"},"type":"SendRecv"},{"bytes":376.0,"from":{"home":0,"id":1,"migratable":false,"type":"object"},"messages":2,"to":{"collection_id":3,"home":3,"id":1048591,"index":[3,3],"migratable":true,"type":"object"},"type":"Broadcast"},{"bytes":56343.0,"from":{"collection_id":3,"home":3,"id":1048591,"index":[3,3],"migratable":true,"type":"object"},"messages":25,"to":{"home":3,"id":4325376060,"migratable":false,"objgroup_id":1081344003,"type":"object"},"type":"SendRecv"},{"bytes":376.0,"from":{"home":0,"id":1,"migratable":false,"type":"object"},"messages":2,"to":{"collection_id":3,"home":3,"id":2097167,"index":[3,7],"migratable":true,"type":"object"},"type":"Broadcast"},{"bytes":212.0,"from":{"home":3,"id":4325376060,"migratable":false,"objgroup_id":1081344003,"type":"object"},"messages":1,"to":{"collection_id":3,"home":3,"id":1048591,"index":[3,3],"migratable":true,"type":"object"},"type":"SendRecv"}],"id":9,"tasks":[{"entity":{"collection_id":3,"home":3,"id":1835023,"index":[3,6],"migratable":true,"type":"object"},"node":3,"resource":"cpu","subphases":[{"id":0,"time":1.5779999955611856e-06},{"id":1,"time":4.0758000004359474e-05},{"id":2,"time":8.61400000218282e-06},{"id":3,"time":0.00017576400001217962},{"id":4,"time":6.320000000670234e-05},{"id":5,"time":0.0002661969999877556},{"id":6,"time":1.5720000021701708e-06},{"id":7,"time":4.2369000006203805e-05},{"id":8,"time":1.5560000008463248e-06},{"id":9,"time":6.9409999952085855e-06},{"id":10,"time":0.0002221019999950613},{"id":11,"time":0.0007811490000051435},{"id":12,"time":1.650999998048519e-06},{"id":13,"time":3.93199999848548e-06}],"time":0.001628418000002796},{"entity":{"collection_id":3,"home":3,"id":262159,"index":[3,0],"migratable":true,"type":"object"},"node":3,"resource":"cpu","subphases":[{"id":0,"time":1.4470000024857654e-06},{"id":1,"time":3.7147999996989256e-05},{"id":2,"time":7.30900000434076e-06},{"id":3,"time":0.00020314799998999433},{"id":4,"time":5.50800000027607e-05},{"id":5,"time":0.000276393999989466},{"id":6,"time":1.6839999972262376e-06},{"id":7,"time":3.7458999997852516e-05},{"id":8,"time":1.773000001037417e-06},{"id":9,"time":9.796000000505956e-06},{"id":10,"time":0.00025137200000102666},{"id":11,"time":0.000751849999993226},{"id":12,"time":1.5950000005204856e-06},{"id":13,"time":3.632999998615105e-06}],"time":0.0016502989999835904},{"entity":{"collection_id":3,"home":3,"id":524303,"index":[3,1],"migratable":true,"type":"object"},"node":3,"resource":"cpu","subphases":[{"id":0,"time":2.2960000052307805e-06},{"id":1,"time":5.394400000824362e-05},{"id":2,"time":1.6925999993588903e-05},{"id":3,"time":0.00021694499999114214},{"id":4,"time":5.056999999908385e-05},{"id":5,"time":0.00026289999999562497},{"id":6,"time":3.33399999874473e-06},{"id":7,"time":5.385499999732701e-05},{"id":8,"time":3.817999996158505e-06},{"id":9,"time":5.902000005164609e-06},{"id":10,"time":0.00025177100000206565},{"id":11,"time":0.0007871900000040455},{"id":12,"time":3.2549999957609543e-06},{"id":13,"time":6.229999996776314e-06}],"time":0.0017319569999827422},{"entity":{"home":3,"id":4325376060,"migratable":false,"objgroup_id":1081344003,"type":"object"},"node":3,"resource":"cpu","subphases":[{"id":0,"time":0.0020298530000175674}],"time":0.0020298530000175674},{"entity":{"collection_id":3,"home":3,"id":1048591,"index":[3,3],"migratable":true,"type":"object"},"node":3,"resource":"cpu","subphases":[{"id":0,"time":2.2110000017505627e-06},{"id":1,"time":3.8228000008189156e-05},{"id":2,"time":6.960999996863393e-06},{"id":3,"time":0.00021588900001034972},{"id":4,"time":5.395399999486017e-05},{"id":5,"time":0.0002860899999959088},{"id":6,"time":1.5740000023356515e-06},{"id":7,"time":3.8279000001750774e-05},{"id":8,"time":1.6870000010271724e-06},{"id":9,"time":6.9939999960411114e-06},{"id":10,"time":0.00023438800000263882},{"id":11,"time":0.0007725270000022988},{"id":12,"time":1.5930000003550049e-06},{"id":13,"time":3.6160000007612325e-06}],"time":0.0016739550000153258},{"entity":{"home":3,"id":4322230332,"migratable":false,"objgroup_id":1080557571,"type":"object"},"node":3,"resource":"cpu","subphases":[{"id":0,"time":4.9080000010803815e-06}],"time":4.9080000010803815e-06},{"entity":{"home":3,"id":13,"migratable":false,"type":"object"},"node":3,"resource":"cpu","subphases":[{"id":0,"time":0.0014834069999452026}],"time":0.0014834069999452026},{"entity":{"collection_id":3,"home":3,"id":786447,"index":[3,2],"migratable":true,"type":"object"},"node":3,"resource":"cpu","subphases":[{"id":0,"time":1.5280000056350218e-06},{"id":1,"time":4.226399999396335e-05},{"id":2,"time":8.119999996836214e-06},{"id":3,"time":0.00019836399999206833},{"id":4,"time":3.912199999689392e-05},{"id":5,"time":0.0002747940000062954},{"id":6,"time":1.6810000005307302e-06},{"id":7,"time":4.019899999008203e-05},{"id":8,"time":1.8070000038505896e-06},{"id":9,"time":5.590000007771323e-06},{"id":10,"time":0.00021768300000246654},{"id":11,"time":0.0007658139999975333},{"id":12,"time":1.6239999993672427e-06},{"id":13,"time":4.355999998040261e-06}],"time":0.0016124919999924714},{"entity":{"collection_id":3,"home":3,"id":1310735,"index":[3,4],"migratable":true,"type":"object"},"node":3,"resource":"cpu","subphases":[{"id":0,"time":2.5559999983215675e-06},{"id":1,"time":3.949599999941711e-05},{"id":2,"time":7.035999999516207e-06},{"id":3,"time":0.00021566899999925226},{"id":4,"time":5.064300000867661e-05},{"id":5,"time":0.00028946900000192954},{"id":6,"time":1.578000002666613e-06},{"id":7,"time":4.061700000335122e-05},{"id":8,"time":1.5299999986950752e-06},{"id":9,"time":5.565999998680127e-06},{"id":10,"time":0.0002235699999957319},{"id":11,"time":0.0007713269999882755},{"id":12,"time":1.5060000038147336e-06},{"id":13,"time":3.766000006066861e-06}],"time":0.0016648309999993671},{"entity":{"home":3,"id":4304404540,"migratable":false,"objgroup_id":1076101123,"type":"object"},"node":3,"resource":"cpu","time":0.0},{"entity":{"home":3,"id":4308598844,"migratable":false,"objgroup_id":1077149699,"type":"object"},"node":3,"resource":"cpu","time":0.0},{"entity":{"home":3,"id":4297064508,"migratable":false,"objgroup_id":1074266115,"type":"object"},"node":3,"resource":"cpu","time":0.0},{"entity":{"collection_id":3,"home":3,"id":1572879,"index":[3,5],"migratable":true,"type":"object"},"node":3,"resource":"cpu","subphases":[{"id":0,"time":1.507999996874787e-06},{"id":1,"time":4.015699999371236e-05},{"id":2,"time":6.807999994862257e-06},{"id":3,"time":0.0002072389999909774},{"id":4,"time":4.55329999979881e-05},{"id":5,"time":0.00028478599999459675},{"id":6,"time":1.6370000039955812e-06},{"id":7,"time":3.707799999830286e-05},{"id":8,"time":1.5660000016737285e-06},{"id":9,"time":5.435999995029306e-06},{"id":10,"time":0.00021126999999410145},{"id":11,"time":0.0007886730000095099},{"id":12,"time":1.5419999996879596e-06},{"id":13,"time":3.631999994979651e-06}],"time":0.0016468589999689698},{"entity":{"home":3,"id":4323278908,"migratable":false,"objgroup_id":1080819715,"type":"object"},"node":3,"resource":"cpu","time":0.0},{"entity":{"collection_id":3,"home":3,"id":2097167,"index":[3,7],"migratable":true,"type":"object"},"node":3,"resource":"cpu","subphases":[{"id":0,"time":2.040999994790127e-06},{"id":1,"time":3.927400000236503e-05},{"id":2,"time":9.04499999876407e-06},{"id":3,"time":0.00021065100001038672},{"id":4,"time":9.167600001092069e-05},{"id":5,"time":0.000291912000008665},{"id":6,"time":1.721000003840345e-06},{"id":7,"time":4.1314000007730556e-05},{"id":8,"time":1.6679999959023917e-06},{"id":9,"time":5.111999996643135e-06},{"id":10,"time":0.00021058500000492586},{"id":11,"time":0.0007852300000052992},{"id":12,"time":1.6259999995327235e-06},{"id":13,"time":4.334000010430827e-06}],"time":0.0017253190000516838}]}],"type":"LBDatafile"}